Script started on Sun 18 Mar 2018 12:38:26 PM UTC
]0;kivy@kivyvm: ~/Projects/CalcGame[01;32mkivy@kivyvm[00m:[01;34m~/Projects/CalcGame[00m$ exitbuildozer android logcat
[39m[0m[36m# Check configuration tokens[39m[0m
[39m[0m[36m# Ensure build layout[39m[0m
[39m[0m[36m# Check configuration tokens[39m[0m
[39m[0m[30m[1m# Run 'dpkg --version'[39m[0m
[39m[0m[30m[1m# Cwd None[39m[0m
Debian 'dpkg' package management program version 1.18.10 (amd64).
This is free software; see the GNU General Public License version 2 or
later for copying conditions. There is NO warranty.
[39m[0m[30m[1m# Search for Git (git)[39m[0m
[39m[0m[30m[1m#  -> found at /usr/bin/git[39m[0m
[39m[0m[30m[1m# Search for Cython (cython)[39m[0m
[39m[0m[30m[1m#  -> found at /usr/local/bin/cython[39m[0m
[39m[0m[30m[1m# Search for Java compiler (javac)[39m[0m
[39m[0m[30m[1m#  -> found at /usr/lib/jvm/java-8-openjdk-amd64/bin/javac[39m[0m
[39m[0m[30m[1m# Search for Java keytool (keytool)[39m[0m
[39m[0m[30m[1m#  -> found at /usr/lib/jvm/java-8-openjdk-amd64/jre/bin/keytool[39m[0m
[39m[0m[30m[1m# Run '/home/kivy/.buildozer/android/platform/android-sdk-20/platform-tools/adb devices'[39m[0m
[39m[0m[30m[1m# Cwd None[39m[0m
List of devices attached 
CB5A1TXG4U	device

[39m[0m[30m[1m# Run '/home/kivy/.buildozer/android/platform/android-sdk-20/platform-tools/adb logcat '[39m[0m
[39m[0m[30m[1m# Cwd /home/kivy/.buildozer/android/platform[39m[0m
--------- beginning of system

W/ContextImpl(  867): Calling a method in the system process without a qualified user: android.app.ContextImpl.bindService:1777 android.content.ContextWrapper.bindService:539 com.sonyericsson.crashmonitor.MiscTaAdapter.open:90 com.sonyericsson.crashmonitor.service.CrashMonitorService.onInit:127 com.sonyericsson.crashmonitor.service.CrashMonitorService.onHandleIntent:192 

W/ContextImpl( 1608): Calling a method in the system process without a qualified user: android.app.ContextImpl.startService:1713 android.content.ContextWrapper.startService:516 android.content.ContextWrapper.startService:516 com.sonyericsson.usbux.service.UsbServiceReceiver.onReceive:73 android.app.ActivityThread.handleReceiver:2673 

I/tad     (  159): WRITTEN (Size 10)

I/tad     (  159): Actual erase/write to flash done (count 2, time 1521374842).

I/tad     (  159): MiscTA: Write of unit 10010 completed - OK

I/tad     (  159): MiscTA Unit 10008: 

I/tad     (  159): WRITTEN (Size 651)

I/tad     (  159): Actual erase/write to flash done (count 3, time 1521374843).

I/tad     (  159): MiscTA: Write of unit 10008 completed - OK

I/ActivityManager(  771): Start proc 29642:com.whatsapp/u0a197 for broadcast com.whatsapp/.AlarmBroadcastReceiver

W/DropBoxManagerService(  771): Dropping: exp_det_cert_pin_failure (10 > 0 bytes)

D/ActivityThread(29642): Loading provider com.whatsapp.provider.contact: com.whatsapp.contact.ContactProvider

W/ActivityManager(  771): getRunningAppProcesses: caller 10197 does not hold REAL_GET_TASKS; limiting output

W/ActivityManager(  771): getRunningAppProcesses: caller 10197 does not hold REAL_GET_TASKS; limiting output

I/ActivityManager(  771): Killing 25753:com.sonyericsson.updatecenter/u0a157 (adj 15): empty #26

I/ActivityManager(  771): Start proc 29775:android.process.acore/u0a13 for content provider com.android.providers.contacts/.SemcContactsProvider2

I/ActivityManager(  771): Killing 25797:com.sonymobile.entrance/u0a267 (adj 15): empty for 1800s

I/ActivityManager(  771): Waited long enough for: ServiceRecord{12b1d546 u0 com.whatsapp/.messaging.MessageService}

I/ActivityManager(  771): Killing 25894:com.noodlecake.reallybadchess/u0a295 (adj 15): empty for 1800s

I/ActivityManager(  771): Killing 25837:com.devuni.flashlight/u0a209 (adj 15): empty for 1800s

W/ActivityManager(  771): getRunningAppProcesses: caller 10197 does not hold REAL_GET_TASKS; limiting output

I/ActivityManager(  771): Killing 25925:com.sonyericsson.android.camera/u0a109 (adj 15): empty for 1803s

I/ActivityManager(  771): START u0 {act=android.intent.action.MAIN cat=[android.intent.category.HOME] flg=0x10200000 cmp=com.sonyericsson.home/com.sonymobile.home.HomeActivity} from uid 1000 on display 0

I/ActivityManager(  771): Killing 25252:com.android.packageinstaller/u0a89 (adj 15): empty for 1825s

I/ActivityManager(  771): Killing 25861:com.android.vending:instant_app_installer/u0a93 (adj 15): empty for 1836s

I/ActivityManager(  771): START u0 {act=android.intent.action.MAIN cat=[android.intent.category.LAUNCHER] flg=0x10200000 cmp=com.whatsapp/.Main bnds=[540,960][780,1230]} from uid 10032 on display 0

V/WindowManager(  771): addAppToken: AppWindowToken{2ca58a64 token=Token{a150bf7 ActivityRecord{10401bf6 u0 com.whatsapp/.Main t1102}}} to stack=1 task=1102 at 0

V/WindowManager(  771): Adding window Window{3c7b82ef u0 Starting com.whatsapp} at 7 of 13 (after Window{bae85f6 u0 com.android.settings/com.android.settings.SubSettings})

V/WindowManager(  771): Adding window Window{313b01e8 u0 com.whatsapp/com.whatsapp.Main} at 7 of 14 (before Window{3c7b82ef u0 Starting com.whatsapp})

I/ActivityManager(  771): START u0 {cmp=com.whatsapp/.HomeActivity} from uid 10197 on display 0

V/WindowManager(  771): addAppToken: AppWindowToken{396ae0e7 token=Token{9056ea6 ActivityRecord{1224b001 u0 com.whatsapp/.HomeActivity t1102}}} to stack=1 task=1102 at 1

V/WindowManager(  771): Adding window Window{3c7b82ef u0 Starting com.whatsapp} at 8 of 14 (after Window{313b01e8 u0 com.whatsapp/com.whatsapp.Main})

W/ActivityManager(  771): getTasks: caller 10197 does not hold REAL_GET_TASKS; limiting output

V/WindowManager(  771): Adding window Window{3181ac7e u0 com.whatsapp/com.whatsapp.HomeActivity} at 8 of 15 (before Window{3c7b82ef u0 Starting com.whatsapp})

I/BatteryStatsImpl(  771): Resetting battery stats: level=98 status=2 dischargeLevel=98 lowAmount=0 highAmount=0

W/ContextImpl( 1608): Calling a method in the system process without a qualified user: android.app.ContextImpl.startService:1713 android.content.ContextWrapper.startService:516 android.content.ContextWrapper.startService:516 com.sonyericsson.usbux.service.UsbServiceReceiver.onReceive:73 android.app.ActivityThread.handleReceiver:2673 

W/ContextImpl( 1608): Calling a method in the system process without a qualified user: android.app.ContextImpl.startService:1713 android.content.ContextWrapper.startService:516 android.content.ContextWrapper.startService:516 com.sonyericsson.usbux.service.UsbServiceReceiver.onReceive:73 android.app.ActivityThread.handleReceiver:2673 

I/ActivityManager(  771): START u0 {act=com.android.systemui.recents.SHOW_RECENTS flg=0x10804000 cmp=com.android.systemui/.recents.RecentsActivity} from uid 10148 on display 0

I/EntropyMixer(  771): Writing entropy...

I/ValidateNoPeople(  771): skipping global notification

D/TaskPersister(  771): removeObsoleteFile: deleting file=1100_task_thumbnail.png

I/ActivityManager(  771): START u0 {act=android.intent.action.MAIN cat=[android.intent.category.LAUNCHER] flg=0x10300000 cmp=com.whatsapp/.Main} from uid 10197 on display 0

V/WindowManager(  771): addAppToken: AppWindowToken{3c2a0c43 token=Token{38bafdf2 ActivityRecord{53cfcfd u0 com.whatsapp/.Main t1102}}} to stack=1 task=1102 at 0

V/WindowManager(  771): Adding window Window{14e16bf9 u0 com.whatsapp/com.whatsapp.Main} at 5 of 13 (after Window{bae85f6 u0 com.android.settings/com.android.settings.SubSettings})

I/ActivityManager(  771): START u0 {cmp=com.whatsapp/.HomeActivity} from uid 10197 on display 0

V/WindowManager(  771): addAppToken: AppWindowToken{2e455aec token=Token{4d7299f ActivityRecord{e77073e u0 com.whatsapp/.HomeActivity t1102}}} to stack=1 task=1102 at 1

W/ActivityManager(  771): getTasks: caller 10197 does not hold REAL_GET_TASKS; limiting output

V/WindowManager(  771): Adding window Window{2858594a u0 com.whatsapp/com.whatsapp.HomeActivity} at 8 of 14 (after Window{14e16bf9 u0 com.whatsapp/com.whatsapp.Main})

W/ContextImpl( 1608): Calling a method in the system process without a qualified user: android.app.ContextImpl.startService:1713 android.content.ContextWrapper.startService:516 android.content.ContextWrapper.startService:516 com.sonyericsson.usbux.service.UsbServiceReceiver.onReceive:73 android.app.ActivityThread.handleReceiver:2673 

I/ValidateNoPeople(  771): skipping global notification

W/ContextImpl( 1608): Calling a method in the system process without a qualified user: android.app.ContextImpl.startService:1713 android.content.ContextWrapper.startService:516 android.content.ContextWrapper.startService:516 com.sonyericsson.usbux.service.UsbServiceReceiver.onReceive:73 android.app.ActivityThread.handleReceiver:2673 

W/ContextImpl( 1608): Calling a method in the system process without a qualified user: android.app.ContextImpl.startService:1713 android.content.ContextWrapper.startService:516 android.content.ContextWrapper.startService:516 com.sonyericsson.usbux.service.UsbServiceReceiver.onReceive:73 android.app.ActivityThread.handleReceiver:2673 

I/ValidateNoPeople(  771): skipping global notification

W/ContextImpl( 1608): Calling a method in the system process without a qualified user: android.app.ContextImpl.startService:1713 android.content.ContextWrapper.startService:516 android.content.ContextWrapper.startService:516 com.sonyericsson.usbux.service.UsbServiceReceiver.onReceive:73 android.app.ActivityThread.handleReceiver:2673 

W/ContextImpl( 1608): Calling a method in the system process without a qualified user: android.app.ContextImpl.startService:1713 android.content.ContextWrapper.startService:516 android.content.ContextWrapper.startService:516 com.sonyericsson.usbux.service.UsbServiceReceiver.onReceive:73 android.app.ActivityThread.handleReceiver:2673 

I/ValidateNoPeople(  771): skipping global notification

W/ContextImpl( 1608): Calling a method in the system process without a qualified user: android.app.ContextImpl.startService:1713 android.content.ContextWrapper.startService:516 android.content.ContextWrapper.startService:516 com.sonyericsson.usbux.service.UsbServiceReceiver.onReceive:73 android.app.ActivityThread.handleReceiver:2673 

W/ContextImpl( 1608): Calling a method in the system process without a qualified user: android.app.ContextImpl.startService:1713 android.content.ContextWrapper.startService:516 android.content.ContextWrapper.startService:516 com.sonyericsson.usbux.service.UsbServiceReceiver.onReceive:73 android.app.ActivityThread.handleReceiver:2673 

I/ActivityManager(  771): START u0 {flg=0x14000000 cmp=com.whatsapp/.Conversation (has extras)} from uid 10197 on display 0

V/WindowManager(  771): addAppToken: AppWindowToken{d2ec405 token=Token{2b78937c ActivityRecord{2f08aa6f u0 com.whatsapp/.Conversation t1102}}} to stack=1 task=1102 at 1

V/WindowManager(  771): Adding window Window{331f7e8b u0 com.whatsapp/com.whatsapp.Conversation} at 8 of 14 (after Window{2858594a u0 com.whatsapp/com.whatsapp.HomeActivity})

W/ResourcesManager(  723): Asset path '/system/framework/com.android.media.remotedisplay.jar' does not exist or contains no resources.

W/ResourcesManager(  723): Asset path '/system/framework/com.android.location.provider.jar' does not exist or contains no resources.

V/WindowManager(  771): Adding window Window{2a7cec44 u0 SurfaceView} at 10 of 15 (after Window{36e15c00 u0 InputMethod})

I/ActivityManager(  771): Killing 23534:com.sonymobile.xperialink/u0a142 (adj 15): empty for 1802s

V/WindowManager(  771): Adding window Window{996ae2b u0 PopupWindow:364fee4a} at 9 of 16 (after Window{331f7e8b u0 com.whatsapp/com.whatsapp.Conversation})

I/ActivityManager(  771): Killing 23497:com.sonyericsson.tvout.mhl/1000 (adj 15): empty for 1802s

V/WindowManager(  771): Adding window Window{3943781b u0 PopupWindow:364fee4a} at 12 of 17 (after Window{996ae2b u0 PopupWindow:364fee4a EXITING})

V/WindowManager(  771): Adding window Window{1dde9791 u0 PopupWindow:313828f0} at 9 of 16 (after Window{331f7e8b u0 com.whatsapp/com.whatsapp.Conversation})

I/ActivityManager(  771): START u0 {act=android.intent.action.CHOOSER cmp=android/com.android.internal.app.ChooserActivity (has extras)} from uid 10197 on display 0

V/WindowManager(  771): addAppToken: AppWindowToken{3e80cd64 token=Token{7177af7 ActivityRecord{151ae6f6 u0 android/com.android.internal.app.ChooserActivity t1102}}} to stack=1 task=1102 at 2

I/ActivityManager(  771): Start proc 30698:android:ui/1000 for activity android/com.android.internal.app.ChooserActivity

V/WindowManager(  771): Adding window Window{11c2d4e8 u0 android/com.android.internal.app.ChooserActivity} at 9 of 16 (after Window{331f7e8b u0 com.whatsapp/com.whatsapp.Conversation})

V/WindowManager(  771): Adding window Window{d1ccbf5 u0 PopupWindow:364fee4a} at 9 of 16 (after Window{331f7e8b u0 com.whatsapp/com.whatsapp.Conversation})

I/ActivityManager(  771): Killing 13083:com.android.chrome:privileged_process0/u0a30 (adj 9): empty for 1814s

I/ProcessStatsService(  771): Prepared write state in 15ms

W/ActivityManager(  771): Scheduling restart of crashed service com.android.chrome/org.chromium.content.app.PrivilegedProcessService0 in 1000ms

I/PowerManagerService(  771): Going to sleep due to power button (uid 1000)...

I/PowerManagerService(  771): Sleeping (uid 1000)...

I/ActivityManager(  771): Start proc 31232:org.mozilla.firefox/u0a212 for service org.mozilla.firefox/org.mozilla.gecko.background.healthreport.upload.HealthReportUploadService

I/DisplayManagerService(  771): Display device changed: DisplayDeviceInfo{"Integrierter Bildschirm": uniqueId="local:0", 1080 x 1920, 60.0 fps, supportedRefreshRates [60.0], density 480, 442.451 x 443.345 dpi, appVsyncOff 0, presDeadline 17666667, touch INTERNAL, rotation 0, type BUILT_IN, state OFF, FLAG_DEFAULT_DISPLAY, FLAG_ROTATES_WITH_CONTENT, FLAG_SECURE, FLAG_SUPPORTS_PROTECTED_BUFFERS}

V/ActivityManager(  771): Display changed displayId=0

D/ConnectivityService(  771): notifyType IP_CHANGED for NetworkAgentInfo [WIFI () - 101]

D/ConnectivityService(  771): NetworkAgentInfo [WIFI () - 101] EVENT_NETWORK_INFO_CHANGED, going from CONNECTED to CONNECTING

D/ConnectivityService(  771): NetworkAgentInfo [WIFI () - 101] EVENT_NETWORK_INFO_CHANGED, going from CONNECTING to CONNECTED

W/ContextImpl( 1608): Calling a method in the system process without a qualified user: android.app.ContextImpl.startService:1713 android.content.ContextWrapper.startService:516 android.content.ContextWrapper.startService:516 com.sonyericsson.usbux.service.UsbServiceReceiver.onReceive:73 android.app.ActivityThread.handleReceiver:2673 

W/ContextImpl( 1608): Calling a method in the system process without a qualified user: android.app.ContextImpl.startService:1713 android.content.ContextWrapper.startService:516 android.content.ContextWrapper.startService:516 com.sonyericsson.usbux.service.UsbServiceReceiver.onReceive:73 android.app.ActivityThread.handleReceiver:2673 

W/ContextImpl( 1608): Calling a method in the system process without a qualified user: android.app.ContextImpl.startService:1713 android.content.ContextWrapper.startService:516 android.content.ContextWrapper.startService:516 com.sonyericsson.usbux.service.UsbServiceReceiver.onReceive:73 android.app.ActivityThread.handleReceiver:2673 

W/ContextImpl( 1608): Calling a method in the system process without a qualified user: android.app.ContextImpl.startService:1713 android.content.ContextWrapper.startService:516 android.content.ContextWrapper.startService:516 com.sonyericsson.usbux.service.UsbServiceReceiver.onReceive:73 android.app.ActivityThread.handleReceiver:2673 

I/ActivityManager(  771): Start proc 31415:com.sonymobile.entrance/u0a267 for broadcast com.sonymobile.entrance/.data.SyncAlarmReceiver

W/ResourcesManager(31415): Asset path '/system/framework/com.android.media.remotedisplay.jar' does not exist or contains no resources.

W/ResourcesManager(31415): Asset path '/system/framework/com.android.location.provider.jar' does not exist or contains no resources.

I/ActivityManager(  771): Waited long enough for: ServiceRecord{3754b625 u0 com.sonymobile.entrance/.sdk.internal.sync.SyncService}

W/ResourcesManager(31415): Asset path '/system/framework/com.android.media.remotedisplay.jar' does not exist or contains no resources.

W/ResourcesManager(31415): Asset path '/system/framework/com.android.location.provider.jar' does not exist or contains no resources.

W/DropBoxManagerService(  771): Dropping: exp_det_cert_pin_failure (10 > 0 bytes)

I/ActivityManager(  771): Killing 28210:com.sonyericsson.soundenhancement/u0a145 (adj 15): empty for 1810s

I/ActivityManager(  771): Killing 28451:com.android.calendar/u0a107 (adj 15): empty for 1811s

I/ActivityManager(  771): Killing 1287:com.google.process.gapps/u0a51 (adj 15): empty for 1829s

I/ActivityManager(  771): Start proc 31744:com.mobisystems.fileman/u0a196 for service com.mobisystems.fileman/com.mobisystems.libfilemng.search.EnumerateFilesService

W/ContextImpl(  867): Calling a method in the system process without a qualified user: android.app.ContextImpl.bindService:1777 android.content.ContextWrapper.bindService:539 com.sonyericsson.crashmonitor.MiscTaAdapter.open:90 com.sonyericsson.crashmonitor.service.CrashMonitorService.onInit:127 com.sonyericsson.crashmonitor.service.CrashMonitorService.onHandleIntent:192 

I/ActivityManager(  771): Start proc 31763:com.sonymobile.moviecreator.rmm/u0a280 for service com.sonymobile.moviecreator.rmm/.highlight.impl.HighlightCreatorServiceImpl

W/ResourcesManager(31763): Asset path '/system/framework/com.sonymobile.photoanalyzer_impl.jar' does not exist or contains no resources.

W/ResourcesManager(31763): Asset path '/system/framework/com.sony.device.jar' does not exist or contains no resources.

I/ActivityManager(  771): Start proc 31807:com.google.process.gapps/u0a51 for content provider com.google.android.gsf/.gservices.GservicesProvider

W/ResourcesManager(31744): Asset path '/system/framework/com.android.media.remotedisplay.jar' does not exist or contains no resources.

W/ResourcesManager(31744): Asset path '/system/framework/com.android.location.provider.jar' does not exist or contains no resources.

E/ActivityThread(31744): Failed to find provider info for com.mobisystems.msconfig.provider

W/ResourcesManager(31744): Asset path '/system/framework/com.android.media.remotedisplay.jar' does not exist or contains no resources.

W/ResourcesManager(31744): Asset path '/system/framework/com.android.location.provider.jar' does not exist or contains no resources.

W/ResourcesManager(31744): Asset path '/system/framework/com.android.media.remotedisplay.jar' does not exist or contains no resources.

W/ResourcesManager(31744): Asset path '/system/framework/com.android.location.provider.jar' does not exist or contains no resources.

I/ActivityManager(  771): Start proc 31910:com.mobisystems.office/u0a201 for content provider com.mobisystems.office/com.mobisystems.registration2.LicenseProvider

I/ActivityManager(  771): Killing 28787:com.sony.nfx.app.sfrc/u0a185 (adj 15): empty for 1819s

I/ActivityManager(  771): Start proc 32120:com.twitter.android/u0a246 for broadcast com.twitter.android/com.google.firebase.iid.FirebaseInstanceIdReceiver

W/DropBoxManagerService(  771): Dropping: event_log (34 > 0 bytes)

W/DropBoxManagerService(  771): Dropping: event_data (63 > 0 bytes)

I/ActivityManager(  771): Start proc 32153:com.google.android.apps.maps/u0a46 for service com.google.android.apps.maps/com.google.android.apps.gmm.shared.cache.glide.GlideDiskCacheExpirationService

W/ActivityManager(  771): getRunningAppProcesses: caller 10246 does not hold REAL_GET_TASKS; limiting output

W/ResourcesManager(32153): Asset path '/system/framework/com.android.media.remotedisplay.jar' does not exist or contains no resources.

W/ResourcesManager(32153): Asset path '/system/framework/com.android.location.provider.jar' does not exist or contains no resources.

W/ResourcesManager(32120): Asset path '/system/framework/com.android.media.remotedisplay.jar' does not exist or contains no resources.

W/ResourcesManager(32120): Asset path '/system/framework/com.android.location.provider.jar' does not exist or contains no resources.

D/ConnectivityService(  771): listenForNetwork for NetworkRequest [ id=47, legacyType=-1, [ Capabilities: INTERNET&NOT_RESTRICTED&TRUSTED] ]

D/ConnectivityService(  771): handleRegisterNetworkRequest checking NetworkAgentInfo [WIFI () - 101]

D/ConnectivityService(  771): apparently satisfied.  currentScore=100

W/ResourcesManager(32120): Asset path '/system/framework/com.android.media.remotedisplay.jar' does not exist or contains no resources.

W/ResourcesManager(32120): Asset path '/system/framework/com.android.location.provider.jar' does not exist or contains no resources.

W/ActivityManager(  771): Unable to start service Intent { act=com.twitter.intent.action.GET_OEM cmp=com.twitter.twitteroemhelper/.OemHelperService } U=0: not found

W/ResourcesManager(32120): Asset path '/system/framework/com.android.media.remotedisplay.jar' does not exist or contains no resources.

W/ResourcesManager(32120): Asset path '/system/framework/com.android.location.provider.jar' does not exist or contains no resources.

W/ResourcesManager(32120): Asset path '/system/framework/com.android.media.remotedisplay.jar' does not exist or contains no resources.

W/ResourcesManager(32120): Asset path '/system/framework/com.android.location.provider.jar' does not exist or contains no resources.

W/ProcessCpuTracker(  771): Skipping unknown process pid 32321

I/PowerManagerService(  771): Waking up from sleep (uid 1000)...

I/DisplayPowerController(  771): Blocking screen on until initial contents have been drawn.

I/DisplayManagerService(  771): Display device changed: DisplayDeviceInfo{"Integrierter Bildschirm": uniqueId="local:0", 1080 x 1920, 60.0 fps, supportedRefreshRates [60.0], density 480, 442.451 x 443.345 dpi, appVsyncOff 0, presDeadline 17666667, touch INTERNAL, rotation 0, type BUILT_IN, state ON, FLAG_DEFAULT_DISPLAY, FLAG_ROTATES_WITH_CONTENT, FLAG_SECURE, FLAG_SUPPORTS_PROTECTED_BUFFERS}

V/ActivityManager(  771): Display changed displayId=0

I/DisplayPowerController(  771): Unblocked screen on after 305 ms

W/BroadcastQueue(  771): Permission Denial: broadcasting Intent { act=android.intent.action.USER_PRESENT flg=0x24000010 } from com.android.systemui (pid=1206, uid=10148) is not exported from uid 10074 due to receiver com.sonymobile.mx.android/.receivers.StopMessageReceiver

I/ActivityManager(  771): Start proc 32487:com.sonyericsson.tvout.mhl/1000 for broadcast com.sonyericsson.tvout.mhl/.TvOutReceiver

W/ResourcesManager(32487): Asset path '/system/framework/com.sonymobile.tvout.mhl_impl.jar' does not exist or contains no resources.

W/ContextImpl(32487): Calling a method in the system process without a qualified user: android.app.ContextImpl.startService:1713 android.content.ContextWrapper.startService:516 android.content.ContextWrapper.startService:516 com.sonyericsson.tvout.mhl.TvOutReceiver.onReceive:122 android.app.ActivityThread.handleReceiver:2673 

W/ContextImpl( 1608): Calling a method in the system process without a qualified user: android.app.ContextImpl.startService:1713 android.content.ContextWrapper.startService:516 android.content.ContextWrapper.startService:516 com.sonyericsson.usbux.service.UsbServiceReceiver.onReceive:73 android.app.ActivityThread.handleReceiver:2673 

I/ActivityManager(  771): Start proc 32517:com.sonymobile.xperialink/u0a142 for broadcast com.sonymobile.xperialink/.client.XperiaLinkAutoConnectStarter

W/InputMethodManagerService(  771): Window already focused, ignoring focus gain of: com.android.internal.view.IInputMethodClient$Stub$Proxy@21a44bdd attribute=android.view.inputmethod.EditorInfo@2bffd352, token = android.os.BinderProxy@3d812c5a

W/ResourcesManager(32517): Asset path '/system/framework/com.sonyericsson.privateapis_impl.jar' does not exist or contains no resources.

W/ResourcesManager(32517): Asset path '/system/framework/com.sonymobile.tvout.wifidisplay_impl.jar' does not exist or contains no resources.

I/UsageStatsService(  771): User[0] Flushing usage stats to disk

I/ActivityManager(  771): START u0 {act=android.intent.action.MAIN cat=[android.intent.category.HOME] flg=0x10200000 cmp=com.sonyericsson.home/com.sonymobile.home.HomeActivity} from uid 1000 on display 0

I/ActivityManager(  771): START u0 {act=com.android.systemui.recents.SHOW_RECENTS flg=0x10804000 cmp=com.android.systemui/.recents.RecentsActivity} from uid 10148 on display 0

W/InputMethodManagerService(  771): Starting input on non-focused client com.android.internal.view.IInputMethodClient$Stub$Proxy@b5362b2 (uid=10197 pid=29642)

I/ActivityManager(  771): Killing 29642:com.whatsapp/u0a197 (adj 16): remove task

W/ActivityManager(  771): Scheduling restart of crashed service com.whatsapp/.messaging.MessageService in 1000ms

D/TaskPersister(  771): removeObsoleteFile: deleting file=1102_task.xml

D/TaskPersister(  771): removeObsoleteFile: deleting file=1102_task_thumbnail.png

D/TaskPersister(  771): removeObsoleteFile: deleting file=1101_task.xml

D/TaskPersister(  771): removeObsoleteFile: deleting file=1101_task_thumbnail.png

I/ActivityManager(  771): Start proc 32630:com.whatsapp/u0a197 for service com.whatsapp/.messaging.MessageService

D/ActivityThread(32630): Loading provider com.whatsapp.provider.contact: com.whatsapp.contact.ContactProvider

W/ActivityManager(  771): getRunningAppProcesses: caller 10197 does not hold REAL_GET_TASKS; limiting output

W/InputMethodManagerService(  771): Starting input on non-focused client com.android.internal.view.IInputMethodClient$Stub$Proxy@f4cf474 (uid=10148 pid=1206)

I/ActivityManager(  771): START u0 {act=android.intent.action.MAIN cat=[android.intent.category.HOME] flg=0x10200000 cmp=com.sonyericsson.home/com.sonymobile.home.HomeActivity} from uid 1000 on display 0

W/ActivityManager(  771): getRunningAppProcesses: caller 10197 does not hold REAL_GET_TASKS; limiting output

D/UsbDebuggingManager(  771): Received public key: QAAAAGErZ+VfRw8Xbz4PAIU09ZjBuf0LnA5kL5p7AiIygaZqUOeLFqd+UzcLmZDmIvQxTO3mgZYTuO7TIalZttkziPjbjjUqVTJvdZY8PTie3BZ0WN4CUedGjSt0kElPBXDWCly1pyZak1Z4yLDRDpCjCs64MjfJWjjTtAPTSrfsb3VsG7wkGJS/OutAfxsZZwXM8x+BnBLZjNlpYEr6ESupcow+3s/BX5TuluRZFqJryhpmjYASILDUM4NSe8NMSlwKhGScdg+CfssQeLbJXoibJLlapEM+ahjwMA2jrFU1rrETs4e7uth4OkjyDY9ysQZa3PEx7lAsDjmMTUn7iFOLGt9M2lSy1Bcmx2Uqtv7utdjwulys9P0wHcRiWhaApCEi25nIsLe5vc4VblitEjh5Gfr9Ja3HcPD/dhbxomLJvpv0G6S8iP6S8Grng3vJN/+on4XH9ib6v3UbKkVK3CsE50GcNh7mu/DDXcVZZRfayjoLVfaZu3HidNUCQ/ZXNNMaji+P+2RCu9L4osHl74d/Ncxu2UP1z4xksUFk7B0JDCiLER90ZWZ+TKQtKMsPcZhypFmQ/sOUjGfms3ihQDW/7qu5yKBbaxlGVmHmKSVeWgmqk9pjwuNILZOoa/MJ1detnSXuzA3vv8cB9Dn8WLvNK/5x972NbUgaU6SdT5mEZuzgs+oWMwEAAQA= @kivyvm

W/ContextImpl(  771): Calling a method in the system process without a qualified user: android.app.ContextImpl.startActivity:1245 com.android.server.usb.UsbDebuggingManager.startConfirmationActivity:289 com.android.server.usb.UsbDebuggingManager.startConfirmation:271 com.android.server.usb.UsbDebuggingManager.access$900:53 com.android.server.usb.UsbDebuggingManager$UsbDebuggingHandler.handleMessage:223 

W/ContextImpl(  771): Calling a method in the system process without a qualified user: android.app.ContextImpl.startActivity:1257 android.app.ContextImpl.startActivity:1246 com.android.server.usb.UsbDebuggingManager.startConfirmationActivity:289 com.android.server.usb.UsbDebuggingManager.startConfirmation:271 com.android.server.usb.UsbDebuggingManager.access$900:53 

I/ActivityManager(  771): START u0 {flg=0x10000000 cmp=com.android.systemui/.usb.UsbDebuggingActivity (has extras)} from uid 1000 on display 0

V/WindowManager(  771): addAppToken: AppWindowToken{20118c7a token=Token{2f8210a5 ActivityRecord{d4cae9c u0 com.android.systemui/.usb.UsbDebuggingActivity t1103}}} to stack=1 task=1103 at 0

V/WindowManager(  771): Adding window Window{38156007 u0 com.android.systemui/com.android.systemui.usb.UsbDebuggingActivity} at 7 of 14 (after Window{bae85f6 u0 com.android.settings/com.android.settings.SubSettings})

W/InputMethodManagerService(  771): Window already focused, ignoring focus gain of: com.android.internal.view.IInputMethodClient$Stub$Proxy@241130d2 attribute=null, token = android.os.BinderProxy@364b17bb

I/ActivityManager(  771): START u0 {act=android.intent.action.MAIN cat=[android.intent.category.LAUNCHER] flg=0x10200000 cmp=org.test.calcgame/org.kivy.android.PythonActivity bnds=[288,1128][540,1428]} from uid 10032 on display 0

V/WindowManager(  771): addAppToken: AppWindowToken{13f47cf6 token=Token{c68c591 ActivityRecord{22f2b3b8 u0 org.test.calcgame/org.kivy.android.PythonActivity t1104}}} to stack=1 task=1104 at 0

V/WindowManager(  771): Adding window Window{37e595c9 u0 Starting org.test.calcgame} at 7 of 14 (after Window{bae85f6 u0 com.android.settings/com.android.settings.SubSettings})

I/ActivityManager(  771): Start proc 522:org.test.calcgame/u0a77 for activity org.test.calcgame/org.kivy.android.PythonActivity

V/WindowManager(  771): Adding window Window{27e8cfda u0 org.test.calcgame/org.kivy.android.PythonActivity} at 7 of 15 (before Window{37e595c9 u0 Starting org.test.calcgame})

V/WindowManager(  771): Adding window Window{3b567ae8 u0 SurfaceView} at 7 of 16 (before Window{27e8cfda u0 org.test.calcgame/org.kivy.android.PythonActivity})

--------- beginning of crash

F/libc    (  522): Fatal signal 11 (SIGSEGV), code 1, fault addr 0x4 in tid 522 (g.test.calcgame)

I/DEBUG   (  395): *** *** *** *** *** *** *** *** *** *** *** *** *** *** *** ***

I/DEBUG   (  395): UUID: 0f8632a6-3590-4aa2-bb87-446d202e5fd4

I/DEBUG   (  395): Build fingerprint: 'Sony/C6603/C6603:5.1.1/10.7.A.0.228/58103698:user/release-keys'

I/DEBUG   (  395): Revision: '0'

I/DEBUG   (  395): ABI: 'arm'

I/DEBUG   (  395): pid: 522, tid: 522, name: g.test.calcgame  >>> org.test.calcgame <<<

I/DEBUG   (  395): signal 11 (SIGSEGV), code 1 (SEGV_MAPERR), fault addr 0x4

I/DEBUG   (  395):     r0 00000001  r1 00000001  r2 00000001  r3 00000000

I/DEBUG   (  395):     r4 b7f7a908  r5 00000000  r6 00000000  r7 a57abf68

I/DEBUG   (  395):     r8 b6dccde4  r9 b7cf5a18  sl 00000000  fp 00000001

I/DEBUG   (  395):     ip a5769d50  sp bea92d80  lr a56b2979  pc a56a863a  cpsr 600b0030

I/DEBUG   (  395): 

I/DEBUG   (  395): backtrace:

I/DEBUG   (  395):     #00 pc 000bf63a  /data/app/org.test.calcgame-1/lib/arm/libpython2.7.so (PyThreadState_New+93)

I/DEBUG   (  395):     #01 pc 000c9975  /data/app/org.test.calcgame-1/lib/arm/libpython2.7.so (PyThread_acquire_lock+76)

W/ActivityManager(  771): Activity pause timeout for ActivityRecord{22f2b3b8 u0 org.test.calcgame/org.kivy.android.PythonActivity t1104 f}

D/ActivityManager(  771): New dropbox entry: org.test.calcgame, data_app_native_crash, ee919177-2aef-4fb5-ae72-85361a27672c

I/BootReceiver(  771): Copying /data/tombstones/tombstone_02 to DropBox (SYSTEM_TOMBSTONE)

W/DropBoxManagerService(  771): Dropping: SYSTEM_TOMBSTONE (10 > 0 bytes)

W/DropBoxManagerService(  771): Dropping: data_app_native_crash (996 > 0 bytes)

I/WindowState(  771): WIN DEATH: Window{27e8cfda u0 org.test.calcgame/org.kivy.android.PythonActivity}

I/WindowState(  771): WIN DEATH: Window{3b567ae8 u0 SurfaceView}

I/ActivityManager(  771): Process org.test.calcgame (pid 522) has died

W/ContextImpl(  867): Calling a method in the system process without a qualified user: android.app.ContextImpl.bindService:1777 android.content.ContextWrapper.bindService:539 com.sonyericsson.crashmonitor.MiscTaAdapter.open:90 com.sonyericsson.crashmonitor.service.CrashMonitorService.onInit:127 com.sonyericsson.crashmonitor.service.CrashMonitorService.onHandleIntent:192 

W/ProcessCpuTracker(  771): Skipping unknown process pid 575

W/ProcessCpuTracker(  771): Skipping unknown process pid 577

W/ProcessCpuTracker(  771): Skipping unknown process pid 589

W/ProcessCpuTracker(  771): Skipping unknown process pid 604

W/ProcessCpuTracker(  771): Skipping unknown process pid 606

W/InputMethodManagerService(  771): Window already focused, ignoring focus gain of: com.android.internal.view.IInputMethodClient$Stub$Proxy@32e1ff45 attribute=null, token = android.os.BinderProxy@364b17bb

W/InputMethodManagerService(  771): Window already focused, ignoring focus gain of: com.android.internal.view.IInputMethodClient$Stub$Proxy@21dd6484 attribute=null, token = android.os.BinderProxy@364b17bb

I/ActivityManager(  771): START u0 {act=android.intent.action.MAIN cat=[android.intent.category.HOME] flg=0x10200000 cmp=com.sonyericsson.home/com.sonymobile.home.HomeActivity} from uid 1000 on display 0

I/ActivityManager(  771): START u0 {act=android.intent.action.MAIN cat=[android.intent.category.LAUNCHER] flg=0x10200000 cmp=com.android.settings/.Settings bnds=[641,1524][842,1776]} from uid 10032 on display 0

I/ActivityManager(  771): START u0 {act=android.intent.action.MAIN cmp=com.android.settings/.SubSettings (has extras)} from uid 1000 on display 0

V/WindowManager(  771): addAppToken: AppWindowToken{10558e52 token=Token{d2012dd ActivityRecord{3324f6b4 u0 com.android.settings/.SubSettings t1099}}} to stack=1 task=1099 at 1

V/WindowManager(  771): Adding window Window{111db59b u0 com.android.settings/com.android.settings.SubSettings} at 6 of 13 (after Window{2951bf46 u0 com.android.settings/com.android.settings.Settings})

W/ContextImpl(28166): Calling a method in the system process without a qualified user: android.app.ContextImpl.sendBroadcast:1348 android.content.ContextWrapper.sendBroadcast:377 android.view.inputmethod.InputMethodManager.sendFocusChangedBroadcast:1321 android.view.inputmethod.InputMethodManager.focusInLocked:1353 android.view.inputmethod.InputMethodManager.focusIn:1340 

I/BatteryStatsImpl(  771): Resetting battery stats: level=99 status=2 dischargeLevel=99 lowAmount=0 highAmount=0

I/EntropyMixer(  771): Writing entropy...

W/ContextImpl( 1608): Calling a method in the system process without a qualified user: android.app.ContextImpl.startService:1713 android.content.ContextWrapper.startService:516 android.content.ContextWrapper.startService:516 com.sonyericsson.usbux.service.UsbServiceReceiver.onReceive:73 android.app.ActivityThread.handleReceiver:2673 

I/ActivityManager(  771): Start proc 875:com.sonyericsson.xhs/u0a162 for broadcast com.sonyericsson.xhs/com.sonymobile.xhs.periodical.PeriodicalContentCheckerAlarmLauncher

I/ActivityManager(  771): Killing 29205:com.sonyericsson.advancedwidget.weather/u0a32 (adj 15): empty for 1800s

V/WindowManager(  771): not Base app: Adding window Window{36020146 u0 com.android.settings/com.android.settings.SubSettings} at 7 of 14

W/InputMethodManagerService(  771): Window already focused, ignoring focus gain of: com.android.internal.view.IInputMethodClient$Stub$Proxy@6ccebd2 attribute=null, token = android.os.BinderProxy@19e895aa

W/ContextImpl(28166): Calling a method in the system process without a qualified user: android.app.ContextImpl.sendBroadcast:1348 android.content.ContextWrapper.sendBroadcast:377 android.view.inputmethod.InputMethodManager.sendFocusChangedBroadcast:1321 android.view.inputmethod.InputMethodManager.onWindowFocus:1504 android.view.ViewRootImpl$ViewRootHandler.handleMessage:3302 

I/BatteryStatsImpl(  771): Resetting battery stats: level=100 status=2 dischargeLevel=100 lowAmount=0 highAmount=0

W/ContextImpl( 1608): Calling a method in the system process without a qualified user: android.app.ContextImpl.startService:1713 android.content.ContextWrapper.startService:516 android.content.ContextWrapper.startService:516 com.sonyericsson.usbux.service.UsbServiceReceiver.onReceive:73 android.app.ActivityThread.handleReceiver:2673 

W/ContextImpl( 1608): Calling a method in the system process without a qualified user: android.app.ContextImpl.startService:1713 android.content.ContextWrapper.startService:516 android.content.ContextWrapper.startService:516 com.sonyericsson.usbux.service.UsbServiceReceiver.onReceive:73 android.app.ActivityThread.handleReceiver:2673 

W/ContextImpl( 1608): Calling a method in the system process without a qualified user: android.app.ContextImpl.startService:1713 android.content.ContextWrapper.startService:516 android.content.ContextWrapper.startService:516 com.sonyericsson.usbux.service.UsbServiceReceiver.onReceive:73 android.app.ActivityThread.handleReceiver:2673 

W/ContextImpl( 1608): Calling a method in the system process without a qualified user: android.app.ContextImpl.startService:1713 android.content.ContextWrapper.startService:516 android.content.ContextWrapper.startService:516 com.sonyericsson.usbux.service.UsbServiceReceiver.onReceive:73 android.app.ActivityThread.handleReceiver:2673 

W/ContextImpl( 1608): Calling a method in the system process without a qualified user: android.app.ContextImpl.startService:1713 android.content.ContextWrapper.startService:516 android.content.ContextWrapper.startService:516 com.sonyericsson.usbux.service.UsbServiceReceiver.onReceive:73 android.app.ActivityThread.handleReceiver:2673 

W/ContextImpl( 1608): Calling a method in the system process without a qualified user: android.app.ContextImpl.startService:1713 android.content.ContextWrapper.startService:516 android.content.ContextWrapper.startService:516 com.sonyericsson.usbux.service.UsbServiceReceiver.onReceive:73 android.app.ActivityThread.handleReceiver:2673 

W/ContextImpl( 1608): Calling a method in the system process without a qualified user: android.app.ContextImpl.startService:1713 android.content.ContextWrapper.startService:516 android.content.ContextWrapper.startService:516 com.sonyericsson.usbux.service.UsbServiceReceiver.onReceive:73 android.app.ActivityThread.handleReceiver:2673 

I/EntropyMixer(  771): Writing entropy...

W/ResourcesManager(31744): Asset path '/system/framework/com.android.media.remotedisplay.jar' does not exist or contains no resources.

W/ResourcesManager(31744): Asset path '/system/framework/com.android.location.provider.jar' does not exist or contains no resources.

I/ActivityManager(  771): START u0 {act=android.intent.action.MAIN cat=[android.intent.category.HOME] flg=0x10200000 cmp=com.sonyericsson.home/com.sonymobile.home.HomeActivity} from uid 1000 on display 0

W/InputMethodManagerService(  771): Window already focused, ignoring focus gain of: com.android.internal.view.IInputMethodClient$Stub$Proxy@1012754e attribute=null, token = android.os.BinderProxy@364b17bb

W/InputMethodManagerService(  771): Window already focused, ignoring focus gain of: com.android.internal.view.IInputMethodClient$Stub$Proxy@267cca98 attribute=null, token = android.os.BinderProxy@364b17bb

I/ActivityManager(  771): START u0 {act=android.intent.action.MAIN cat=[android.intent.category.LAUNCHER] flg=0x10200000 cmp=com.android.settings/.Settings bnds=[641,1524][842,1776]} from uid 10032 on display 0

I/ActivityManager(  771): START u0 {act=android.intent.action.MAIN cmp=com.android.settings/.SubSettings (has extras)} from uid 1000 on display 0

V/WindowManager(  771): addAppToken: AppWindowToken{242f4bba token=Token{130e44e5 ActivityRecord{9d40bdc u0 com.android.settings/.SubSettings t1099}}} to stack=1 task=1099 at 1

V/WindowManager(  771): Adding window Window{24d56be3 u0 com.android.settings/com.android.settings.SubSettings} at 6 of 13 (after Window{2951bf46 u0 com.android.settings/com.android.settings.Settings})

V/WindowManager(  771): not Base app: Adding window Window{2fd2176a u0 com.android.settings/com.android.settings.SubSettings} at 7 of 14

W/InputMethodManagerService(  771): Window already focused, ignoring focus gain of: com.android.internal.view.IInputMethodClient$Stub$Proxy@15724036 attribute=null, token = android.os.BinderProxy@2fbf9812

W/ContextImpl(28166): Calling a method in the system process without a qualified user: android.app.ContextImpl.sendBroadcast:1348 android.content.ContextWrapper.sendBroadcast:377 android.view.inputmethod.InputMethodManager.sendFocusChangedBroadcast:1321 android.view.inputmethod.InputMethodManager.onWindowFocus:1504 android.view.ViewRootImpl$ViewRootHandler.handleMessage:3302 

I/BatteryStatsImpl(  771): Resetting battery stats: level=100 status=5 dischargeLevel=100 lowAmount=0 highAmount=0

I/ValidateNoPeople(  771): skipping global notification

W/ContextImpl( 1608): Calling a method in the system process without a qualified user: android.app.ContextImpl.startService:1713 android.content.ContextWrapper.startService:516 android.content.ContextWrapper.startService:516 com.sonyericsson.usbux.service.UsbServiceReceiver.onReceive:73 android.app.ActivityThread.handleReceiver:2673 

W/ContextImpl( 1608): Calling a method in the system process without a qualified user: android.app.ContextImpl.startService:1713 android.content.ContextWrapper.startService:516 android.content.ContextWrapper.startService:516 com.sonyericsson.usbux.service.UsbServiceReceiver.onReceive:73 android.app.ActivityThread.handleReceiver:2673 

W/ContextImpl( 1608): Calling a method in the system process without a qualified user: android.app.ContextImpl.startService:1713 android.content.ContextWrapper.startService:516 android.content.ContextWrapper.startService:516 com.sonyericsson.usbux.service.UsbServiceReceiver.onReceive:73 android.app.ActivityThread.handleReceiver:2673 

W/ContextImpl( 1608): Calling a method in the system process without a qualified user: android.app.ContextImpl.startService:1713 android.content.ContextWrapper.startService:516 android.content.ContextWrapper.startService:516 com.sonyericsson.usbux.service.UsbServiceReceiver.onReceive:73 android.app.ActivityThread.handleReceiver:2673 

W/ContextImpl( 1608): Calling a method in the system process without a qualified user: android.app.ContextImpl.startService:1713 android.content.ContextWrapper.startService:516 android.content.ContextWrapper.startService:516 com.sonyericsson.usbux.service.UsbServiceReceiver.onReceive:73 android.app.ActivityThread.handleReceiver:2673 

W/ContextImpl( 1608): Calling a method in the system process without a qualified user: android.app.ContextImpl.startService:1713 android.content.ContextWrapper.startService:516 android.content.ContextWrapper.startService:516 com.sonyericsson.usbux.service.UsbServiceReceiver.onReceive:73 android.app.ActivityThread.handleReceiver:2673 

W/ContextImpl( 1608): Calling a method in the system process without a qualified user: android.app.ContextImpl.startService:1713 android.content.ContextWrapper.startService:516 android.content.ContextWrapper.startService:516 com.sonyericsson.usbux.service.UsbServiceReceiver.onReceive:73 android.app.ActivityThread.handleReceiver:2673 

I/EntropyMixer(  771): Writing entropy...

I/ValidateNoPeople(  771): skipping global notification

I/ValidateNoPeople(  771): skipping global notification

I/ValidateNoPeople(  771): skipping global notification

D/UsbDebuggingManager(  771): Received public key: QAAAAGErZ+VfRw8Xbz4PAIU09ZjBuf0LnA5kL5p7AiIygaZqUOeLFqd+UzcLmZDmIvQxTO3mgZYTuO7TIalZttkziPjbjjUqVTJvdZY8PTie3BZ0WN4CUedGjSt0kElPBXDWCly1pyZak1Z4yLDRDpCjCs64MjfJWjjTtAPTSrfsb3VsG7wkGJS/OutAfxsZZwXM8x+BnBLZjNlpYEr6ESupcow+3s/BX5TuluRZFqJryhpmjYASILDUM4NSe8NMSlwKhGScdg+CfssQeLbJXoibJLlapEM+ahjwMA2jrFU1rrETs4e7uth4OkjyDY9ysQZa3PEx7lAsDjmMTUn7iFOLGt9M2lSy1Bcmx2Uqtv7utdjwulys9P0wHcRiWhaApCEi25nIsLe5vc4VblitEjh5Gfr9Ja3HcPD/dhbxomLJvpv0G6S8iP6S8Grng3vJN/+on4XH9ib6v3UbKkVK3CsE50GcNh7mu/DDXcVZZRfayjoLVfaZu3HidNUCQ/ZXNNMaji+P+2RCu9L4osHl74d/Ncxu2UP1z4xksUFk7B0JDCiLER90ZWZ+TKQtKMsPcZhypFmQ/sOUjGfms3ihQDW/7qu5yKBbaxlGVmHmKSVeWgmqk9pjwuNILZOoa/MJ1detnSXuzA3vv8cB9Dn8WLvNK/5x972NbUgaU6SdT5mEZuzgs+oWMwEAAQA= @kivyvm

W/ContextImpl(  771): Calling a method in the system process without a qualified user: android.app.ContextImpl.startActivity:1245 com.android.server.usb.UsbDebuggingManager.startConfirmationActivity:289 com.android.server.usb.UsbDebuggingManager.startConfirmation:271 com.android.server.usb.UsbDebuggingManager.access$900:53 com.android.server.usb.UsbDebuggingManager$UsbDebuggingHandler.handleMessage:223 

W/ContextImpl(  771): Calling a method in the system process without a qualified user: android.app.ContextImpl.startActivity:1257 android.app.ContextImpl.startActivity:1246 com.android.server.usb.UsbDebuggingManager.startConfirmationActivity:289 com.android.server.usb.UsbDebuggingManager.startConfirmation:271 com.android.server.usb.UsbDebuggingManager.access$900:53 

I/ActivityManager(  771): START u0 {flg=0x10000000 cmp=com.android.systemui/.usb.UsbDebuggingActivity (has extras)} from uid 1000 on display 0

V/WindowManager(  771): addAppToken: AppWindowToken{10a23e2a token=Token{33e4bb15 ActivityRecord{259ebccc u0 com.android.systemui/.usb.UsbDebuggingActivity t1105}}} to stack=1 task=1105 at 0

V/WindowManager(  771): Adding window Window{c3936f7 u0 com.android.systemui/com.android.systemui.usb.UsbDebuggingActivity} at 7 of 14 (after Window{24d56be3 u0 com.android.settings/com.android.settings.SubSettings})

D/TaskPersister(  771): removeObsoleteFile: deleting file=1103_task_thumbnail.png

W/InputMethodManagerService(  771): Window already focused, ignoring focus gain of: com.android.internal.view.IInputMethodClient$Stub$Proxy@26239a0b attribute=null, token = android.os.BinderProxy@2fbf9812

W/ContextImpl(28166): Calling a method in the system process without a qualified user: android.app.ContextImpl.sendBroadcast:1348 android.content.ContextWrapper.sendBroadcast:377 android.view.inputmethod.InputMethodManager.sendFocusChangedBroadcast:1321 android.view.inputmethod.InputMethodManager.onWindowFocus:1504 android.view.ViewRootImpl$ViewRootHandler.handleMessage:3302 

--------- beginning of main

D/wifi_gbk2utf(  771): parseScanResults, line=====

D/wifi_gbk2utf(  771):  

D/wifi_gbk2utf(  771): After sscanf,ssid:Januzi, isCh:0

D/wifi_gbk2utf(  771): parseScanResults, line=id=399

D/wifi_gbk2utf(  771):  

D/wifi_gbk2utf(  771): parseScanResults, line=bssid=90:5c:44:d6:16:cc

D/wifi_gbk2utf(  771):  

D/wifi_gbk2utf(  771): parseScanResults, line=freq=5300

D/wifi_gbk2utf(  771):  

D/wifi_gbk2utf(  771): parseScanResults, line=level=-80

D/wifi_gbk2utf(  771):  

D/wifi_gbk2utf(  771): parseScanResults, line=tsf=0000091712518733

D/wifi_gbk2utf(  771):  

D/wifi_gbk2utf(  771): parseScanResults, line=flags=[WPA-PSK-TKIP][WPA2-PSK-CCMP][WPS][ESS]

D/wifi_gbk2utf(  771):  

D/wifi_gbk2utf(  771): parseScanResults, line=ssid=Kikishek

D/wifi_gbk2utf(  771):  

D/wifi_gbk2utf(  771): parseScanResults, ssid = Kikishek, buf = Kikishek,isUTF8= 0, isCh = 0

D/wifi_gbk2utf(  771): parseScanResults, line=====

D/wifi_gbk2utf(  771):  

D/wifi_gbk2utf(  771): After sscanf,ssid:Kikishek, isCh:0

D/wifi_gbk2utf(  771): parseScanResults, line=id=400

D/wifi_gbk2utf(  771):  

D/wifi_gbk2utf(  771): parseScanResults, line=bssid=92:5c:44:d6:15:cf

D/wifi_gbk2utf(  771):  

D/wifi_gbk2utf(  771): parseScanResults, line=freq=5300

D/wifi_gbk2utf(  771):  

D/wifi_gbk2utf(  771): parseScanResults, line=level=-80

D/wifi_gbk2utf(  771):  

D/wifi_gbk2utf(  771): parseScanResults, line=tsf=0000091712518702

D/wifi_gbk2utf(  771):  

D/wifi_gbk2utf(  771): parseScanResults, line=flags=[WPA2-PSK-CCMP][ESS]

D/wifi_gbk2utf(  771):  

D/wifi_gbk2utf(  771): parseScanResults, line=ssid=Kikishek_guest

D/wifi_gbk2utf(  771):  

D/wifi_gbk2utf(  771): parseScanResults, ssid = Kikishek_guest, buf = Kikishek_guest,isUTF8= 0, isCh = 0

D/wifi_gbk2utf(  771): parseScanResults, line=====

D/wifi_gbk2utf(  771):  

D/wifi_gbk2utf(  771): After sscanf,ssid:Kikishek_guest, isCh:0

D/wifi_gbk2utf(  771): parseScanResults, line=id=401

D/wifi_gbk2utf(  771):  

D/wifi_gbk2utf(  771): parseScanResults, line=bssid=ac:22:05:cb:fb:d2

D/wifi_gbk2utf(  771):  

D/wifi_gbk2utf(  771): parseScanResults, line=freq=2462

D/wifi_gbk2utf(  771):  

D/wifi_gbk2utf(  771): parseScanResults, line=level=-75

D/wifi_gbk2utf(  771):  

D/wifi_gbk2utf(  771): parseScanResults, line=tsf=0000091712518702

D/wifi_gbk2utf(  771):  

D/wifi_gbk2utf(  771): parseScanResults, line=flags=[WPA-PSK-][WPA2-PSK-CCMP+TKIP][WPS][ESS]

D/wifi_gbk2utf(  771):  

D/wifi_gbk2utf(  771): parseScanResults, line=ssid=Januzi

D/wifi_gbk2utf(  771):  

D/wifi_gbk2utf(  771): parseScanResults, ssid = Januzi, buf = Januzi,isUTF8= 0, isCh = 0

D/wifi_gbk2utf(  771): parseScanResults, line=#### 

I/ActivityManager(  771): START u0 {act=android.intent.action.MAIN cat=[android.intent.category.HOME] flg=0x10200000 cmp=com.sonyericsson.home/com.sonymobile.home.HomeActivity} from uid 1000 on display 0

D/ALSADevice(  399): route: devices 0x2 in mode 0

V/ALSADevice(  399): switchDevice: device 0x2 mode:0

V/ALSADevice(  399): nonCallOutputRouting: 0x2

V/ALSADevice(  399): Routing to rx=Speaker

V/ALSADevice(  399): nonCallInputRouting: 0

V/ALSADevice(  399): Routing to tx=none

V/ALSADevice(  399): switchDevice,rxDev:Speaker, txDev:(null), curRxDev:Speaker, curTxDev:Speaker Tx

D/alsa_ucm(  399): snd_use_case_set(): uc_mgr 0xb6fa7868 identifier _enadev value Speaker

D/ALSADevice(  399): switchDevice: mCurTxUCMDevivce Speaker Tx mCurRxDevDevice Speaker

D/alsa_ucm(  399): snd_use_case_set(): uc_mgr 0xb6fa7868 identifier _verb value HiFi Lowlatency

D/alsa_ucm(  399): Set mixer controls for Speaker enable 1

D/alsa_ucm(  399): acdb_id 14 cap 1 enable 1

D/ACDB-LOADER(  399): ACDB -> send_audio_cal, acdb_id = 14, path =  0

D/ACDB-LOADER(  399): ACDB -> send_adm_topology

D/ACDB-LOADER(  399): ACDB -> ACDB_CMD_GET_AUDPROC_COMMON_TOPOLOGY_ID

D/ACDB-LOADER(  399): ACDB -> send_asm_topology

D/ACDB-LOADER(  399): ACDB -> ACDB_CMD_GET_AUDPROC_STREAM_TOPOLOGY_ID

D/ACDB-LOADER(  399): ACDB -> send_audtable

D/ACDB-LOADER(  399): ACDB -> ACDB_CMD_GET_AUDPROC_COMMON_TABLE

D/ACDB-LOADER(  399): ACDB -> AUDIO_SET_AUDPROC_CAL

