D/QC-QMI  (  451): qmuxd: TX message on fd=21, to qmux_client_id=0x4, len=72

D/QC-QMI  (  451): Thread state: conn_id=18, state=RX_THREAD_WAKELOCK_RELEASE

D/QC-QMI  (  451): Thread state: conn_id=18, state=RX_THREAD_WAIT_POLL

D/QC-QMI  ( 1023): qmi_client [1023] 4: Received 72 bytes on fd = 12

D/QC-QMI  ( 1023):  API Flag .............. 0 

D/QC-QMI  ( 1023):  Message ID ............... 21862 

D/QC-QMI  ( 1023):  Striping off the standard result code 

E/fast-dormancy( 1023): [FDM]:  rrc_state=0

D/QC-QMI  ( 1023): Setting the api flag to : 0

D/QC-QMI  ( 1023): qmi_client [1023] 4: sending 54 bytes on fd = 12

D/QC-QMI  (  451): Thread state: conn_id=48, state=MAIN_THREAD_CLIENT_RECV

D/QC-QMI  (  451): qmuxd: RX 54 bytes on fd=21 from qmux_client_id=0x4

D/QC-QMI  (  451): Thread state: conn_id=48, state=MAIN_THREAD_MODEM_TX

D/QC-QMI  (  451): qmi_qmux: TX/RX - TX 20 bytes on conn_id=18

D/QC-QMI  (  451): Thread state: conn_id=48, state=MAIN_THREAD_PROCESS_NEW_CLIENT

D/QC-QMI  (  451): Thread state: conn_id=48, state=MAIN_THREAD_WAIT_SELECT

D/DefCapUpdaterReceiver(28295): onReceive Intent { act=android.hardware.usb.action.USB_STATE flg=0x30000010 cmp=com.sonyericsson.capabilities/.DefCapUpdaterReceiver (has extras) }

D/QC-QMI  (  451): Thread state: conn_id=18, state=RX_THREAD_WAKELOCK_ACQUIRE

D/QC-QMI  (  451): Thread state: conn_id=18, state=RX_THREAD_WAIT_READ

D/QC-QMI  (  451): Thread state: conn_id=18, state=RX_THREAD_CLIENT_TX

D/QC-QMI  (  451): qmi_qmux: TX/RX - RX 38 bytes on conn_id=18

D/QC-QMI  (  451): qmuxd: TX message on fd=21, to qmux_client_id=0x4, len=72

D/QC-QMI  (  451): Thread state: conn_id=18, state=RX_THREAD_WAKELOCK_RELEASE

D/QC-QMI  (  451): Thread state: conn_id=18, state=RX_THREAD_WAIT_POLL

D/QC-QMI  ( 1023): qmi_client [1023] 4: Received 72 bytes on fd = 12

D/DefCapUpdaterReceiver(28295): Current User ID:0,Receiver Process ID:0

D/QC-QMI  ( 1023):  API Flag .............. 0 

D/QC-QMI  ( 1023):  Message ID ............... 21862 

D/QC-QMI  ( 1023):  Striping off the standard result code 

D/DefCapUpdaterService(28295): copyCustomizedXMLFile()

E/fast-dormancy( 1023): [FDM]:  rrc_state=0

D/QC-QMI  ( 1023): Setting the api flag to : 0

D/QC-QMI  ( 1023): qmi_client [1023] 4: sending 54 bytes on fd = 12

D/QC-QMI  (  451): Thread state: conn_id=48, state=MAIN_THREAD_CLIENT_RECV

D/QC-QMI  (  451): qmuxd: RX 54 bytes on fd=21 from qmux_client_id=0x4

D/QC-QMI  (  451): Thread state: conn_id=48, state=MAIN_THREAD_MODEM_TX

D/QC-QMI  (  451): qmi_qmux: TX/RX - TX 20 bytes on conn_id=18

D/QC-QMI  (  451): Thread state: conn_id=48, state=MAIN_THREAD_PROCESS_NEW_CLIENT

D/QC-QMI  (  451): Thread state: conn_id=48, state=MAIN_THREAD_WAIT_SELECT

V/DefCapUpdaterService(28295): File 'customized-capability.xml' has been deleted in file system

D/QC-QMI  (  451): Thread state: conn_id=18, state=RX_THREAD_WAKELOCK_ACQUIRE

D/QC-QMI  (  451): Thread state: conn_id=18, state=RX_THREAD_WAIT_READ

D/QC-QMI  (  451): Thread state: conn_id=18, state=RX_THREAD_CLIENT_TX

D/QC-QMI  (  451): qmi_qmux: TX/RX - RX 38 bytes on conn_id=18

D/QC-QMI  (  451): qmuxd: TX message on fd=21, to qmux_client_id=0x4, len=72

D/QC-QMI  (  451): Thread state: conn_id=18, state=RX_THREAD_WAKELOCK_RELEASE

D/QC-QMI  ( 1023): qmi_client [1023] 4: Received 72 bytes on fd = 12

D/QC-QMI  ( 1023):  API Flag .............. 0 

D/QC-QMI  ( 1023):  Message ID ............... 21862 

D/QC-QMI  ( 1023):  Striping off the standard result code 

E/fast-dormancy( 1023): [FDM]:  rrc_state=0

D/QC-QMI  ( 1023): Setting the api flag to : 0

D/QC-QMI  ( 1023): qmi_client [1023] 4: sending 54 bytes on fd = 12

I/MTP-usbux.SdCard( 1608): VolumePaths : 

I/MTP-usbux.SdCard( 1608):          /storage/emulated/0

D/QC-QMI  (  451): Thread state: conn_id=48, state=MAIN_THREAD_CLIENT_RECV

D/QC-QMI  (  451): qmuxd: RX 54 bytes on fd=21 from qmux_client_id=0x4

D/QC-QMI  (  451): Thread state: conn_id=48, state=MAIN_THREAD_MODEM_TX

D/QC-QMI  (  451): qmi_qmux: TX/RX - TX 20 bytes on conn_id=18

D/QC-QMI  (  451): Thread state: conn_id=48, state=MAIN_THREAD_PROCESS_NEW_CLIENT

D/QC-QMI  (  451): Thread state: conn_id=48, state=MAIN_THREAD_WAIT_SELECT

I/MTP-usbux.SdCard( 1608):          /storage/sdcard1

D/QC-QMI  (  451): Thread state: conn_id=18, state=RX_THREAD_WAIT_POLL

D/DefCapUpdaterService(28295): onStartCommand

D/MediaProvider(  919): object removed 85103

D/DefCapUpdaterService(28295): handleMessage

D/QC-QMI  (  451): Thread state: conn_id=18, state=RX_THREAD_WAKELOCK_ACQUIRE

D/QC-QMI  (  451): Thread state: conn_id=18, state=RX_THREAD_WAIT_READ

D/QC-QMI  (  451): Thread state: conn_id=18, state=RX_THREAD_CLIENT_TX

D/QC-QMI  (  451): qmi_qmux: TX/RX - RX 38 bytes on conn_id=18

D/QC-QMI  (  451): qmuxd: TX message on fd=21, to qmux_client_id=0x4, len=72

D/QC-QMI  (  451): Thread state: conn_id=18, state=RX_THREAD_WAKELOCK_RELEASE

D/QC-QMI  (  451): Thread state: conn_id=18, state=RX_THREAD_WAIT_POLL

D/QC-QMI  ( 1023): qmi_client [1023] 4: Received 72 bytes on fd = 12

D/QC-QMI  ( 1023):  API Flag .............. 0 

D/QC-QMI  ( 1023):  Message ID ............... 21862 

D/QC-QMI  ( 1023):  Striping off the standard result code 

E/fast-dormancy( 1023): [FDM]:  rrc_state=0

D/DefCapUpdaterService(28295): getInfo()

I/MTP-usbux.Class( 1608): Current User ID:0,Receiver Process ID:0

W/ContextImpl( 1608): Calling a method in the system process without a qualified user: android.app.ContextImpl.startService:1713 android.content.ContextWrapper.startService:516 android.content.ContextWrapper.startService:516 com.sonyericsson.usbux.service.UsbServiceReceiver.onReceive:73 android.app.ActivityThread.handleReceiver:2673 

D/QC-QMI  ( 1023): Setting the api flag to : 0

D/QC-QMI  ( 1023): qmi_client [1023] 4: sending 54 bytes on fd = 12

D/QC-QMI  (  451): Thread state: conn_id=48, state=MAIN_THREAD_CLIENT_RECV

D/QC-QMI  (  451): qmuxd: RX 54 bytes on fd=21 from qmux_client_id=0x4

D/QC-QMI  (  451): Thread state: conn_id=48, state=MAIN_THREAD_MODEM_TX

D/QC-QMI  (  451): qmi_qmux: TX/RX - TX 20 bytes on conn_id=18

D/QC-QMI  (  451): Thread state: conn_id=48, state=MAIN_THREAD_PROCESS_NEW_CLIENT

D/QC-QMI  (  451): Thread state: conn_id=48, state=MAIN_THREAD_WAIT_SELECT

I/MTP-usbux.Class( 1608): unregisterUserChangeReceiver()

E/DefCapUpdaterService(28295): Could not get HW config revision

D/DefCapUpdaterService(28295): writeXMLFiles()

I/MTP-usbux.Class( 1608): registerUserChangeReceiver()

I/MTP-usbux.Class( 1608): Action = android.hardware.usb.action.USB_STATE

D/QC-QMI  (  451): Thread state: conn_id=18, state=RX_THREAD_WAKELOCK_ACQUIRE

D/QC-QMI  (  451): Thread state: conn_id=18, state=RX_THREAD_WAIT_READ

D/QC-QMI  (  451): Thread state: conn_id=18, state=RX_THREAD_CLIENT_TX

D/QC-QMI  (  451): qmi_qmux: TX/RX - RX 38 bytes on conn_id=18

D/QC-QMI  (  451): qmuxd: TX message on fd=21, to qmux_client_id=0x4, len=72

D/QC-QMI  (  451): Thread state: conn_id=18, state=RX_THREAD_WAKELOCK_RELEASE

D/QC-QMI  (  451): Thread state: conn_id=18, state=RX_THREAD_WAIT_POLL

D/QC-QMI  ( 1023): qmi_client [1023] 4: Received 72 bytes on fd = 12

D/QC-QMI  ( 1023):  API Flag .............. 0 

D/QC-QMI  ( 1023):  Message ID ............... 21862 

D/QC-QMI  ( 1023):  Striping off the standard result code 

E/fast-dormancy( 1023): [FDM]:  rrc_state=0

D/QC-QMI  ( 1023): Setting the api flag to : 0

D/QC-QMI  ( 1023): qmi_client [1023] 4: sending 54 bytes on fd = 12

D/QC-QMI  (  451): Thread state: conn_id=48, state=MAIN_THREAD_CLIENT_RECV

D/QC-QMI  (  451): qmuxd: RX 54 bytes on fd=21 from qmux_client_id=0x4

D/QC-QMI  (  451): Thread state: conn_id=48, state=MAIN_THREAD_MODEM_TX

D/QC-QMI  (  451): qmi_qmux: TX/RX - TX 20 bytes on conn_id=18

D/QC-QMI  (  451): Thread state: conn_id=48, state=MAIN_THREAD_PROCESS_NEW_CLIENT

D/QC-QMI  (  451): Thread state: conn_id=48, state=MAIN_THREAD_WAIT_SELECT

V/DefCapUpdaterService(28295): Removed the record(_id=85103) in MediaProvider database as well.

D/QC-QMI  (  451): Thread state: conn_id=18, state=RX_THREAD_WAKELOCK_ACQUIRE

D/QC-QMI  (  451): Thread state: conn_id=18, state=RX_THREAD_WAIT_READ

D/QC-QMI  (  451): Thread state: conn_id=18, state=RX_THREAD_CLIENT_TX

D/QC-QMI  (  451): qmi_qmux: TX/RX - RX 38 bytes on conn_id=18

D/QC-QMI  (  451): qmuxd: TX message on fd=21, to qmux_client_id=0x4, len=72

D/QC-QMI  (  451): Thread state: conn_id=18, state=RX_THREAD_WAKELOCK_RELEASE

D/QC-QMI  (  451): Thread state: conn_id=18, state=RX_THREAD_WAIT_POLL

D/QC-QMI  ( 1023): qmi_client [1023] 4: Received 72 bytes on fd = 12

D/QC-QMI  ( 1023):  API Flag .............. 0 

D/QC-QMI  ( 1023):  Message ID ............... 21862 

D/QC-QMI  ( 1023):  Striping off the standard result code 

E/fast-dormancy( 1023): [FDM]:  rrc_state=0

D/DefCapUpdaterService(28295): dat= /storage/sdcard1

D/DefCapUpdaterService(28295): writeDefaultXMLFile()

D/QC-QMI  ( 1023): Setting the api flag to : 0

D/QC-QMI  ( 1023): qmi_client [1023] 4: sending 54 bytes on fd = 12

D/QC-QMI  (  451): Thread state: conn_id=48, state=MAIN_THREAD_CLIENT_RECV

D/QC-QMI  (  451): qmuxd: RX 54 bytes on fd=21 from qmux_client_id=0x4

D/QC-QMI  (  451): Thread state: conn_id=48, state=MAIN_THREAD_MODEM_TX

D/QC-QMI  (  451): qmi_qmux: TX/RX - TX 20 bytes on conn_id=18

D/QC-QMI  (  451): Thread state: conn_id=48, state=MAIN_THREAD_PROCESS_NEW_CLIENT

D/QC-QMI  (  451): Thread state: conn_id=48, state=MAIN_THREAD_WAIT_SELECT

D/DefCapUpdaterReceiver(28295): onReceive Intent { act=android.hardware.usb.action.USB_STATE flg=0x30000010 cmp=com.sonyericsson.capabilities/.DefCapUpdaterReceiver (has extras) }

D/DefCapUpdaterReceiver(28295): Current User ID:0,Receiver Process ID:0

D/QC-QMI  (  451): Thread state: conn_id=18, state=RX_THREAD_WAKELOCK_ACQUIRE

D/QC-QMI  (  451): Thread state: conn_id=18, state=RX_THREAD_WAIT_READ

D/QC-QMI  (  451): Thread state: conn_id=18, state=RX_THREAD_CLIENT_TX

D/QC-QMI  (  451): qmi_qmux: TX/RX - RX 38 bytes on conn_id=18

D/QC-QMI  (  451): qmuxd: TX message on fd=21, to qmux_client_id=0x4, len=72

D/QC-QMI  (  451): Thread state: conn_id=18, state=RX_THREAD_WAKELOCK_RELEASE

D/QC-QMI  (  451): Thread state: conn_id=18, state=RX_THREAD_WAIT_POLL

D/QC-QMI  ( 1023): qmi_client [1023] 4: Received 72 bytes on fd = 12

D/QC-QMI  ( 1023):  API Flag .............. 0 

D/QC-QMI  ( 1023):  Message ID ............... 21862 

D/QC-QMI  ( 1023):  Striping off the standard result code 

E/fast-dormancy( 1023): [FDM]:  rrc_state=0

I/MTP-usbux.Class( 1608): Current User ID:0,Receiver Process ID:0

W/ContextImpl( 1608): Calling a method in the system process without a qualified user: android.app.ContextImpl.startService:1713 android.content.ContextWrapper.startService:516 android.content.ContextWrapper.startService:516 com.sonyericsson.usbux.service.UsbServiceReceiver.onReceive:73 android.app.ActivityThread.handleReceiver:2673 

I/MTP-usbux.Class( 1608): Action = android.hardware.usb.action.USB_STATE

D/DefCapUpdaterService(28295): MediaScannerConnectionClient onScanCompleted: /storage/emulated/0/default-capability.xml

I/EntropyMixer(  771): Writing entropy...

D/DefCapUpdaterService(28295): MediaScannerConnectionClient onScanCompleted: /storage/emulated/0/customized-capability.xml

I/ValidateNoPeople(  771): skipping global notification

D/LBSSystemMonitorService(  771): handleMessage what - 7

D/DeviceContext(  771): handleMessage what - 1

D/QC-QMI  (  771): qmi_client [771] a: sending 54 bytes on fd = 301

D/QC-QMI  (  451): Thread state: conn_id=48, state=MAIN_THREAD_CLIENT_RECV

D/QC-QMI  (  451): qmuxd: RX 54 bytes on fd=27 from qmux_client_id=0xa

D/QC-QMI  (  451): Thread state: conn_id=48, state=MAIN_THREAD_MODEM_TX

D/QC-QMI  (  451): qmi_qmux: TX/RX - TX 20 bytes on conn_id=18

D/QC-QMI  (  451): Thread state: conn_id=48, state=MAIN_THREAD_PROCESS_NEW_CLIENT

D/QC-QMI  (  451): Thread state: conn_id=48, state=MAIN_THREAD_WAIT_SELECT

D/TransmitPowerReceiver( 1736): Old PowerLevel: 4, current PowerLevel: 4

I/ValidateNoPeople(  771): skipping global notification

D/TransmitPowerReceiver( 1736): Old PowerLevel: 4, current PowerLevel: 4

D/QC-QMI  (  451): Thread state: conn_id=18, state=RX_THREAD_WAKELOCK_ACQUIRE

D/QC-QMI  (  451): Thread state: conn_id=18, state=RX_THREAD_WAIT_READ

D/QC-QMI  (  451): Thread state: conn_id=18, state=RX_THREAD_CLIENT_TX

D/QC-QMI  (  451): qmi_qmux: TX/RX - RX 20 bytes on conn_id=18

D/QC-QMI  (  451): qmuxd: TX message on fd=27, to qmux_client_id=0xa, len=54

D/QC-QMI  (  451): Thread state: conn_id=18, state=RX_THREAD_WAKELOCK_RELEASE

D/QC-QMI  (  451): Thread state: conn_id=18, state=RX_THREAD_WAIT_POLL

D/QC-QMI  (  771): qmi_client [771] a: Received 54 bytes on fd = 301

D/QC-QMI  (  451): Thread state: conn_id=18, state=RX_THREAD_WAKELOCK_ACQUIRE

D/QC-QMI  (  451): Thread state: conn_id=18, state=RX_THREAD_WAIT_READ

D/QC-QMI  (  451): Thread state: conn_id=18, state=RX_THREAD_CLIENT_TX

D/QC-QMI  (  451): qmi_qmux: TX/RX - RX 20 bytes on conn_id=18

D/QC-QMI  (  451): qmuxd: TX message on fd=27, to qmux_client_id=0xa, len=54

D/QC-QMI  (  451): Thread state: conn_id=18, state=RX_THREAD_WAKELOCK_RELEASE

D/QC-QMI  (  451): Thread state: conn_id=18, state=RX_THREAD_WAIT_POLL

D/QC-QMI  (  771): qmi_client [771] a: Received 54 bytes on fd = 301

D/QC-QMI  ( 1023): Setting the api flag to : 0

D/QC-QMI  ( 1023): qmi_client [1023] 4: sending 54 bytes on fd = 12

D/QC-QMI  (  451): Thread state: conn_id=48, state=MAIN_THREAD_CLIENT_RECV

D/QC-QMI  (  451): qmuxd: RX 54 bytes on fd=21 from qmux_client_id=0x4

D/QC-QMI  (  451): Thread state: conn_id=48, state=MAIN_THREAD_MODEM_TX

D/QC-QMI  (  451): qmi_qmux: TX/RX - TX 20 bytes on conn_id=18

D/QC-QMI  (  451): Thread state: conn_id=48, state=MAIN_THREAD_PROCESS_NEW_CLIENT

D/QC-QMI  (  451): Thread state: conn_id=48, state=MAIN_THREAD_WAIT_SELECT

I/Timeline(28166): Timeline: Activity_launch_request id:com.android.settings time:26902319

I/ActivityManager(  771): START u0 {cmp=com.android.settings/.AppPicker} from uid 1000 on display 0

D/DefCapUpdaterReceiver(28295): onReceive Intent { act=android.hardware.usb.action.USB_STATE flg=0x30000010 cmp=com.sonyericsson.capabilities/.DefCapUpdaterReceiver (has extras) }

D/DefCapUpdaterReceiver(28295): Current User ID:0,Receiver Process ID:0

V/WindowManager(  771): addAppToken: AppWindowToken{198b2470 token=Token{3fbfd6b3 ActivityRecord{e98ac22 u0 com.android.settings/.AppPicker t1099}}} to stack=1 task=1099 at 2

D/DefCapUpdaterService(28295): onStartCommand

D/DefCapUpdaterService(28295): handleMessage

D/QC-QMI  (  451): Thread state: conn_id=18, state=RX_THREAD_WAKELOCK_ACQUIRE

D/QC-QMI  (  451): Thread state: conn_id=18, state=RX_THREAD_WAIT_READ

D/QC-QMI  (  451): Thread state: conn_id=18, state=RX_THREAD_CLIENT_TX

D/QC-QMI  (  451): qmi_qmux: TX/RX - RX 38 bytes on conn_id=18

D/QC-QMI  (  451): qmuxd: TX message on fd=21, to qmux_client_id=0x4, len=72

D/QC-QMI  (  451): Thread state: conn_id=18, state=RX_THREAD_WAKELOCK_RELEASE

D/QC-QMI  (  451): Thread state: conn_id=18, state=RX_THREAD_WAIT_POLL

D/QC-QMI  ( 1023): qmi_client [1023] 4: Received 72 bytes on fd = 12

D/QC-QMI  ( 1023):  API Flag .............. 0 

D/QC-QMI  ( 1023):  Message ID ............... 21862 

D/QC-QMI  ( 1023):  Striping off the standard result code 

E/fast-dormancy( 1023): [FDM]:  rrc_state=0

D/QC-QMI  ( 1023): Setting the api flag to : 0

D/QC-QMI  ( 1023): qmi_client [1023] 4: sending 54 bytes on fd = 12

D/QC-QMI  (  451): Thread state: conn_id=48, state=MAIN_THREAD_CLIENT_RECV

D/QC-QMI  (  451): qmuxd: RX 54 bytes on fd=21 from qmux_client_id=0x4

D/QC-QMI  (  451): Thread state: conn_id=48, state=MAIN_THREAD_MODEM_TX

D/QC-QMI  (  451): qmi_qmux: TX/RX - TX 20 bytes on conn_id=18

D/QC-QMI  (  451): Thread state: conn_id=48, state=MAIN_THREAD_PROCESS_NEW_CLIENT

D/QC-QMI  (  451): Thread state: conn_id=48, state=MAIN_THREAD_WAIT_SELECT

I/MTP-usbux.SdCard( 1608): VolumePaths : 

I/MTP-usbux.SdCard( 1608):          /storage/emulated/0

I/MTP-usbux.SdCard( 1608):          /storage/sdcard1

D/TransmitPowerReceiver( 1736): Old PowerLevel: 4, current PowerLevel: 4

D/DefCapUpdaterService(28295): getInfo()

D/QC-QMI  (  451): Thread state: conn_id=18, state=RX_THREAD_WAKELOCK_ACQUIRE

D/QC-QMI  (  451): Thread state: conn_id=18, state=RX_THREAD_WAIT_READ

D/QC-QMI  (  451): Thread state: conn_id=18, state=RX_THREAD_CLIENT_TX

D/QC-QMI  (  451): qmi_qmux: TX/RX - RX 38 bytes on conn_id=18

D/QC-QMI  (  451): qmuxd: TX message on fd=21, to qmux_client_id=0x4, len=72

D/QC-QMI  (  451): Thread state: conn_id=18, state=RX_THREAD_WAKELOCK_RELEASE

D/QC-QMI  (  451): Thread state: conn_id=18, state=RX_THREAD_WAIT_POLL

D/QC-QMI  ( 1023): qmi_client [1023] 4: Received 72 bytes on fd = 12

D/QC-QMI  ( 1023):  API Flag .............. 0 

D/QC-QMI  ( 1023):  Message ID ............... 21862 

D/QC-QMI  ( 1023):  Striping off the standard result code 

E/fast-dormancy( 1023): [FDM]:  rrc_state=0

D/QC-QMI  ( 1023): Setting the api flag to : 0

D/QC-QMI  ( 1023): qmi_client [1023] 4: sending 54 bytes on fd = 12

D/QC-QMI  (  451): Thread state: conn_id=48, state=MAIN_THREAD_CLIENT_RECV

D/QC-QMI  (  451): qmuxd: RX 54 bytes on fd=21 from qmux_client_id=0x4

D/QC-QMI  (  451): Thread state: conn_id=48, state=MAIN_THREAD_MODEM_TX

D/QC-QMI  (  451): qmi_qmux: TX/RX - TX 20 bytes on conn_id=18

D/QC-QMI  (  451): Thread state: conn_id=48, state=MAIN_THREAD_PROCESS_NEW_CLIENT

D/QC-QMI  (  451): Thread state: conn_id=48, state=MAIN_THREAD_WAIT_SELECT

I/MTP-usbux.Class( 1608): unregisterUserChangeReceiver()

I/MTP-usbux.Class( 1608): Current User ID:0,Receiver Process ID:0

W/ContextImpl( 1608): Calling a method in the system process without a qualified user: android.app.ContextImpl.startService:1713 android.content.ContextWrapper.startService:516 android.content.ContextWrapper.startService:516 com.sonyericsson.usbux.service.UsbServiceReceiver.onReceive:73 android.app.ActivityThread.handleReceiver:2673 

D/QC-QMI  (  451): Thread state: conn_id=18, state=RX_THREAD_WAKELOCK_ACQUIRE

D/QC-QMI  (  451): Thread state: conn_id=18, state=RX_THREAD_WAIT_READ

D/QC-QMI  (  451): Thread state: conn_id=18, state=RX_THREAD_CLIENT_TX

D/QC-QMI  (  451): qmi_qmux: TX/RX - RX 38 bytes on conn_id=18

D/QC-QMI  (  451): qmuxd: TX message on fd=21, to qmux_client_id=0x4, len=72

D/QC-QMI  (  451): Thread state: conn_id=18, state=RX_THREAD_WAKELOCK_RELEASE

D/QC-QMI  (  451): Thread state: conn_id=18, state=RX_THREAD_WAIT_POLL

D/QC-QMI  ( 1023): qmi_client [1023] 4: Received 72 bytes on fd = 12

D/QC-QMI  ( 1023):  API Flag .............. 0 

D/QC-QMI  ( 1023):  Message ID ............... 21862 

D/QC-QMI  ( 1023):  Striping off the standard result code 

E/fast-dormancy( 1023): [FDM]:  rrc_state=0

I/MTP-usbux.Class( 1608): registerUserChangeReceiver()

I/MTP-usbux.Class( 1608): Action = android.hardware.usb.action.USB_STATE

E/DefCapUpdaterService(28295): Could not get HW config revision

D/DefCapUpdaterService(28295): writeXMLFiles()

W/ResourceType(28166): Found multiple library tables, ignoring...

D/QC-QMI  ( 1023): Setting the api flag to : 0

D/QC-QMI  ( 1023): qmi_client [1023] 4: sending 54 bytes on fd = 12

D/QC-QMI  (  451): Thread state: conn_id=48, state=MAIN_THREAD_CLIENT_RECV

D/QC-QMI  (  451): qmuxd: RX 54 bytes on fd=21 from qmux_client_id=0x4

D/QC-QMI  (  451): Thread state: conn_id=48, state=MAIN_THREAD_MODEM_TX

D/QC-QMI  (  451): qmi_qmux: TX/RX - TX 20 bytes on conn_id=18

D/QC-QMI  (  451): Thread state: conn_id=48, state=MAIN_THREAD_PROCESS_NEW_CLIENT

D/QC-QMI  (  451): Thread state: conn_id=48, state=MAIN_THREAD_WAIT_SELECT

V/WindowManager(  771): Adding window Window{7ee1721 u0 com.android.settings/com.android.settings.AppPicker} at 7 of 14 (after Window{32b139e u0 com.android.settings/com.android.settings.SubSettings})

I/ValidateNoPeople(  771): skipping global notification

D/DefCapUpdaterReceiver(28295): onReceive Intent { act=android.hardware.usb.action.USB_STATE flg=0x30000010 cmp=com.sonyericsson.capabilities/.DefCapUpdaterReceiver (has extras) }

D/DefCapUpdaterReceiver(28295): Current User ID:0,Receiver Process ID:0

D/QC-QMI  (  451): Thread state: conn_id=18, state=RX_THREAD_WAKELOCK_ACQUIRE

D/QC-QMI  (  451): Thread state: conn_id=18, state=RX_THREAD_WAIT_READ

D/QC-QMI  (  451): Thread state: conn_id=18, state=RX_THREAD_CLIENT_TX

D/QC-QMI  (  451): qmi_qmux: TX/RX - RX 38 bytes on conn_id=18

D/QC-QMI  (  451): qmuxd: TX message on fd=21, to qmux_client_id=0x4, len=72

D/QC-QMI  (  451): Thread state: conn_id=18, state=RX_THREAD_WAKELOCK_RELEASE

D/QC-QMI  (  451): Thread state: conn_id=18, state=RX_THREAD_WAIT_POLL

D/QC-QMI  ( 1023): qmi_client [1023] 4: Received 72 bytes on fd = 12

D/QC-QMI  ( 1023):  API Flag .............. 0 

D/QC-QMI  ( 1023):  Message ID ............... 21862 

D/QC-QMI  ( 1023):  Striping off the standard result code 

E/fast-dormancy( 1023): [FDM]:  rrc_state=0

I/MTP-usbux.Class( 1608): Current User ID:0,Receiver Process ID:0

W/ContextImpl( 1608): Calling a method in the system process without a qualified user: android.app.ContextImpl.startService:1713 android.content.ContextWrapper.startService:516 android.content.ContextWrapper.startService:516 com.sonyericsson.usbux.service.UsbServiceReceiver.onReceive:73 android.app.ActivityThread.handleReceiver:2673 

I/MTP-usbux.Class( 1608): Action = android.hardware.usb.action.USB_STATE

I/ActivityManager(  771): Displayed com.android.settings/.AppPicker: +297ms

D/QC-QMI  ( 1023): Setting the api flag to : 0

D/QC-QMI  ( 1023): qmi_client [1023] 4: sending 54 bytes on fd = 12

D/QC-QMI  (  451): Thread state: conn_id=48, state=MAIN_THREAD_CLIENT_RECV

D/QC-QMI  (  451): qmuxd: RX 54 bytes on fd=21 from qmux_client_id=0x4

D/QC-QMI  (  451): Thread state: conn_id=48, state=MAIN_THREAD_MODEM_TX

D/QC-QMI  (  451): qmi_qmux: TX/RX - TX 20 bytes on conn_id=18

D/QC-QMI  (  451): Thread state: conn_id=48, state=MAIN_THREAD_PROCESS_NEW_CLIENT

D/QC-QMI  (  451): Thread state: conn_id=48, state=MAIN_THREAD_WAIT_SELECT

D/TransmitPowerReceiver( 1736): Old PowerLevel: 4, current PowerLevel: 4

D/TransmitPowerReceiver( 1736): Old PowerLevel: 4, current PowerLevel: 4

D/QC-QMI  (  451): Thread state: conn_id=18, state=RX_THREAD_WAKELOCK_ACQUIRE

D/QC-QMI  (  451): Thread state: conn_id=18, state=RX_THREAD_WAIT_READ

D/QC-QMI  (  451): Thread state: conn_id=18, state=RX_THREAD_CLIENT_TX

D/QC-QMI  (  451): qmi_qmux: TX/RX - RX 38 bytes on conn_id=18

D/QC-QMI  (  451): qmuxd: TX message on fd=21, to qmux_client_id=0x4, len=72

D/QC-QMI  (  451): Thread state: conn_id=18, state=RX_THREAD_WAKELOCK_RELEASE

D/QC-QMI  (  451): Thread state: conn_id=18, state=RX_THREAD_WAIT_POLL

D/QC-QMI  ( 1023): qmi_client [1023] 4: Received 72 bytes on fd = 12

D/QC-QMI  ( 1023):  API Flag .............. 0 

D/QC-QMI  ( 1023):  Message ID ............... 21862 

D/QC-QMI  ( 1023):  Striping off the standard result code 

E/fast-dormancy( 1023): [FDM]:  rrc_state=0

D/QC-QMI  ( 1023): Setting the api flag to : 0

D/QC-QMI  ( 1023): qmi_client [1023] 4: sending 54 bytes on fd = 12

D/QC-QMI  (  451): Thread state: conn_id=48, state=MAIN_THREAD_CLIENT_RECV

D/QC-QMI  (  451): qmuxd: RX 54 bytes on fd=21 from qmux_client_id=0x4

D/QC-QMI  (  451): Thread state: conn_id=48, state=MAIN_THREAD_MODEM_TX

D/QC-QMI  (  451): qmi_qmux: TX/RX - TX 20 bytes on conn_id=18

D/QC-QMI  (  451): Thread state: conn_id=48, state=MAIN_THREAD_PROCESS_NEW_CLIENT

D/QC-QMI  (  451): Thread state: conn_id=48, state=MAIN_THREAD_WAIT_SELECT

I/Timeline(28166): Timeline: Activity_idle id: android.os.BinderProxy@3dba20ca time:26902680

D/QC-QMI  (  451): Thread state: conn_id=18, state=RX_THREAD_WAKELOCK_ACQUIRE

D/QC-QMI  (  451): Thread state: conn_id=18, state=RX_THREAD_WAIT_READ

D/QC-QMI  (  451): Thread state: conn_id=18, state=RX_THREAD_CLIENT_TX

D/QC-QMI  (  451): qmi_qmux: TX/RX - RX 38 bytes on conn_id=18

D/QC-QMI  (  451): qmuxd: TX message on fd=21, to qmux_client_id=0x4, len=72

D/QC-QMI  (  451): Thread state: conn_id=18, state=RX_THREAD_WAKELOCK_RELEASE

D/QC-QMI  (  451): Thread state: conn_id=18, state=RX_THREAD_WAIT_POLL

D/QC-QMI  ( 1023): qmi_client [1023] 4: Received 72 bytes on fd = 12

D/QC-QMI  ( 1023):  API Flag .............. 0 

D/QC-QMI  ( 1023):  Message ID ............... 21862 

D/QC-QMI  ( 1023):  Striping off the standard result code 

E/fast-dormancy( 1023): [FDM]:  rrc_state=0

D/QC-QMI  ( 1023): Setting the api flag to : 0

D/QC-QMI  ( 1023): qmi_client [1023] 4: sending 54 bytes on fd = 12

D/QC-QMI  (  451): Thread state: conn_id=48, state=MAIN_THREAD_CLIENT_RECV

D/QC-QMI  (  451): qmuxd: RX 54 bytes on fd=21 from qmux_client_id=0x4

D/QC-QMI  (  451): Thread state: conn_id=48, state=MAIN_THREAD_MODEM_TX

D/QC-QMI  (  451): qmi_qmux: TX/RX - TX 20 bytes on conn_id=18

D/QC-QMI  (  451): Thread state: conn_id=48, state=MAIN_THREAD_PROCESS_NEW_CLIENT

D/QC-QMI  (  451): Thread state: conn_id=48, state=MAIN_THREAD_WAIT_SELECT

D/QC-QMI  (  451): Thread state: conn_id=18, state=RX_THREAD_WAKELOCK_ACQUIRE

D/QC-QMI  (  451): Thread state: conn_id=18, state=RX_THREAD_WAIT_READ

D/QC-QMI  (  451): Thread state: conn_id=18, state=RX_THREAD_CLIENT_TX

D/QC-QMI  (  451): qmi_qmux: TX/RX - RX 38 bytes on conn_id=18

D/QC-QMI  (  451): qmuxd: TX message on fd=21, to qmux_client_id=0x4, len=72

D/QC-QMI  (  451): Thread state: conn_id=18, state=RX_THREAD_WAKELOCK_RELEASE

D/QC-QMI  (  451): Thread state: conn_id=18, state=RX_THREAD_WAIT_POLL

D/QC-QMI  ( 1023): qmi_client [1023] 4: Received 72 bytes on fd = 12

D/QC-QMI  ( 1023):  API Flag .............. 0 

D/QC-QMI  ( 1023):  Message ID ............... 21862 

D/QC-QMI  ( 1023):  Striping off the standard result code 

E/fast-dormancy( 1023): [FDM]:  rrc_state=0

D/DefCapUpdaterReceiver(28295): onReceive Intent { act=android.hardware.usb.action.USB_STATE flg=0x30000010 cmp=com.sonyericsson.capabilities/.DefCapUpdaterReceiver (has extras) }

D/DefCapUpdaterReceiver(28295): Current User ID:0,Receiver Process ID:0

D/MtpService(  919): updating state; isCurrentUser=true, mMtpLocked=false

I/MTP-usbux.Class( 1608): Current User ID:0,Receiver Process ID:0

W/ContextImpl( 1608): Calling a method in the system process without a qualified user: android.app.ContextImpl.startService:1713 android.content.ContextWrapper.startService:516 android.content.ContextWrapper.startService:516 com.sonyericsson.usbux.service.UsbServiceReceiver.onReceive:73 android.app.ActivityThread.handleReceiver:2673 

D/MtpService(  919): updating state; isCurrentUser=true, mMtpLocked=false

D/MtpService(  919): starting MTP server in MTP mode

I/MTP-usbux.Class( 1608): Action = android.hardware.usb.action.USB_STATE

I/MTP-usbux.UsbService( 1608): isMscMode = false, isMtpMode = true

I/MTP-usbux.SdCard( 1608): VolumePaths : 

I/MTP-usbux.SdCard( 1608):          /storage/emulated/0

I/MTP-usbux.SdCard( 1608):          /storage/sdcard1

E/WifiStateMachine(  771): WifiStateMachine CMD_START_SCAN source -2 txSuccessRate=15,50 rxSuccessRate=17,25 targetRoamBSSID=90:5c:44:f4:1b:73 RSSI=-43

E/WifiStateMachine(  771): WifiStateMachine starting scan for "Bad_Place"-WPA_PSK with 2412,5180

I/WifiHAL (  771): Poll result = 1

I/WifiHAL (  771): Found some events!!!

D/WifiHAL (  771): no_seq_check received

I/WifiHAL (  771): event received NL80211_CMD_TRIGGER_SCAN

I/WifiHAL (  771): event received NL80211_CMD_TRIGGER_SCAN, vendor_id = 0x0

I/WifiHAL (  771): event ignored!!

D/MtpService(  919): starting MTP server in MTP mode

D/MtpServerJNI(  919): Transport mode : USB

I/Timeline(  771): Timeline: Activity_windows_visible id: ActivityRecord{e98ac22 u0 com.android.settings/.AppPicker t1099} time:26902822

I/WifiHAL (  771): Poll result = 1

I/WifiHAL (  771): Found some events!!!

D/WifiHAL (  771): no_seq_check received

I/WifiHAL (  771): event received NL80211_CMD_NEW_SCAN_RESULTS

I/WifiHAL (  771): event received NL80211_CMD_NEW_SCAN_RESULTS, vendor_id = 0x0

I/WifiHAL (  771): event ignored!!

D/wifi_gbk2utf(  771): parseScanResults, line=id=170

D/wifi_gbk2utf(  771):  

D/wifi_gbk2utf(  771): parseScanResults, line=bssid=90:5c:44:f4:1b:73

D/wifi_gbk2utf(  771):  

D/wifi_gbk2utf(  771): parseScanResults, line=freq=5180

D/wifi_gbk2utf(  771):  

D/wifi_gbk2utf(  771): parseScanResults, line=level=-43

D/wifi_gbk2utf(  771):  

D/wifi_gbk2utf(  771): parseScanResults, line=tsf=0000091872547297

D/wifi_gbk2utf(  771):  

D/wifi_gbk2utf(  771): parseScanResults, line=flags=[WPA-PSK-TKIP][WPA2-PSK-CCMP][WPS][ESS]

D/wifi_gbk2utf(  771):  

D/wifi_gbk2utf(  771): parseScanResults, line=ssid=Bad_Place

D/wifi_gbk2utf(  771):  

D/wifi_gbk2utf(  771): parseScanResults, ssid = Bad_Place, buf = Bad_Place,isUTF8= 0, isCh = 0

D/wifi_gbk2utf(  771): parseScanResults, line=====

D/wifi_gbk2utf(  771):  

D/wifi_gbk2utf(  771): After sscanf,ssid:Bad_Place, isCh:0

D/wifi_gbk2utf(  771): parseScanResults, line=id=395

D/wifi_gbk2utf(  771):  

D/wifi_gbk2utf(  771): parseScanResults, line=bssid=90:5c:44:f4:1b:7b

D/wifi_gbk2utf(  771):  

D/wifi_gbk2utf(  771): parseScanResults, line=freq=2412

D/wifi_gbk2utf(  771):  

D/wifi_gbk2utf(  771): parseScanResults, line=level=-43

D/wifi_gbk2utf(  771):  

D/wifi_gbk2utf(  771): parseScanResults, line=tsf=0000091872547328

D/wifi_gbk2utf(  771):  

D/wifi_gbk2utf(  771): parseScanResults, line=flags=[WPA-PSK-][WPA2-PSK-CCMP+TKIP][WPS][ESS]

D/wifi_gbk2utf(  771):  

D/wifi_gbk2utf(  771): parseScanResults, line=ssid=Bad_Place

D/wifi_gbk2utf(  771):  

D/wifi_gbk2utf(  771): parseScanResults, ssid = Bad_Place, buf = Bad_Place,isUTF8= 0, isCh = 0

D/wifi_gbk2utf(  771): parseScanResults, line=====

D/wifi_gbk2utf(  771):  

D/wifi_gbk2utf(  771): After sscanf,ssid:Bad_Place, isCh:0

D/wifi_gbk2utf(  771): parseScanResults, line=id=396

D/wifi_gbk2utf(  771):  

D/wifi_gbk2utf(  771): parseScanResults, line=bssid=90:5c:44:d6:17:0b

D/wifi_gbk2utf(  771):  

D/wifi_gbk2utf(  771): parseScanResults, line=freq=2462

D/wifi_gbk2utf(  771):  

D/wifi_gbk2utf(  771): parseScanResults, line=level=-62

D/wifi_gbk2utf(  771):  

D/wifi_gbk2utf(  771): parseScanResults, line=tsf=0000091872547328

D/wifi_gbk2utf(  771):  

D/wifi_gbk2utf(  771): parseScanResults, line=flags=[WPA-PSK-][WPA2-PSK-CCMP+TKIP][WPS][ESS]

D/wifi_gbk2utf(  771):  

D/wifi_gbk2utf(  771): parseScanResults, line=ssid=Kikishek

D/wifi_gbk2utf(  771):  

D/wifi_gbk2utf(  771): parseScanResults, ssid = Kikishek, buf = Kikishek,isUTF8= 0, isCh = 0

D/wifi_gbk2utf(  771): parseScanResults, line=====

D/wifi_gbk2utf(  771):  

D/wifi_gbk2utf(  771): After sscanf,ssid:Kikishek, isCh:0

D/wifi_gbk2utf(  771): parseScanResults, line=id=397

D/wifi_gbk2utf(  771):  

D/wifi_gbk2utf(  771): parseScanResults, line=bssid=92:5c:34:d6:17:0b

D/wifi_gbk2utf(  771):  

D/wifi_gbk2utf(  771): parseScanResults, line=freq=2462

D/wifi_gbk2utf(  771):  

D/wifi_gbk2utf(  771): parseScanResults, line=level=-61

D/wifi_gbk2utf(  771):  

D/wifi_gbk2utf(  771): parseScanResults, line=tsf=0000091872547358

D/wifi_gbk2utf(  771):  

D/wifi_gbk2utf(  771): parseScanResults, line=flags=[WPA2-PSK-CCMP][ESS]

D/wifi_gbk2utf(  771):  

D/wifi_gbk2utf(  771): parseScanResults, line=ssid=Kikishek_guest

D/wifi_gbk2utf(  771):  

D/wifi_gbk2utf(  771): parseScanResults, ssid = Kikishek_guest, buf = Kikishek_guest,isUTF8= 0, isCh = 0

D/wifi_gbk2utf(  771): parseScanResults, line=====

D/wifi_gbk2utf(  771):  

D/wifi_gbk2utf(  771): After sscanf,ssid:Kikishek_guest, isCh:0

D/wifi_gbk2utf(  771): parseScanResults, line=id=398

D/wifi_gbk2utf(  771):  

D/wifi_gbk2utf(  771): parseScanResults, line=bssid=ac:22:05:cb:fb:8b

D/wifi_gbk2utf(  771):  

D/wifi_gbk2utf(  771): parseScanResults, line=freq=5180

D/wifi_gbk2utf(  771):  

D/wifi_gbk2utf(  771): parseScanResults, line=level=-79

D/wifi_gbk2utf(  771):  

D/wifi_gbk2utf(  771): parseScanResults, line=tsf=0000091872547358

D/wifi_gbk2utf(  771):  

D/wifi_gbk2utf(  771): parseScanResults, line=flags=[WPA-PSK-TKIP][WPA2-PSK-CCMP][WPS][ESS]

D/wifi_gbk2utf(  771):  

D/wifi_gbk2utf(  771): parseScanResults, line=ssid=Januzi

D/wifi_gbk2utf(  771):  

D/wifi_gbk2utf(  771): parseScanResults, ssid = Januzi, buf = Januzi,isUTF8= 0, isCh = 0

D/wifi_gbk2utf(  771): parseScanResults, line=====

D/wifi_gbk2utf(  771):  

D/wifi_gbk2utf(  771): After sscanf,ssid:Januzi, isCh:0

D/wifi_gbk2utf(  771): parseScanResults, line=id=399

D/wifi_gbk2utf(  771):  

D/wifi_gbk2utf(  771): parseScanResults, line=bssid=90:5c:44:d6:16:cc

D/wifi_gbk2utf(  771):  

D/wifi_gbk2utf(  771): parseScanResults, line=freq=5300

D/wifi_gbk2utf(  771):  

D/wifi_gbk2utf(  771): parseScanResults, line=level=-84

D/wifi_gbk2utf(  771):  

D/wifi_gbk2utf(  771): parseScanResults, line=tsf=0000091872547389

D/wifi_gbk2utf(  771):  

D/wifi_gbk2utf(  771): parseScanResults, line=flags=[WPA-PSK-TKIP][WPA2-PSK-CCMP][WPS][ESS]

D/wifi_gbk2utf(  771):  

D/wifi_gbk2utf(  771): parseScanResults, line=ssid=Kikishek

D/wifi_gbk2utf(  771):  

D/wifi_gbk2utf(  771): parseScanResults, ssid = Kikishek, buf = Kikishek,isUTF8= 0, isCh = 0

D/wifi_gbk2utf(  771): parseScanResults, line=====

D/wifi_gbk2utf(  771):  

D/wifi_gbk2utf(  771): After sscanf,ssid:Kikishek, isCh:0

D/wifi_gbk2utf(  771): parseScanResults, line=id=400

D/wifi_gbk2utf(  771):  

D/wifi_gbk2utf(  771): parseScanResults, line=bssid=92:5c:44:d6:15:cf

D/wifi_gbk2utf(  771):  

D/wifi_gbk2utf(  771): parseScanResults, line=freq=5300

D/wifi_gbk2utf(  771):  

D/wifi_gbk2utf(  771): parseScanResults, line=level=-83

D/wifi_gbk2utf(  771):  

D/wifi_gbk2utf(  771): parseScanResults, line=tsf=0000091872547358

D/wifi_gbk2utf(  771):  

D/wifi_gbk2utf(  771): parseScanResults, line=flags=[WPA2-PSK-CCMP][ESS]

D/wifi_gbk2utf(  771):  

D/wifi_gbk2utf(  771): parseScanResults, line=ssid=Kikishek_guest

D/wifi_gbk2utf(  771):  

D/wifi_gbk2utf(  771): parseScanResults, ssid = Kikishek_guest, buf = Kikishek_guest,isUTF8= 0, isCh = 0

D/wifi_gbk2utf(  771): parseScanResults, line=====

D/wifi_gbk2utf(  771):  

D/wifi_gbk2utf(  771): After sscanf,ssid:Kikishek_guest, isCh:0

D/wifi_gbk2utf(  771): parseScanResults, line=id=401

D/wifi_gbk2utf(  771):  

D/wifi_gbk2utf(  771): parseScanResults, line=bssid=ac:22:05:cb:fb:d2

D/wifi_gbk2utf(  771):  

D/wifi_gbk2utf(  771): parseScanResults, line=freq=2462

D/wifi_gbk2utf(  771):  

D/wifi_gbk2utf(  771): parseScanResults, line=level=-75

D/wifi_gbk2utf(  771):  

D/wifi_gbk2utf(  771): parseScanResults, line=tsf=0000091872547358

D/wifi_gbk2utf(  771):  

D/wifi_gbk2utf(  771): parseScanResults, line=flags=[WPA-PSK-][WPA2-PSK-CCMP+TKIP][WPS][ESS]

D/wifi_gbk2utf(  771):  

D/wifi_gbk2utf(  771): parseScanResults, line=ssid=Januzi

D/wifi_gbk2utf(  771):  

D/wifi_gbk2utf(  771): parseScanResults, ssid = Januzi, buf = Januzi,isUTF8= 0, isCh = 0

D/wifi_gbk2utf(  771): parseScanResults, line=====

D/wifi_gbk2utf(  771):  

D/wifi_gbk2utf(  771): After sscanf,ssid:Januzi, isCh:0

D/wifi_gbk2utf(  771): parseScanResults, line=id=406

D/wifi_gbk2utf(  771):  

D/wifi_gbk2utf(  771): parseScanResults, line=bssid=ae:22:15:cb:fb:d2

D/wifi_gbk2utf(  771):  

D/wifi_gbk2utf(  771): parseScanResults, line=freq=2462

D/wifi_gbk2utf(  771):  

D/wifi_gbk2utf(  771): parseScanResults, line=level=-73

D/wifi_gbk2utf(  771):  

D/wifi_gbk2utf(  771): parseScanResults, line=tsf=0000091872547358

D/wifi_gbk2utf(  771):  

D/wifi_gbk2utf(  771): parseScanResults, line=flags=[WPA2-EAP-CCMP+TKIP][ESS]

D/wifi_gbk2utf(  771):  

D/wifi_gbk2utf(  771): parseScanResults, line=ssid=Unitymedia WifiSpot

D/wifi_gbk2utf(  771):  

D/wifi_gbk2utf(  771): parseScanResults, ssid = Unitymedia WifiSpot, buf = Unitymedia WifiSpot,isUTF8= 0, isCh = 0

D/wifi_gbk2utf(  771): parseScanResults, line=#### 

D/MediaProvider(  919): object removed 85104

D/DefCapUpdaterService(28295): copyCustomizedXMLFile()

D/QC-QMI  ( 1023): Setting the api flag to : 0

D/QC-QMI  ( 1023): qmi_client [1023] 4: sending 54 bytes on fd = 12

D/QC-QMI  (  451): Thread state: conn_id=48, state=MAIN_THREAD_CLIENT_RECV

D/QC-QMI  (  451): qmuxd: RX 54 bytes on fd=21 from qmux_client_id=0x4

D/QC-QMI  (  451): Thread state: conn_id=48, state=MAIN_THREAD_MODEM_TX

D/QC-QMI  (  451): qmi_qmux: TX/RX - TX 20 bytes on conn_id=18

D/QC-QMI  (  451): Thread state: conn_id=48, state=MAIN_THREAD_PROCESS_NEW_CLIENT

D/QC-QMI  (  451): Thread state: conn_id=48, state=MAIN_THREAD_WAIT_SELECT

D/QC-QMI  (  451): Thread state: conn_id=18, state=RX_THREAD_WAKELOCK_ACQUIRE

D/QC-QMI  (  451): Thread state: conn_id=18, state=RX_THREAD_WAIT_READ

D/QC-QMI  (  451): Thread state: conn_id=18, state=RX_THREAD_CLIENT_TX

D/QC-QMI  (  451): qmi_qmux: TX/RX - RX 38 bytes on conn_id=18

D/QC-QMI  (  451): qmuxd: TX message on fd=21, to qmux_client_id=0x4, len=72

D/QC-QMI  (  451): Thread state: conn_id=18, state=RX_THREAD_WAKELOCK_RELEASE

D/QC-QMI  (  451): Thread state: conn_id=18, state=RX_THREAD_WAIT_POLL

D/QC-QMI  ( 1023): qmi_client [1023] 4: Received 72 bytes on fd = 12

D/QC-QMI  ( 1023):  API Flag .............. 0 

D/QC-QMI  ( 1023):  Message ID ............... 21862 

D/QC-QMI  ( 1023):  Striping off the standard result code 

E/fast-dormancy( 1023): [FDM]:  rrc_state=0

D/DefCapUpdaterService(28295): MediaScannerConnectionClient onScanCompleted: /storage/sdcard1/default-capability.xml

V/DefCapUpdaterService(28295): File 'customized-capability.xml' has been deleted in file system

D/MediaProvider(  919): object removed 85105

V/DefCapUpdaterService(28295): Removed the record(_id=85105) in MediaProvider database as well.

D/DefCapUpdaterService(28295): onDestroy()

D/DefCapUpdaterService(28295): MediaScannerConnectionClient onScanCompleted: /storage/sdcard1/customized-capability.xml

D/QC-QMI  ( 1023): Setting the api flag to : 0

D/QC-QMI  ( 1023): qmi_client [1023] 4: sending 54 bytes on fd = 12

D/QC-QMI  (  451): Thread state: conn_id=48, state=MAIN_THREAD_CLIENT_RECV

D/QC-QMI  (  451): qmuxd: RX 54 bytes on fd=21 from qmux_client_id=0x4

D/QC-QMI  (  451): Thread state: conn_id=48, state=MAIN_THREAD_MODEM_TX

D/QC-QMI  (  451): qmi_qmux: TX/RX - TX 20 bytes on conn_id=18

D/QC-QMI  (  451): Thread state: conn_id=48, state=MAIN_THREAD_PROCESS_NEW_CLIENT

D/QC-QMI  (  451): Thread state: conn_id=48, state=MAIN_THREAD_WAIT_SELECT

D/QC-QMI  (  451): Thread state: conn_id=18, state=RX_THREAD_WAKELOCK_ACQUIRE

D/QC-QMI  (  451): Thread state: conn_id=18, state=RX_THREAD_WAIT_READ

D/QC-QMI  (  451): Thread state: conn_id=18, state=RX_THREAD_CLIENT_TX

D/QC-QMI  (  451): qmi_qmux: TX/RX - RX 38 bytes on conn_id=18

D/QC-QMI  (  451): qmuxd: TX message on fd=21, to qmux_client_id=0x4, len=72

D/QC-QMI  (  451): Thread state: conn_id=18, state=RX_THREAD_WAKELOCK_RELEASE

D/QC-QMI  (  451): Thread state: conn_id=18, state=RX_THREAD_WAIT_POLL

D/QC-QMI  ( 1023): qmi_client [1023] 4: Received 72 bytes on fd = 12

D/QC-QMI  ( 1023):  API Flag .............. 0 

D/QC-QMI  ( 1023):  Message ID ............... 21862 

D/QC-QMI  ( 1023):  Striping off the standard result code 

E/fast-dormancy( 1023): [FDM]:  rrc_state=0

I/ActivityManager(  771): Force stopping org.test.calcgame appid=10077 user=-1: set debug app

W/Settings(28166): Setting bugreport_in_power_menu has moved from android.provider.Settings.Secure to android.provider.Settings.Global.

D/QC-QMI  ( 1023): Setting the api flag to : 0

D/QC-QMI  ( 1023): qmi_client [1023] 4: sending 54 bytes on fd = 12

D/QC-QMI  (  451): Thread state: conn_id=48, state=MAIN_THREAD_CLIENT_RECV

D/QC-QMI  (  451): qmuxd: RX 54 bytes on fd=21 from qmux_client_id=0x4

D/QC-QMI  (  451): Thread state: conn_id=48, state=MAIN_THREAD_MODEM_TX

D/QC-QMI  (  451): qmi_qmux: TX/RX - TX 20 bytes on conn_id=18

D/QC-QMI  (  451): Thread state: conn_id=48, state=MAIN_THREAD_PROCESS_NEW_CLIENT

D/QC-QMI  (  451): Thread state: conn_id=48, state=MAIN_THREAD_WAIT_SELECT

D/OpenGLRenderer(28166): endAllStagingAnimators on 0xb81a8290 (ListView) with handle 0xb80aa328

D/QC-QMI  (  451): Thread state: conn_id=18, state=RX_THREAD_WAKELOCK_ACQUIRE

D/QC-QMI  (  451): Thread state: conn_id=18, state=RX_THREAD_WAIT_READ

D/QC-QMI  (  451): Thread state: conn_id=18, state=RX_THREAD_CLIENT_TX

D/QC-QMI  (  451): qmi_qmux: TX/RX - RX 38 bytes on conn_id=18

D/QC-QMI  (  451): qmuxd: TX message on fd=21, to qmux_client_id=0x4, len=72

D/QC-QMI  (  451): Thread state: conn_id=18, state=RX_THREAD_WAKELOCK_RELEASE

D/QC-QMI  (  451): Thread state: conn_id=18, state=RX_THREAD_WAIT_POLL

D/QC-QMI  ( 1023): qmi_client [1023] 4: Received 72 bytes on fd = 12

D/QC-QMI  ( 1023):  API Flag .............. 0 

D/QC-QMI  ( 1023):  Message ID ............... 21862 

D/QC-QMI  ( 1023):  Striping off the standard result code 

E/fast-dormancy( 1023): [FDM]:  rrc_state=0

I/Timeline(28166): Timeline: Activity_idle id: android.os.BinderProxy@3d6e6331 time:26903636

D/UsbDebuggingManager(  771): Received public key: QAAAAGErZ+VfRw8Xbz4PAIU09ZjBuf0LnA5kL5p7AiIygaZqUOeLFqd+UzcLmZDmIvQxTO3mgZYTuO7TIalZttkziPjbjjUqVTJvdZY8PTie3BZ0WN4CUedGjSt0kElPBXDWCly1pyZak1Z4yLDRDpCjCs64MjfJWjjTtAPTSrfsb3VsG7wkGJS/OutAfxsZZwXM8x+BnBLZjNlpYEr6ESupcow+3s/BX5TuluRZFqJryhpmjYASILDUM4NSe8NMSlwKhGScdg+CfssQeLbJXoibJLlapEM+ahjwMA2jrFU1rrETs4e7uth4OkjyDY9ysQZa3PEx7lAsDjmMTUn7iFOLGt9M2lSy1Bcmx2Uqtv7utdjwulys9P0wHcRiWhaApCEi25nIsLe5vc4VblitEjh5Gfr9Ja3HcPD/dhbxomLJvpv0G6S8iP6S8Grng3vJN/+on4XH9ib6v3UbKkVK3CsE50GcNh7mu/DDXcVZZRfayjoLVfaZu3HidNUCQ/ZXNNMaji+P+2RCu9L4osHl74d/Ncxu2UP1z4xksUFk7B0JDCiLER90ZWZ+TKQtKMsPcZhypFmQ/sOUjGfms3ihQDW/7qu5yKBbaxlGVmHmKSVeWgmqk9pjwuNILZOoa/MJ1detnSXuzA3vv8cB9Dn8WLvNK/5x972NbUgaU6SdT5mEZuzgs+oWMwEAAQA= @kivyvm

W/ContextImpl(  771): Calling a method in the system process without a qualified user: android.app.ContextImpl.startActivity:1245 com.android.server.usb.UsbDebuggingManager.startConfirmationActivity:289 com.android.server.usb.UsbDebuggingManager.startConfirmation:271 com.android.server.usb.UsbDebuggingManager.access$900:53 com.android.server.usb.UsbDebuggingManager$UsbDebuggingHandler.handleMessage:223 

W/ContextImpl(  771): Calling a method in the system process without a qualified user: android.app.ContextImpl.startActivity:1257 android.app.ContextImpl.startActivity:1246 com.android.server.usb.UsbDebuggingManager.startConfirmationActivity:289 com.android.server.usb.UsbDebuggingManager.startConfirmation:271 com.android.server.usb.UsbDebuggingManager.access$900:53 

I/ActivityManager(  771): START u0 {flg=0x10000000 cmp=com.android.systemui/.usb.UsbDebuggingActivity (has extras)} from uid 1000 on display 0

V/WindowManager(  771): addAppToken: AppWindowToken{164b60da token=Token{23a6fa85 ActivityRecord{56d93fc u0 com.android.systemui/.usb.UsbDebuggingActivity t1106}}} to stack=1 task=1106 at 0

V/WindowManager(  771): Adding window Window{17f7fae7 u0 com.android.systemui/com.android.systemui.usb.UsbDebuggingActivity} at 7 of 14 (after Window{32b139e u0 com.android.settings/com.android.settings.SubSettings})

I/ActivityManager(  771): Displayed com.android.systemui/.usb.UsbDebuggingActivity: +98ms

I/Timeline(  771): Timeline: Activity_windows_visible id: ActivityRecord{56d93fc u0 com.android.systemui/.usb.UsbDebuggingActivity t1106} time:26904122

I/Timeline( 1206): Timeline: Activity_idle id: android.os.BinderProxy@6bd4e25 time:26904143

D/QC-QMI  ( 1023): Setting the api flag to : 0

D/QC-QMI  ( 1023): qmi_client [1023] 4: sending 54 bytes on fd = 12

D/QC-QMI  (  451): Thread state: conn_id=48, state=MAIN_THREAD_CLIENT_RECV

D/QC-QMI  (  451): qmuxd: RX 54 bytes on fd=21 from qmux_client_id=0x4

D/QC-QMI  (  451): Thread state: conn_id=48, state=MAIN_THREAD_MODEM_TX

D/QC-QMI  (  451): qmi_qmux: TX/RX - TX 20 bytes on conn_id=18

D/QC-QMI  (  451): Thread state: conn_id=48, state=MAIN_THREAD_PROCESS_NEW_CLIENT

D/QC-QMI  (  451): Thread state: conn_id=48, state=MAIN_THREAD_WAIT_SELECT

D/QC-QMI  (  451): Thread state: conn_id=18, state=RX_THREAD_WAKELOCK_ACQUIRE

D/QC-QMI  (  451): Thread state: conn_id=18, state=RX_THREAD_WAIT_READ

D/QC-QMI  (  451): Thread state: conn_id=18, state=RX_THREAD_CLIENT_TX

D/QC-QMI  (  451): qmi_qmux: TX/RX - RX 38 bytes on conn_id=18

D/QC-QMI  (  451): qmuxd: TX message on fd=21, to qmux_client_id=0x4, len=72

D/QC-QMI  (  451): Thread state: conn_id=18, state=RX_THREAD_WAKELOCK_RELEASE

D/QC-QMI  (  451): Thread state: conn_id=18, state=RX_THREAD_WAIT_POLL

D/QC-QMI  ( 1023): qmi_client [1023] 4: Received 72 bytes on fd = 12

D/QC-QMI  ( 1023):  API Flag .............. 0 

D/QC-QMI  ( 1023):  Message ID ............... 21862 

D/QC-QMI  ( 1023):  Striping off the standard result code 

E/fast-dormancy( 1023): [FDM]:  rrc_state=0

W/ResourceType( 1206): Found multiple library tables, ignoring...

W/ResourceType( 1206): No package identifier when getting value for resource number 0x00000000

W/PackageManager( 1206): Failure retrieving resources for com.android.settings: Resource ID #0x0

D/QC-QMI  ( 1023): Setting the api flag to : 0

D/QC-QMI  ( 1023): qmi_client [1023] 4: sending 54 bytes on fd = 12

D/QC-QMI  (  451): Thread state: conn_id=48, state=MAIN_THREAD_CLIENT_RECV

D/QC-QMI  (  451): qmuxd: RX 54 bytes on fd=21 from qmux_client_id=0x4

D/QC-QMI  (  451): Thread state: conn_id=48, state=MAIN_THREAD_MODEM_TX

D/QC-QMI  (  451): qmi_qmux: TX/RX - TX 20 bytes on conn_id=18

D/QC-QMI  (  451): Thread state: conn_id=48, state=MAIN_THREAD_PROCESS_NEW_CLIENT

D/QC-QMI  (  451): Thread state: conn_id=48, state=MAIN_THREAD_WAIT_SELECT

D/QC-QMI  (  451): Thread state: conn_id=18, state=RX_THREAD_WAKELOCK_ACQUIRE

D/QC-QMI  (  451): Thread state: conn_id=18, state=RX_THREAD_WAIT_READ

D/QC-QMI  (  451): Thread state: conn_id=18, state=RX_THREAD_CLIENT_TX

D/QC-QMI  (  451): qmi_qmux: TX/RX - RX 38 bytes on conn_id=18

D/QC-QMI  (  451): qmuxd: TX message on fd=21, to qmux_client_id=0x4, len=72

D/QC-QMI  (  451): Thread state: conn_id=18, state=RX_THREAD_WAKELOCK_RELEASE

D/QC-QMI  (  451): Thread state: conn_id=18, state=RX_THREAD_WAIT_POLL

D/QC-QMI  ( 1023): qmi_client [1023] 4: Received 72 bytes on fd = 12

D/QC-QMI  ( 1023):  API Flag .............. 0 

D/QC-QMI  ( 1023):  Message ID ............... 21862 

D/QC-QMI  ( 1023):  Striping off the standard result code 

E/fast-dormancy( 1023): [FDM]:  rrc_state=0

D/QC-QMI  ( 1023): Setting the api flag to : 0

D/QC-QMI  ( 1023): qmi_client [1023] 4: sending 54 bytes on fd = 12

D/QC-QMI  (  451): Thread state: conn_id=48, state=MAIN_THREAD_CLIENT_RECV

D/QC-QMI  (  451): qmuxd: RX 54 bytes on fd=21 from qmux_client_id=0x4

D/QC-QMI  (  451): Thread state: conn_id=48, state=MAIN_THREAD_MODEM_TX

D/QC-QMI  (  451): qmi_qmux: TX/RX - TX 20 bytes on conn_id=18

D/QC-QMI  (  451): Thread state: conn_id=48, state=MAIN_THREAD_PROCESS_NEW_CLIENT

D/QC-QMI  (  451): Thread state: conn_id=48, state=MAIN_THREAD_WAIT_SELECT

D/QC-QMI  (  451): Thread state: conn_id=18, state=RX_THREAD_WAKELOCK_ACQUIRE

D/QC-QMI  (  451): Thread state: conn_id=18, state=RX_THREAD_WAIT_READ

D/QC-QMI  (  451): Thread state: conn_id=18, state=RX_THREAD_CLIENT_TX

D/QC-QMI  (  451): qmi_qmux: TX/RX - RX 38 bytes on conn_id=18

D/QC-QMI  (  451): qmuxd: TX message on fd=21, to qmux_client_id=0x4, len=72

D/QC-QMI  (  451): Thread state: conn_id=18, state=RX_THREAD_WAKELOCK_RELEASE

D/QC-QMI  (  451): Thread state: conn_id=18, state=RX_THREAD_WAIT_POLL

D/QC-QMI  ( 1023): qmi_client [1023] 4: Received 72 bytes on fd = 12

D/QC-QMI  ( 1023):  API Flag .............. 0 

D/QC-QMI  ( 1023):  Message ID ............... 21862 

D/QC-QMI  ( 1023):  Striping off the standard result code 

E/fast-dormancy( 1023): [FDM]:  rrc_state=0

D/QC-QMI  ( 1023): Setting the api flag to : 0

D/QC-QMI  ( 1023): qmi_client [1023] 4: sending 54 bytes on fd = 12

D/QC-QMI  (  451): Thread state: conn_id=48, state=MAIN_THREAD_CLIENT_RECV

D/QC-QMI  (  451): qmuxd: RX 54 bytes on fd=21 from qmux_client_id=0x4

D/QC-QMI  (  451): Thread state: conn_id=48, state=MAIN_THREAD_MODEM_TX

D/QC-QMI  (  451): qmi_qmux: TX/RX - TX 20 bytes on conn_id=18

D/QC-QMI  (  451): Thread state: conn_id=48, state=MAIN_THREAD_PROCESS_NEW_CLIENT

D/QC-QMI  (  451): Thread state: conn_id=48, state=MAIN_THREAD_WAIT_SELECT

D/QC-QMI  (  451): Thread state: conn_id=18, state=RX_THREAD_WAKELOCK_ACQUIRE

D/QC-QMI  (  451): Thread state: conn_id=18, state=RX_THREAD_WAIT_READ

D/QC-QMI  (  451): Thread state: conn_id=18, state=RX_THREAD_CLIENT_TX

D/QC-QMI  (  451): qmi_qmux: TX/RX - RX 38 bytes on conn_id=18

D/QC-QMI  (  451): qmuxd: TX message on fd=21, to qmux_client_id=0x4, len=72

D/QC-QMI  (  451): Thread state: conn_id=18, state=RX_THREAD_WAKELOCK_RELEASE

D/QC-QMI  (  451): Thread state: conn_id=18, state=RX_THREAD_WAIT_POLL

D/QC-QMI  ( 1023): qmi_client [1023] 4: Received 72 bytes on fd = 12

D/QC-QMI  ( 1023):  API Flag .............. 0 

D/QC-QMI  ( 1023):  Message ID ............... 21862 

D/QC-QMI  ( 1023):  Striping off the standard result code 

E/fast-dormancy( 1023): [FDM]:  rrc_state=0

D/ALSADevice(  399): standby: handle 0xb70e3ad0 h 0x0

V/ALSADevice(  399): standby handle h 0xb738e330

D/TaskPersister(  771): removeObsoleteFile: deleting file=1105_task_thumbnail.png

D/QC-QMI  ( 1023): Setting the api flag to : 0

D/QC-QMI  ( 1023): qmi_client [1023] 4: sending 54 bytes on fd = 12

D/QC-QMI  (  451): Thread state: conn_id=48, state=MAIN_THREAD_CLIENT_RECV

D/QC-QMI  (  451): qmuxd: RX 54 bytes on fd=21 from qmux_client_id=0x4

D/QC-QMI  (  451): Thread state: conn_id=48, state=MAIN_THREAD_MODEM_TX

D/QC-QMI  (  451): qmi_qmux: TX/RX - TX 20 bytes on conn_id=18

D/QC-QMI  (  451): Thread state: conn_id=48, state=MAIN_THREAD_PROCESS_NEW_CLIENT

D/QC-QMI  (  451): Thread state: conn_id=48, state=MAIN_THREAD_WAIT_SELECT

