D/alsa_ucm(  399): snd_use_case_set(): uc_mgr 0xb6fa7868 identifier _verb value Inactive

D/alsa_ucm(  399): Set mixer controls for HiFi Lowlatency enable 0

D/alsa_ucm(  399): Setting mixer control: SLIMBUS_0_RX Audio Mixer MultiMedia5, value: 0

V/ALSADevice(  399): Number of modifiers 0

V/ALSADevice(  399): usecase_type is 0

D/alsa_ucm(  399): snd_use_case_set(): uc_mgr 0xb6fa7868 identifier _disdev value Speaker Tx

D/alsa_ucm(  399): disdev: device Speaker Tx not enabled, no need to disable

D/alsa_ucm(  399): snd_use_case_set(): uc_mgr 0xb6fa7868 identifier _disdev value Speaker

D/alsa_ucm(  399): Set mixer controls for Speaker enable 0

D/alsa_ucm(  399): Setting mixer control: RX3 MIX1 INP1, value: ZERO

D/alsa_ucm(  399): Setting mixer control: RX3 MIX1 INP2, value: ZERO

D/alsa_ucm(  399): Setting mixer control: LINEOUT1 Volume, value: 0

D/alsa_ucm(  399): Setting mixer control: SLIM TX3 MUX, value: ZERO

V/AudioHardwareALSA(  399): closeUsbPlaybackIfNothingActive, musbPlaybackState: 0

D/AudioUsbALSA(  399): exitPlaybackThread, mproxypfdPlayback: -1

D/AudioUsbALSA(  399): closeDevice handle 0x0

D/AudioUsbALSA(  399): closeDevice handle 0x0

D/QC-QMI  (  451): Thread state: conn_id=18, state=RX_THREAD_WAKELOCK_ACQUIRE

D/QC-QMI  (  451): Thread state: conn_id=18, state=RX_THREAD_WAIT_READ

D/QC-QMI  (  451): Thread state: conn_id=18, state=RX_THREAD_CLIENT_TX

D/QC-QMI  (  451): qmi_qmux: TX/RX - RX 38 bytes on conn_id=18

D/QC-QMI  (  451): qmuxd: TX message on fd=21, to qmux_client_id=0x4, len=72

D/QC-QMI  (  451): Thread state: conn_id=18, state=RX_THREAD_WAKELOCK_RELEASE

D/QC-QMI  (  451): Thread state: conn_id=18, state=RX_THREAD_WAIT_POLL

D/QC-QMI  ( 1023): qmi_client [1023] 4: Received 72 bytes on fd = 12

D/QC-QMI  ( 1023):  API Flag .............. 0 

D/QC-QMI  ( 1023):  Message ID ............... 21862 

D/QC-QMI  ( 1023):  Striping off the standard result code 

E/fast-dormancy( 1023): [FDM]:  rrc_state=0

D/QC-QMI  ( 1023): Setting the api flag to : 0

D/QC-QMI  ( 1023): qmi_client [1023] 4: sending 54 bytes on fd = 12

D/QC-QMI  (  451): Thread state: conn_id=48, state=MAIN_THREAD_CLIENT_RECV

D/QC-QMI  (  451): qmuxd: RX 54 bytes on fd=21 from qmux_client_id=0x4

D/QC-QMI  (  451): Thread state: conn_id=48, state=MAIN_THREAD_MODEM_TX

D/QC-QMI  (  451): qmi_qmux: TX/RX - TX 20 bytes on conn_id=18

D/QC-QMI  (  451): Thread state: conn_id=48, state=MAIN_THREAD_PROCESS_NEW_CLIENT

D/QC-QMI  (  451): Thread state: conn_id=48, state=MAIN_THREAD_WAIT_SELECT

D/QC-QMI  (  451): Thread state: conn_id=18, state=RX_THREAD_WAKELOCK_ACQUIRE

D/QC-QMI  (  451): Thread state: conn_id=18, state=RX_THREAD_WAIT_READ

D/QC-QMI  (  451): Thread state: conn_id=18, state=RX_THREAD_CLIENT_TX

D/QC-QMI  (  451): qmi_qmux: TX/RX - RX 38 bytes on conn_id=18

D/QC-QMI  (  451): qmuxd: TX message on fd=21, to qmux_client_id=0x4, len=72

D/QC-QMI  (  451): Thread state: conn_id=18, state=RX_THREAD_WAKELOCK_RELEASE

D/QC-QMI  (  451): Thread state: conn_id=18, state=RX_THREAD_WAIT_POLL

D/QC-QMI  ( 1023): qmi_client [1023] 4: Received 72 bytes on fd = 12

D/QC-QMI  ( 1023):  API Flag .............. 0 

D/QC-QMI  ( 1023):  Message ID ............... 21862 

D/QC-QMI  ( 1023):  Striping off the standard result code 

E/fast-dormancy( 1023): [FDM]:  rrc_state=0

D/QC-QMI  ( 1023): Setting the api flag to : 0

D/QC-QMI  ( 1023): qmi_client [1023] 4: sending 54 bytes on fd = 12

D/QC-QMI  (  451): Thread state: conn_id=48, state=MAIN_THREAD_CLIENT_RECV

D/QC-QMI  (  451): qmuxd: RX 54 bytes on fd=21 from qmux_client_id=0x4

D/QC-QMI  (  451): Thread state: conn_id=48, state=MAIN_THREAD_MODEM_TX

D/QC-QMI  (  451): qmi_qmux: TX/RX - TX 20 bytes on conn_id=18

D/QC-QMI  (  451): Thread state: conn_id=48, state=MAIN_THREAD_PROCESS_NEW_CLIENT

D/QC-QMI  (  451): Thread state: conn_id=48, state=MAIN_THREAD_WAIT_SELECT

D/QC-QMI  (  451): Thread state: conn_id=18, state=RX_THREAD_WAKELOCK_ACQUIRE

D/QC-QMI  (  451): Thread state: conn_id=18, state=RX_THREAD_WAIT_READ

D/QC-QMI  (  451): Thread state: conn_id=18, state=RX_THREAD_CLIENT_TX

D/QC-QMI  (  451): qmi_qmux: TX/RX - RX 38 bytes on conn_id=18

D/QC-QMI  (  451): qmuxd: TX message on fd=21, to qmux_client_id=0x4, len=72

D/QC-QMI  (  451): Thread state: conn_id=18, state=RX_THREAD_WAKELOCK_RELEASE

D/QC-QMI  (  451): Thread state: conn_id=18, state=RX_THREAD_WAIT_POLL

D/QC-QMI  ( 1023): qmi_client [1023] 4: Received 72 bytes on fd = 12

D/QC-QMI  ( 1023):  API Flag .............. 0 

D/QC-QMI  ( 1023):  Message ID ............... 21862 

D/QC-QMI  ( 1023):  Striping off the standard result code 

E/fast-dormancy( 1023): [FDM]:  rrc_state=0

D/QC-QMI  ( 1023): Setting the api flag to : 0

D/QC-QMI  ( 1023): qmi_client [1023] 4: sending 54 bytes on fd = 12

D/QC-QMI  (  451): Thread state: conn_id=48, state=MAIN_THREAD_CLIENT_RECV

D/QC-QMI  (  451): qmuxd: RX 54 bytes on fd=21 from qmux_client_id=0x4

D/QC-QMI  (  451): Thread state: conn_id=48, state=MAIN_THREAD_MODEM_TX

D/QC-QMI  (  451): qmi_qmux: TX/RX - TX 20 bytes on conn_id=18

D/QC-QMI  (  451): Thread state: conn_id=48, state=MAIN_THREAD_PROCESS_NEW_CLIENT

D/QC-QMI  (  451): Thread state: conn_id=48, state=MAIN_THREAD_WAIT_SELECT

D/QC-QMI  (  451): Thread state: conn_id=18, state=RX_THREAD_WAKELOCK_ACQUIRE

D/QC-QMI  (  451): Thread state: conn_id=18, state=RX_THREAD_WAIT_READ

D/QC-QMI  (  451): Thread state: conn_id=18, state=RX_THREAD_CLIENT_TX

D/QC-QMI  (  451): qmi_qmux: TX/RX - RX 38 bytes on conn_id=18

D/QC-QMI  (  451): qmuxd: TX message on fd=21, to qmux_client_id=0x4, len=72

D/QC-QMI  (  451): Thread state: conn_id=18, state=RX_THREAD_WAKELOCK_RELEASE

D/QC-QMI  (  451): Thread state: conn_id=18, state=RX_THREAD_WAIT_POLL

D/QC-QMI  ( 1023): qmi_client [1023] 4: Received 72 bytes on fd = 12

D/QC-QMI  ( 1023):  API Flag .............. 0 

D/QC-QMI  ( 1023):  Message ID ............... 21862 

D/QC-QMI  ( 1023):  Striping off the standard result code 

E/fast-dormancy( 1023): [FDM]:  rrc_state=0

D/QC-QMI  ( 1023): Setting the api flag to : 0

D/QC-QMI  ( 1023): qmi_client [1023] 4: sending 54 bytes on fd = 12

D/QC-QMI  (  451): Thread state: conn_id=48, state=MAIN_THREAD_CLIENT_RECV

D/QC-QMI  (  451): qmuxd: RX 54 bytes on fd=21 from qmux_client_id=0x4

D/QC-QMI  (  451): Thread state: conn_id=48, state=MAIN_THREAD_MODEM_TX

D/QC-QMI  (  451): qmi_qmux: TX/RX - TX 20 bytes on conn_id=18

D/QC-QMI  (  451): Thread state: conn_id=48, state=MAIN_THREAD_PROCESS_NEW_CLIENT

D/QC-QMI  (  451): Thread state: conn_id=48, state=MAIN_THREAD_WAIT_SELECT

D/QC-QMI  (  451): Thread state: conn_id=18, state=RX_THREAD_WAKELOCK_ACQUIRE

D/QC-QMI  (  451): Thread state: conn_id=18, state=RX_THREAD_WAIT_READ

D/QC-QMI  (  451): Thread state: conn_id=18, state=RX_THREAD_CLIENT_TX

D/QC-QMI  (  451): qmi_qmux: TX/RX - RX 38 bytes on conn_id=18

D/QC-QMI  (  451): qmuxd: TX message on fd=21, to qmux_client_id=0x4, len=72

D/QC-QMI  (  451): Thread state: conn_id=18, state=RX_THREAD_WAKELOCK_RELEASE

D/QC-QMI  ( 1023): qmi_client [1023] 4: Received 72 bytes on fd = 12

D/QC-QMI  (  451): Thread state: conn_id=18, state=RX_THREAD_WAIT_POLL

D/QC-QMI  ( 1023):  API Flag .............. 0 

D/QC-QMI  ( 1023):  Message ID ............... 21862 

D/QC-QMI  ( 1023):  Striping off the standard result code 

E/fast-dormancy( 1023): [FDM]:  rrc_state=0

D/QC-QMI  ( 1023): Setting the api flag to : 0

D/QC-QMI  ( 1023): qmi_client [1023] 4: sending 54 bytes on fd = 12

D/QC-QMI  (  451): Thread state: conn_id=48, state=MAIN_THREAD_CLIENT_RECV

D/QC-QMI  (  451): qmuxd: RX 54 bytes on fd=21 from qmux_client_id=0x4

D/QC-QMI  (  451): Thread state: conn_id=48, state=MAIN_THREAD_MODEM_TX

D/QC-QMI  (  451): qmi_qmux: TX/RX - TX 20 bytes on conn_id=18

D/QC-QMI  (  451): Thread state: conn_id=48, state=MAIN_THREAD_PROCESS_NEW_CLIENT

D/QC-QMI  (  451): Thread state: conn_id=48, state=MAIN_THREAD_WAIT_SELECT

D/QC-QMI  (  451): Thread state: conn_id=18, state=RX_THREAD_WAKELOCK_ACQUIRE

D/QC-QMI  (  451): Thread state: conn_id=18, state=RX_THREAD_WAIT_READ

D/QC-QMI  (  451): Thread state: conn_id=18, state=RX_THREAD_CLIENT_TX

D/QC-QMI  (  451): qmi_qmux: TX/RX - RX 38 bytes on conn_id=18

D/QC-QMI  (  451): qmuxd: TX message on fd=21, to qmux_client_id=0x4, len=72

D/QC-QMI  (  451): Thread state: conn_id=18, state=RX_THREAD_WAKELOCK_RELEASE

D/QC-QMI  (  451): Thread state: conn_id=18, state=RX_THREAD_WAIT_POLL

D/QC-QMI  ( 1023): qmi_client [1023] 4: Received 72 bytes on fd = 12

D/QC-QMI  ( 1023):  API Flag .............. 0 

D/QC-QMI  ( 1023):  Message ID ............... 21862 

D/QC-QMI  ( 1023):  Striping off the standard result code 

E/fast-dormancy( 1023): [FDM]:  rrc_state=0

D/ALSADevice(  399): route: devices 0x2 in mode 0

V/ALSADevice(  399): switchDevice: device 0x2 mode:0

V/ALSADevice(  399): nonCallOutputRouting: 0x2

V/ALSADevice(  399): Routing to rx=Speaker

V/ALSADevice(  399): nonCallInputRouting: 0

V/ALSADevice(  399): Routing to tx=none

V/ALSADevice(  399): switchDevice,rxDev:Speaker, txDev:(null), curRxDev:Speaker, curTxDev:Speaker Tx

D/alsa_ucm(  399): snd_use_case_set(): uc_mgr 0xb6fa7868 identifier _enadev value Speaker

D/ALSADevice(  399): switchDevice: mCurTxUCMDevivce Speaker Tx mCurRxDevDevice Speaker

D/alsa_ucm(  399): snd_use_case_set(): uc_mgr 0xb6fa7868 identifier _verb value HiFi Lowlatency

D/alsa_ucm(  399): Set mixer controls for Speaker enable 1

D/alsa_ucm(  399): acdb_id 14 cap 1 enable 1

D/ACDB-LOADER(  399): ACDB -> send_audio_cal, acdb_id = 14, path =  0

D/ACDB-LOADER(  399): ACDB -> send_adm_topology

D/ACDB-LOADER(  399): ACDB -> ACDB_CMD_GET_AUDPROC_COMMON_TOPOLOGY_ID

D/ACDB-LOADER(  399): ACDB -> send_asm_topology

D/ACDB-LOADER(  399): ACDB -> ACDB_CMD_GET_AUDPROC_STREAM_TOPOLOGY_ID

D/ACDB-LOADER(  399): ACDB -> send_audtable

D/ACDB-LOADER(  399): ACDB -> ACDB_CMD_GET_AUDPROC_COMMON_TABLE

D/ACDB-LOADER(  399): ACDB -> AUDIO_SET_AUDPROC_CAL

D/ACDB-LOADER(  399): ACDB -> send_audvoltable

D/ACDB-LOADER(  399): ACDB -> ACDB_CMD_GET_AUDPROC_GAIN_DEP_VOLTBL_STEP_COPP

D/ACDB-LOADER(  399): ACDB -> AUDIO_SET_AUDPROC_VOL_CAL

D/ACDB-LOADER(  399): ACDB -> send_afe_cal

D/ACDB-LOADER(  399): ACDB -> ACDB_CMD_GET_AFE_COMMON_TABLE

D/ACDB-LOADER(  399): ACDB -> AUDIO_SET_AFE_CAL

D/ACDB-LOADER(  399): ACDB -> send_hw_delay : acdb_id = 14 path = 0

D/ACDB-LOADER(  399): ACDB -> ACDB_CMD_GET_DEVICE_PROPERTY_SIZE

D/ACDB-LOADER(  399): ACDB -> ACDB_AVSYNC_INFO: ACDB_CMD_GET_DEVICE_PROPERTY

D/ACDB-LOADER(  399): send_hw_delay id = 14 delay_num_entries = 1 result = 0

D/alsa_ucm(  399): Setting mixer control: SLIM_0_RX Channels, value: One

D/alsa_ucm(  399): Setting mixer control: RX3 MIX1 INP1, value: RX1

D/alsa_ucm(  399): Setting mixer control: RX3 MIX1 INP2, value: RX6

D/alsa_ucm(  399): Setting mixer control: LINEOUT1 Volume, value: 100

D/alsa_ucm(  399): Setting mixer control: SLIM TX3 MUX, value: RMIX3

D/alsa_ucm(  399): Setting mixer control: RX3 Digital Volume, value: 68

D/alsa_ucm(  399): Set mixer controls for HiFi Lowlatency enable 1

D/alsa_ucm(  399): Setting mixer control: SLIMBUS_0_RX Audio Mixer MultiMedia5, value: 1

D/ALSADevice(  399): close: handle 0xb70e3ad0 h 0x0

D/ALSADevice(  399): open: handle 0xb70e3ad0, format 0x2

V/ALSADevice(  399): Music case

D/ALSADevice(  399): Device value returned is hw:0,14

V/ALSADevice(  399): flags 0, devName hw:0,14

V/ALSADevice(  399): pcm_open returned fd 34

D/ALSADevice(  399): handle->format: 0x2

D/ALSADevice(  399): setHardwareParams: reqBuffSize 1024 channels 2 sampleRate 48000

D/ALSADevice(  399): setHardwareParams: buffer_size 2048, period_size 1024, period_cnt 2

D/QC-QMI  ( 1023): Setting the api flag to : 0

D/QC-QMI  ( 1023): qmi_client [1023] 4: sending 54 bytes on fd = 12

D/QC-QMI  (  451): Thread state: conn_id=48, state=MAIN_THREAD_CLIENT_RECV

D/QC-QMI  (  451): qmuxd: RX 54 bytes on fd=21 from qmux_client_id=0x4

D/QC-QMI  (  451): Thread state: conn_id=48, state=MAIN_THREAD_MODEM_TX

D/QC-QMI  (  451): qmi_qmux: TX/RX - TX 20 bytes on conn_id=18

W/Settings(28166): Setting bugreport_in_power_menu has moved from android.provider.Settings.Secure to android.provider.Settings.Global.

D/OpenGLRenderer( 1206): endAllStagingAnimators on 0xb8790218 (RippleDrawable) with handle 0xb84eb9b0

W/InputMethodManagerService(  771): Window already focused, ignoring focus gain of: com.android.internal.view.IInputMethodClient$Stub$Proxy@33341afb attribute=null, token = android.os.BinderProxy@18a66dd9

W/ContextImpl(28166): Calling a method in the system process without a qualified user: android.app.ContextImpl.sendBroadcast:1348 android.content.ContextWrapper.sendBroadcast:377 android.view.inputmethod.InputMethodManager.sendFocusChangedBroadcast:1321 android.view.inputmethod.InputMethodManager.onWindowFocus:1504 android.view.ViewRootImpl$ViewRootHandler.handleMessage:3302 

D/QC-QMI  (  451): Thread state: conn_id=48, state=MAIN_THREAD_PROCESS_NEW_CLIENT

D/QC-QMI  (  451): Thread state: conn_id=48, state=MAIN_THREAD_WAIT_SELECT

I/Timeline(28166): Timeline: Activity_idle id: android.os.BinderProxy@3d6e6331 time:26913678

D/QC-QMI  (  451): Thread state: conn_id=18, state=RX_THREAD_WAKELOCK_ACQUIRE

D/QC-QMI  (  451): Thread state: conn_id=18, state=RX_THREAD_WAIT_READ

D/QC-QMI  (  451): Thread state: conn_id=18, state=RX_THREAD_CLIENT_TX

D/QC-QMI  (  451): qmi_qmux: TX/RX - RX 38 bytes on conn_id=18

D/QC-QMI  (  451): qmuxd: TX message on fd=21, to qmux_client_id=0x4, len=72

D/QC-QMI  (  451): Thread state: conn_id=18, state=RX_THREAD_WAKELOCK_RELEASE

D/QC-QMI  (  451): Thread state: conn_id=18, state=RX_THREAD_WAIT_POLL

D/QC-QMI  ( 1023): qmi_client [1023] 4: Received 72 bytes on fd = 12

D/QC-QMI  ( 1023):  API Flag .............. 0 

D/QC-QMI  ( 1023):  Message ID ............... 21862 

D/QC-QMI  ( 1023):  Striping off the standard result code 

E/fast-dormancy( 1023): [FDM]:  rrc_state=0

D/QC-QMI  ( 1023): Setting the api flag to : 0

D/QC-QMI  ( 1023): qmi_client [1023] 4: sending 54 bytes on fd = 12

D/QC-QMI  (  451): Thread state: conn_id=48, state=MAIN_THREAD_CLIENT_RECV

D/QC-QMI  (  451): qmuxd: RX 54 bytes on fd=21 from qmux_client_id=0x4

D/QC-QMI  (  451): Thread state: conn_id=48, state=MAIN_THREAD_MODEM_TX

D/QC-QMI  (  451): qmi_qmux: TX/RX - TX 20 bytes on conn_id=18

D/QC-QMI  (  451): Thread state: conn_id=48, state=MAIN_THREAD_PROCESS_NEW_CLIENT

D/QC-QMI  (  451): Thread state: conn_id=48, state=MAIN_THREAD_WAIT_SELECT

D/QC-QMI  (  451): Thread state: conn_id=18, state=RX_THREAD_WAKELOCK_ACQUIRE

D/QC-QMI  (  451): Thread state: conn_id=18, state=RX_THREAD_WAIT_READ

D/QC-QMI  (  451): Thread state: conn_id=18, state=RX_THREAD_CLIENT_TX

D/QC-QMI  (  451): qmi_qmux: TX/RX - RX 38 bytes on conn_id=18

D/QC-QMI  (  451): qmuxd: TX message on fd=21, to qmux_client_id=0x4, len=72

D/QC-QMI  (  451): Thread state: conn_id=18, state=RX_THREAD_WAKELOCK_RELEASE

D/QC-QMI  (  451): Thread state: conn_id=18, state=RX_THREAD_WAIT_POLL

D/QC-QMI  ( 1023): qmi_client [1023] 4: Received 72 bytes on fd = 12

D/QC-QMI  ( 1023):  API Flag .............. 0 

D/QC-QMI  ( 1023):  Message ID ............... 21862 

D/QC-QMI  ( 1023):  Striping off the standard result code 

E/fast-dormancy( 1023): [FDM]:  rrc_state=0

D/QC-QMI  ( 1023): Setting the api flag to : 0

D/QC-QMI  ( 1023): qmi_client [1023] 4: sending 54 bytes on fd = 12

D/QC-QMI  (  451): Thread state: conn_id=48, state=MAIN_THREAD_CLIENT_RECV

D/QC-QMI  (  451): qmuxd: RX 54 bytes on fd=21 from qmux_client_id=0x4

D/QC-QMI  (  451): Thread state: conn_id=48, state=MAIN_THREAD_MODEM_TX

D/QC-QMI  (  451): qmi_qmux: TX/RX - TX 20 bytes on conn_id=18

D/QC-QMI  (  451): Thread state: conn_id=48, state=MAIN_THREAD_PROCESS_NEW_CLIENT

D/QC-QMI  (  451): Thread state: conn_id=48, state=MAIN_THREAD_WAIT_SELECT

D/QC-QMI  (  451): Thread state: conn_id=18, state=RX_THREAD_WAKELOCK_ACQUIRE

D/QC-QMI  (  451): Thread state: conn_id=18, state=RX_THREAD_WAIT_READ

D/QC-QMI  (  451): Thread state: conn_id=18, state=RX_THREAD_CLIENT_TX

D/QC-QMI  (  451): qmi_qmux: TX/RX - RX 38 bytes on conn_id=18

D/QC-QMI  (  451): qmuxd: TX message on fd=21, to qmux_client_id=0x4, len=72

D/QC-QMI  (  451): Thread state: conn_id=18, state=RX_THREAD_WAKELOCK_RELEASE

D/QC-QMI  ( 1023): qmi_client [1023] 4: Received 72 bytes on fd = 12

D/QC-QMI  (  451): Thread state: conn_id=18, state=RX_THREAD_WAIT_POLL

D/QC-QMI  ( 1023):  API Flag .............. 0 

D/QC-QMI  ( 1023):  Message ID ............... 21862 

D/QC-QMI  ( 1023):  Striping off the standard result code 

E/fast-dormancy( 1023): [FDM]:  rrc_state=0

D/QC-QMI  ( 1023): Setting the api flag to : 0

D/QC-QMI  ( 1023): qmi_client [1023] 4: sending 54 bytes on fd = 12

D/QC-QMI  (  451): Thread state: conn_id=48, state=MAIN_THREAD_CLIENT_RECV

D/QC-QMI  (  451): qmuxd: RX 54 bytes on fd=21 from qmux_client_id=0x4

D/QC-QMI  (  451): Thread state: conn_id=48, state=MAIN_THREAD_MODEM_TX

D/QC-QMI  (  451): qmi_qmux: TX/RX - TX 20 bytes on conn_id=18

D/QC-QMI  (  451): Thread state: conn_id=48, state=MAIN_THREAD_PROCESS_NEW_CLIENT

D/QC-QMI  (  451): Thread state: conn_id=48, state=MAIN_THREAD_WAIT_SELECT

D/QC-QMI  (  451): Thread state: conn_id=18, state=RX_THREAD_WAKELOCK_ACQUIRE

D/QC-QMI  (  451): Thread state: conn_id=18, state=RX_THREAD_WAIT_READ

D/QC-QMI  (  451): Thread state: conn_id=18, state=RX_THREAD_CLIENT_TX

D/QC-QMI  (  451): qmi_qmux: TX/RX - RX 38 bytes on conn_id=18

D/QC-QMI  (  451): qmuxd: TX message on fd=21, to qmux_client_id=0x4, len=72

D/QC-QMI  (  451): Thread state: conn_id=18, state=RX_THREAD_WAKELOCK_RELEASE

D/QC-QMI  (  451): Thread state: conn_id=18, state=RX_THREAD_WAIT_POLL

D/QC-QMI  ( 1023): qmi_client [1023] 4: Received 72 bytes on fd = 12

D/QC-QMI  ( 1023):  API Flag .............. 0 

D/QC-QMI  ( 1023):  Message ID ............... 21862 

D/QC-QMI  ( 1023):  Striping off the standard result code 

E/fast-dormancy( 1023): [FDM]:  rrc_state=0

D/QC-QMI  ( 1023): Setting the api flag to : 0

D/QC-QMI  ( 1023): qmi_client [1023] 4: sending 54 bytes on fd = 12

D/QC-QMI  (  451): Thread state: conn_id=48, state=MAIN_THREAD_CLIENT_RECV

D/QC-QMI  (  451): qmuxd: RX 54 bytes on fd=21 from qmux_client_id=0x4

D/QC-QMI  (  451): Thread state: conn_id=48, state=MAIN_THREAD_MODEM_TX

D/QC-QMI  (  451): qmi_qmux: TX/RX - TX 20 bytes on conn_id=18

D/QC-QMI  (  451): Thread state: conn_id=48, state=MAIN_THREAD_PROCESS_NEW_CLIENT

D/QC-QMI  (  451): Thread state: conn_id=48, state=MAIN_THREAD_WAIT_SELECT

D/QC-QMI  (  451): Thread state: conn_id=18, state=RX_THREAD_WAKELOCK_ACQUIRE

D/QC-QMI  (  451): Thread state: conn_id=18, state=RX_THREAD_WAIT_READ

D/QC-QMI  (  451): Thread state: conn_id=18, state=RX_THREAD_CLIENT_TX

D/QC-QMI  (  451): qmi_qmux: TX/RX - RX 38 bytes on conn_id=18

D/QC-QMI  (  451): qmuxd: TX message on fd=21, to qmux_client_id=0x4, len=72

D/QC-QMI  (  451): Thread state: conn_id=18, state=RX_THREAD_WAKELOCK_RELEASE

D/QC-QMI  (  451): Thread state: conn_id=18, state=RX_THREAD_WAIT_POLL

D/TransmitPowerReceiver( 1736): Old PowerLevel: 4, current PowerLevel: 4

D/QC-QMI  ( 1023): qmi_client [1023] 4: Received 72 bytes on fd = 12

D/QC-QMI  ( 1023):  API Flag .............. 0 

D/QC-QMI  ( 1023):  Message ID ............... 21862 

D/QC-QMI  ( 1023):  Striping off the standard result code 

E/fast-dormancy( 1023): [FDM]:  rrc_state=0

D/StatusBar.NetworkController( 1206): hasService: mServiceState=0 1 voice home data home Telekom.de Telekom.de 26201 Telekom.de Telekom.de 26201  UMTS Unknown CSS not supported -1 -1 RoamInd=-1 DefRoamInd=-1 EmergOnly=false retVal=true

D/StatusBar.NetworkController( 1206): refreshViews: Data not connected!! Set no data type icon / Roaming

D/StatusBar.NetworkController( 1206): refreshViews connected={ wifi } level=4 combinedSignalIconId=0x7f0203a9/com.android.systemui:drawable/stat_sys_wifi_signal_4_fully combinedActivityIconId=0x7f02039e mobileLabel=Telekom.de wifiLabel="Bad_Place"xxxxXXXXxxxxXXXX emergencyOnly=false combinedLabel="Bad_Place"xxxxXXXXxxxxXXXX mAirplaneMode=false mDataActivity=0 mPhoneSignalIconId=0x7f02035d/com.android.systemui:drawable/stat_sys_signal_4_fully mQSPhoneSignalIconId=0x7f0200b6/com.android.systemui:drawable/ic_qs_signal_full_4 mDataDirectionIconId=0x0/(null) mDataSignalIconId=0x7f02035d/com.android.systemui:drawable/stat_sys_signal_4_fully mDataTypeIconId=0x0/(null) mQSDataTypeIconId=0x0/(null) mNoSimIconId=0x0/(null) mWifiIconId=0x7f0203a9/com.android.systemui:drawable/stat_sys_wifi_signal_4_fully mQSWifiIconId=0x7f0200d3/com.android.systemui:drawable/ic_qs_wifi_full_4 mWifiActivityIconId=0x7f02039e/com.android.systemui:drawable/stat_sys_wifi_inout mBluetoothTetherIconId=0x108076c/android:drawable/stat_sys_tether_bluetooth mRoaming=false

D/StatusBar.NetworkController( 1206): refreshSignalCluster - setMobileDataIndicators:  mHasMobileDataFeature = true mPhoneSignalIconId = com.android.systemui:drawable/stat_sys_signal_4_fully mDataSignalIconId = com.android.systemui:drawable/stat_sys_signal_4_fully mMobileActivityIconId = (null) mDataTypeIconId = (null) mNoSimIconId = (null)

D/StatusBar.NetworkController( 1206): refreshSignalCluster - setMobileDataIndicators:  mHasMobileDataFeature = true mPhoneSignalIconId = com.android.systemui:drawable/stat_sys_signal_4_fully mDataSignalIconId = com.android.systemui:drawable/stat_sys_signal_4_fully mMobileActivityIconId = (null) mDataTypeIconId = (null) mNoSimIconId = (null)

D/StatusBar.NetworkController( 1206): refreshSignalCluster - setMobileDataIndicators:  mHasMobileDataFeature = true mPhoneSignalIconId = com.android.systemui:drawable/stat_sys_signal_4_fully mDataSignalIconId = com.android.systemui:drawable/stat_sys_signal_4_fully mMobileActivityIconId = (null) mDataTypeIconId = (null) mNoSimIconId = (null)

D/StatusBar.NetworkController( 1206): changing data overlay icon id to 2130838430

D/StatusBar.NetworkController( 1206): hasService: mServiceState=0 1 voice home data home Telekom.de Telekom.de 26201 Telekom.de Telekom.de 26201  UMTS Unknown CSS not supported -1 -1 RoamInd=-1 DefRoamInd=-1 EmergOnly=false retVal=true

D/StatusBar.NetworkController( 1206): refreshViews: Data not connected!! Set no data type icon / Roaming

D/StatusBar.NetworkController( 1206): refreshViews connected={ wifi } level=4 combinedSignalIconId=0x7f0203a9/com.android.systemui:drawable/stat_sys_wifi_signal_4_fully combinedActivityIconId=0x7f02039e mobileLabel=Telekom.de wifiLabel="Bad_Place"xxxxXXXXxxxxXXXX emergencyOnly=false combinedLabel="Bad_Place"xxxxXXXXxxxxXXXX mAirplaneMode=false mDataActivity=0 mPhoneSignalIconId=0x7f02035d/com.android.systemui:drawable/stat_sys_signal_4_fully mQSPhoneSignalIconId=0x7f0200b6/com.android.systemui:drawable/ic_qs_signal_full_4 mDataDirectionIconId=0x0/(null) mDataSignalIconId=0x7f02035d/com.android.systemui:drawable/stat_sys_signal_4_fully mDataTypeIconId=0x0/(null) mQSDataTypeIconId=0x0/(null) mNoSimIconId=0x0/(null) mWifiIconId=0x7f0203a9/com.android.systemui:drawable/stat_sys_wifi_signal_4_fully mQSWifiIconId=0x7f0200d3/com.android.systemui:drawable/ic_qs_wifi_full_4 mWifiActivityIconId=0x7f02039e/com.android.systemui:drawable/stat_sys_wifi_inout mBluetoothTetherIconId=0x108076c/android:drawable/stat_sys_tether_bluetooth mRoaming=false

D/StatusBar.NetworkController( 1206): changing data overlay icon id to 2130838430

I/Finsky  (25341): [2204] com.google.android.finsky.contentfilterui.m.a(8): Received content filters request from sharedUserId=com.google.uid.shared:10051

D/QC-QMI  ( 1023): Setting the api flag to : 0

D/QC-QMI  ( 1023): qmi_client [1023] 4: sending 54 bytes on fd = 12

D/QC-QMI  (  451): Thread state: conn_id=48, state=MAIN_THREAD_CLIENT_RECV

D/QC-QMI  (  451): qmuxd: RX 54 bytes on fd=21 from qmux_client_id=0x4

D/QC-QMI  (  451): Thread state: conn_id=48, state=MAIN_THREAD_MODEM_TX

D/QC-QMI  (  451): qmi_qmux: TX/RX - TX 20 bytes on conn_id=18

D/QC-QMI  (  451): Thread state: conn_id=48, state=MAIN_THREAD_PROCESS_NEW_CLIENT

D/QC-QMI  (  451): Thread state: conn_id=48, state=MAIN_THREAD_WAIT_SELECT

D/QC-QMI  (  451): Thread state: conn_id=18, state=RX_THREAD_WAKELOCK_ACQUIRE

D/QC-QMI  (  451): Thread state: conn_id=18, state=RX_THREAD_WAIT_READ

D/QC-QMI  (  451): Thread state: conn_id=18, state=RX_THREAD_CLIENT_TX

D/QC-QMI  (  451): qmi_qmux: TX/RX - RX 38 bytes on conn_id=18

D/QC-QMI  (  451): qmuxd: TX message on fd=21, to qmux_client_id=0x4, len=72

D/QC-QMI  (  451): Thread state: conn_id=18, state=RX_THREAD_WAKELOCK_RELEASE

D/QC-QMI  (  451): Thread state: conn_id=18, state=RX_THREAD_WAIT_POLL

D/QC-QMI  ( 1023): qmi_client [1023] 4: Received 72 bytes on fd = 12

D/QC-QMI  ( 1023):  API Flag .............. 0 

D/QC-QMI  ( 1023):  Message ID ............... 21862 

D/QC-QMI  ( 1023):  Striping off the standard result code 

E/fast-dormancy( 1023): [FDM]:  rrc_state=0

D/QC-QMI  ( 1023): Setting the api flag to : 0

D/QC-QMI  ( 1023): qmi_client [1023] 4: sending 54 bytes on fd = 12

D/QC-QMI  (  451): Thread state: conn_id=48, state=MAIN_THREAD_CLIENT_RECV

D/QC-QMI  (  451): qmuxd: RX 54 bytes on fd=21 from qmux_client_id=0x4

D/QC-QMI  (  451): Thread state: conn_id=48, state=MAIN_THREAD_MODEM_TX

D/QC-QMI  (  451): qmi_qmux: TX/RX - TX 20 bytes on conn_id=18

D/QC-QMI  (  451): Thread state: conn_id=48, state=MAIN_THREAD_PROCESS_NEW_CLIENT

D/QC-QMI  (  451): Thread state: conn_id=48, state=MAIN_THREAD_WAIT_SELECT

D/ALSADevice(  399): standby: handle 0xb70e3ad0 h 0x0

V/ALSADevice(  399): standby handle h 0xb738e330

D/QC-QMI  (  451): Thread state: conn_id=18, state=RX_THREAD_WAKELOCK_ACQUIRE

D/QC-QMI  (  451): Thread state: conn_id=18, state=RX_THREAD_WAIT_READ

D/QC-QMI  (  451): Thread state: conn_id=18, state=RX_THREAD_CLIENT_TX

D/QC-QMI  (  451): qmi_qmux: TX/RX - RX 38 bytes on conn_id=18

D/QC-QMI  (  451): qmuxd: TX message on fd=21, to qmux_client_id=0x4, len=72

D/QC-QMI  (  451): Thread state: conn_id=18, state=RX_THREAD_WAKELOCK_RELEASE

D/QC-QMI  (  451): Thread state: conn_id=18, state=RX_THREAD_WAIT_POLL

D/QC-QMI  ( 1023): qmi_client [1023] 4: Received 72 bytes on fd = 12

D/QC-QMI  ( 1023):  API Flag .............. 0 

D/QC-QMI  ( 1023):  Message ID ............... 21862 

D/QC-QMI  ( 1023):  Striping off the standard result code 

E/fast-dormancy( 1023): [FDM]:  rrc_state=0

I/InstantApps( 2351): DomainFilterImpl: Domain filter response size: 41530

D/alsa_ucm(  399): snd_use_case_set(): uc_mgr 0xb6fa7868 identifier _verb value Inactive

D/alsa_ucm(  399): Set mixer controls for HiFi Lowlatency enable 0

D/alsa_ucm(  399): Setting mixer control: SLIMBUS_0_RX Audio Mixer MultiMedia5, value: 0

V/ALSADevice(  399): Number of modifiers 0

V/ALSADevice(  399): usecase_type is 0

D/alsa_ucm(  399): snd_use_case_set(): uc_mgr 0xb6fa7868 identifier _disdev value Speaker Tx

D/alsa_ucm(  399): disdev: device Speaker Tx not enabled, no need to disable

D/alsa_ucm(  399): snd_use_case_set(): uc_mgr 0xb6fa7868 identifier _disdev value Speaker

D/alsa_ucm(  399): Set mixer controls for Speaker enable 0

D/alsa_ucm(  399): Setting mixer control: RX3 MIX1 INP1, value: ZERO

D/alsa_ucm(  399): Setting mixer control: RX3 MIX1 INP2, value: ZERO

D/alsa_ucm(  399): Setting mixer control: LINEOUT1 Volume, value: 0

D/alsa_ucm(  399): Setting mixer control: SLIM TX3 MUX, value: ZERO

V/AudioHardwareALSA(  399): closeUsbPlaybackIfNothingActive, musbPlaybackState: 0

D/AudioUsbALSA(  399): exitPlaybackThread, mproxypfdPlayback: -1

D/AudioUsbALSA(  399): closeDevice handle 0x0

D/AudioUsbALSA(  399): closeDevice handle 0x0

D/QC-QMI  ( 1023): Setting the api flag to : 0

D/QC-QMI  ( 1023): qmi_client [1023] 4: sending 54 bytes on fd = 12

D/QC-QMI  (  451): Thread state: conn_id=48, state=MAIN_THREAD_CLIENT_RECV

D/QC-QMI  (  451): qmuxd: RX 54 bytes on fd=21 from qmux_client_id=0x4

D/QC-QMI  (  451): Thread state: conn_id=48, state=MAIN_THREAD_MODEM_TX

D/QC-QMI  (  451): qmi_qmux: TX/RX - TX 20 bytes on conn_id=18

D/QC-QMI  (  451): Thread state: conn_id=48, state=MAIN_THREAD_PROCESS_NEW_CLIENT

D/QC-QMI  (  451): Thread state: conn_id=48, state=MAIN_THREAD_WAIT_SELECT

D/QC-QMI  (  451): Thread state: conn_id=18, state=RX_THREAD_WAKELOCK_ACQUIRE

D/QC-QMI  (  451): Thread state: conn_id=18, state=RX_THREAD_WAIT_READ

D/QC-QMI  (  451): Thread state: conn_id=18, state=RX_THREAD_CLIENT_TX

D/QC-QMI  (  451): qmi_qmux: TX/RX - RX 38 bytes on conn_id=18

D/QC-QMI  (  451): qmuxd: TX message on fd=21, to qmux_client_id=0x4, len=72

D/QC-QMI  (  451): Thread state: conn_id=18, state=RX_THREAD_WAKELOCK_RELEASE

D/QC-QMI  (  451): Thread state: conn_id=18, state=RX_THREAD_WAIT_POLL

D/QC-QMI  ( 1023): qmi_client [1023] 4: Received 72 bytes on fd = 12

D/QC-QMI  ( 1023):  API Flag .............. 0 

D/QC-QMI  ( 1023):  Message ID ............... 21862 

D/QC-QMI  ( 1023):  Striping off the standard result code 

E/fast-dormancy( 1023): [FDM]:  rrc_state=0

D/QC-QMI  ( 1023): Setting the api flag to : 0

D/QC-QMI  ( 1023): qmi_client [1023] 4: sending 54 bytes on fd = 12

D/QC-QMI  (  451): Thread state: conn_id=48, state=MAIN_THREAD_CLIENT_RECV

D/QC-QMI  (  451): qmuxd: RX 54 bytes on fd=21 from qmux_client_id=0x4

D/QC-QMI  (  451): Thread state: conn_id=48, state=MAIN_THREAD_MODEM_TX

D/QC-QMI  (  451): qmi_qmux: TX/RX - TX 20 bytes on conn_id=18

D/QC-QMI  (  451): Thread state: conn_id=48, state=MAIN_THREAD_PROCESS_NEW_CLIENT

D/QC-QMI  (  451): Thread state: conn_id=48, state=MAIN_THREAD_WAIT_SELECT

D/QC-QMI  (  451): Thread state: conn_id=18, state=RX_THREAD_WAKELOCK_ACQUIRE

D/QC-QMI  (  451): Thread state: conn_id=18, state=RX_THREAD_WAIT_READ

D/QC-QMI  (  451): Thread state: conn_id=18, state=RX_THREAD_CLIENT_TX

D/QC-QMI  (  451): qmi_qmux: TX/RX - RX 38 bytes on conn_id=18

D/QC-QMI  (  451): qmuxd: TX message on fd=21, to qmux_client_id=0x4, len=72

D/QC-QMI  (  451): Thread state: conn_id=18, state=RX_THREAD_WAKELOCK_RELEASE

D/QC-QMI  (  451): Thread state: conn_id=18, state=RX_THREAD_WAIT_POLL

D/QC-QMI  ( 1023): qmi_client [1023] 4: Received 72 bytes on fd = 12

D/QC-QMI  ( 1023):  API Flag .............. 0 

D/QC-QMI  ( 1023):  Message ID ............... 21862 

D/QC-QMI  ( 1023):  Striping off the standard result code 

E/fast-dormancy( 1023): [FDM]:  rrc_state=0

D/QC-QMI  ( 1023): Setting the api flag to : 0

D/QC-QMI  ( 1023): qmi_client [1023] 4: sending 54 bytes on fd = 12

D/QC-QMI  (  451): Thread state: conn_id=48, state=MAIN_THREAD_CLIENT_RECV

D/QC-QMI  (  451): qmuxd: RX 54 bytes on fd=21 from qmux_client_id=0x4

D/QC-QMI  (  451): Thread state: conn_id=48, state=MAIN_THREAD_MODEM_TX

D/QC-QMI  (  451): qmi_qmux: TX/RX - TX 20 bytes on conn_id=18

D/QC-QMI  (  451): Thread state: conn_id=48, state=MAIN_THREAD_PROCESS_NEW_CLIENT

D/QC-QMI  (  451): Thread state: conn_id=48, state=MAIN_THREAD_WAIT_SELECT

D/QC-QMI  (  451): Thread state: conn_id=18, state=RX_THREAD_WAKELOCK_ACQUIRE

D/QC-QMI  (  451): Thread state: conn_id=18, state=RX_THREAD_WAIT_READ

D/QC-QMI  (  451): Thread state: conn_id=18, state=RX_THREAD_CLIENT_TX

D/QC-QMI  (  451): qmi_qmux: TX/RX - RX 38 bytes on conn_id=18

D/QC-QMI  (  451): qmuxd: TX message on fd=21, to qmux_client_id=0x4, len=72

D/QC-QMI  (  451): Thread state: conn_id=18, state=RX_THREAD_WAKELOCK_RELEASE

D/QC-QMI  ( 1023): qmi_client [1023] 4: Received 72 bytes on fd = 12

D/QC-QMI  (  451): Thread state: conn_id=18, state=RX_THREAD_WAIT_POLL

D/QC-QMI  ( 1023):  API Flag .............. 0 

D/QC-QMI  ( 1023):  Message ID ............... 21862 

D/QC-QMI  ( 1023):  Striping off the standard result code 

E/fast-dormancy( 1023): [FDM]:  rrc_state=0

D/QC-QMI  ( 1023): Setting the api flag to : 0

D/QC-QMI  ( 1023): qmi_client [1023] 4: sending 54 bytes on fd = 12

D/QC-QMI  (  451): Thread state: conn_id=48, state=MAIN_THREAD_CLIENT_RECV

D/QC-QMI  (  451): qmuxd: RX 54 bytes on fd=21 from qmux_client_id=0x4

D/QC-QMI  (  451): Thread state: conn_id=48, state=MAIN_THREAD_MODEM_TX

D/QC-QMI  (  451): qmi_qmux: TX/RX - TX 20 bytes on conn_id=18

D/QC-QMI  (  451): Thread state: conn_id=48, state=MAIN_THREAD_PROCESS_NEW_CLIENT

D/QC-QMI  (  451): Thread state: conn_id=48, state=MAIN_THREAD_WAIT_SELECT

D/QC-QMI  (  451): Thread state: conn_id=18, state=RX_THREAD_WAKELOCK_ACQUIRE

D/QC-QMI  (  451): Thread state: conn_id=18, state=RX_THREAD_WAIT_READ

D/QC-QMI  (  451): Thread state: conn_id=18, state=RX_THREAD_CLIENT_TX

D/QC-QMI  (  451): qmi_qmux: TX/RX - RX 38 bytes on conn_id=18

D/QC-QMI  (  451): qmuxd: TX message on fd=21, to qmux_client_id=0x4, len=72

D/QC-QMI  (  451): Thread state: conn_id=18, state=RX_THREAD_WAKELOCK_RELEASE

D/QC-QMI  (  451): Thread state: conn_id=18, state=RX_THREAD_WAIT_POLL

D/QC-QMI  ( 1023): qmi_client [1023] 4: Received 72 bytes on fd = 12

D/QC-QMI  ( 1023):  API Flag .............. 0 

D/QC-QMI  ( 1023):  Message ID ............... 21862 

D/QC-QMI  ( 1023):  Striping off the standard result code 

E/fast-dormancy( 1023): [FDM]:  rrc_state=0

D/StatusBar.NetworkController( 1206): hasService: mServiceState=0 1 voice home data home Telekom.de Telekom.de 26201 Telekom.de Telekom.de 26201  UMTS Unknown CSS not supported -1 -1 RoamInd=-1 DefRoamInd=-1 EmergOnly=false retVal=true

D/StatusBar.NetworkController( 1206): refreshViews: Data not connected!! Set no data type icon / Roaming

D/StatusBar.NetworkController( 1206): refreshViews connected={ wifi } level=4 combinedSignalIconId=0x7f0203a9/com.android.systemui:drawable/stat_sys_wifi_signal_4_fully combinedActivityIconId=0x0 mobileLabel=Telekom.de wifiLabel="Bad_Place"xxxxXXXXxxxxXXXX emergencyOnly=false combinedLabel="Bad_Place"xxxxXXXXxxxxXXXX mAirplaneMode=false mDataActivity=0 mPhoneSignalIconId=0x7f02035d/com.android.systemui:drawable/stat_sys_signal_4_fully mQSPhoneSignalIconId=0x7f0200b6/com.android.systemui:drawable/ic_qs_signal_full_4 mDataDirectionIconId=0x0/(null) mDataSignalIconId=0x7f02035d/com.android.systemui:drawable/stat_sys_signal_4_fully mDataTypeIconId=0x0/(null) mQSDataTypeIconId=0x0/(null) mNoSimIconId=0x0/(null) mWifiIconId=0x7f0203a9/com.android.systemui:drawable/stat_sys_wifi_signal_4_fully mQSWifiIconId=0x7f0200d3/com.android.systemui:drawable/ic_qs_wifi_full_4 mWifiActivityIconId=0x0/(null) mBluetoothTetherIconId=0x108076c/android:drawable/stat_sys_tether_bluetooth mRoaming=false

D/StatusBar.NetworkController( 1206): changing data overlay icon id to 0

D/StatusBar.NetworkController( 1206): hasService: mServiceState=0 1 voice home data home Telekom.de Telekom.de 26201 Telekom.de Telekom.de 26201  UMTS Unknown CSS not supported -1 -1 RoamInd=-1 DefRoamInd=-1 EmergOnly=false retVal=true

D/StatusBar.NetworkController( 1206): refreshViews: Data not connected!! Set no data type icon / Roaming

D/StatusBar.NetworkController( 1206): refreshViews connected={ wifi } level=4 combinedSignalIconId=0x7f0203a9/com.android.systemui:drawable/stat_sys_wifi_signal_4_fully combinedActivityIconId=0x0 mobileLabel=Telekom.de wifiLabel="Bad_Place"xxxxXXXXxxxxXXXX emergencyOnly=false combinedLabel="Bad_Place"xxxxXXXXxxxxXXXX mAirplaneMode=false mDataActivity=0 mPhoneSignalIconId=0x7f02035d/com.android.systemui:drawable/stat_sys_signal_4_fully mQSPhoneSignalIconId=0x7f0200b6/com.android.systemui:drawable/ic_qs_signal_full_4 mDataDirectionIconId=0x0/(null) mDataSignalIconId=0x7f02035d/com.android.systemui:drawable/stat_sys_signal_4_fully mDataTypeIconId=0x0/(null) mQSDataTypeIconId=0x0/(null) mNoSimIconId=0x0/(null) mWifiIconId=0x7f0203a9/com.android.systemui:drawable/stat_sys_wifi_signal_4_fully mQSWifiIconId=0x7f0200d3/com.android.systemui:drawable/ic_qs_wifi_full_4 mWifiActivityIconId=0x0/(null) mBluetoothTetherIconId=0x108076c/android:drawable/stat_sys_tether_bluetooth mRoaming=false

D/StatusBar.NetworkController( 1206): refreshSignalCluster - setMobileDataIndicators:  mHasMobileDataFeature = true mPhoneSignalIconId = com.android.systemui:drawable/stat_sys_signal_4_fully mDataSignalIconId = com.android.systemui:drawable/stat_sys_signal_4_fully mMobileActivityIconId = (null) mDataTypeIconId = (null) mNoSimIconId = (null)

D/StatusBar.NetworkController( 1206): refreshSignalCluster - setMobileDataIndicators:  mHasMobileDataFeature = true mPhoneSignalIconId = com.android.systemui:drawable/stat_sys_signal_4_fully mDataSignalIconId = com.android.systemui:drawable/stat_sys_signal_4_fully mMobileActivityIconId = (null) mDataTypeIconId = (null) mNoSimIconId = (null)

D/StatusBar.NetworkController( 1206): refreshSignalCluster - setMobileDataIndicators:  mHasMobileDataFeature = true mPhoneSignalIconId = com.android.systemui:drawable/stat_sys_signal_4_fully mDataSignalIconId = com.android.systemui:drawable/stat_sys_signal_4_fully mMobileActivityIconId = (null) mDataTypeIconId = (null) mNoSimIconId = (null)

D/StatusBar.NetworkController( 1206): changing data overlay icon id to 0

E/WifiStateMachine(  771): WifiStateMachine CMD_START_SCAN source -2 txSuccessRate=5,56 rxSuccessRate=8,82 targetRoamBSSID=90:5c:44:f4:1b:73 RSSI=-43

E/WifiStateMachine(  771): WifiStateMachine starting scan for "Bad_Place"-WPA_PSK with 2412,5180

I/WifiHAL (  771): Poll result = 1

I/WifiHAL (  771): Found some events!!!

D/WifiHAL (  771): no_seq_check received

I/WifiHAL (  771): event received NL80211_CMD_TRIGGER_SCAN

I/WifiHAL (  771): event received NL80211_CMD_TRIGGER_SCAN, vendor_id = 0x0

I/WifiHAL (  771): event ignored!!

I/WifiHAL (  771): Poll result = 1

I/WifiHAL (  771): Found some events!!!

D/WifiHAL (  771): no_seq_check received

I/WifiHAL (  771): event received NL80211_CMD_NEW_SCAN_RESULTS

I/WifiHAL (  771): event received NL80211_CMD_NEW_SCAN_RESULTS, vendor_id = 0x0

I/WifiHAL (  771): event ignored!!

D/wifi_gbk2utf(  771): parseScanResults, line=id=170

D/wifi_gbk2utf(  771):  

D/wifi_gbk2utf(  771): parseScanResults, line=bssid=90:5c:44:f4:1b:73

D/wifi_gbk2utf(  771):  

D/wifi_gbk2utf(  771): parseScanResults, line=freq=5180

D/wifi_gbk2utf(  771):  

D/wifi_gbk2utf(  771): parseScanResults, line=level=-43

D/wifi_gbk2utf(  771):  

D/wifi_gbk2utf(  771): parseScanResults, line=tsf=0000091892559229

D/wifi_gbk2utf(  771):  

D/wifi_gbk2utf(  771): parseScanResults, line=flags=[WPA-PSK-TKIP][WPA2-PSK-CCMP][WPS][ESS]

D/wifi_gbk2utf(  771):  

D/wifi_gbk2utf(  771): parseScanResults, line=ssid=Bad_Place

D/wifi_gbk2utf(  771):  

D/wifi_gbk2utf(  771): parseScanResults, ssid = Bad_Place, buf = Bad_Place,isUTF8= 0, isCh = 0

D/wifi_gbk2utf(  771): parseScanResults, line=====

D/wifi_gbk2utf(  771):  

D/wifi_gbk2utf(  771): After sscanf,ssid:Bad_Place, isCh:0

D/wifi_gbk2utf(  771): parseScanResults, line=id=395

D/wifi_gbk2utf(  771):  

D/wifi_gbk2utf(  771): parseScanResults, line=bssid=90:5c:44:f4:1b:7b

D/wifi_gbk2utf(  771):  

D/wifi_gbk2utf(  771): parseScanResults, line=freq=2412

D/wifi_gbk2utf(  771):  

D/wifi_gbk2utf(  771): parseScanResults, line=level=-41

D/wifi_gbk2utf(  771):  

D/wifi_gbk2utf(  771): parseScanResults, line=tsf=0000091892559260

D/wifi_gbk2utf(  771):  

D/wifi_gbk2utf(  771): parseScanResults, line=flags=[WPA-PSK-][WPA2-PSK-CCMP+TKIP][WPS][ESS]

D/wifi_gbk2utf(  771):  

D/wifi_gbk2utf(  771): parseScanResults, line=ssid=Bad_Place

D/wifi_gbk2utf(  771):  

D/wifi_gbk2utf(  771): parseScanResults, ssid = Bad_Place, buf = Bad_Place,isUTF8= 0, isCh = 0

D/wifi_gbk2utf(  771): parseScanResults, line=====

D/wifi_gbk2utf(  771):  

D/wifi_gbk2utf(  771): After sscanf,ssid:Bad_Place, isCh:0

D/wifi_gbk2utf(  771): parseScanResults, line=id=396

D/wifi_gbk2utf(  771):  

D/wifi_gbk2utf(  771): parseScanResults, line=bssid=90:5c:44:d6:17:0b

D/wifi_gbk2utf(  771):  

D/wifi_gbk2utf(  771): parseScanResults, line=freq=2462

D/wifi_gbk2utf(  771):  

D/wifi_gbk2utf(  771): parseScanResults, line=level=-62

D/wifi_gbk2utf(  771):  

D/wifi_gbk2utf(  771): parseScanResults, line=tsf=0000091892559260

D/wifi_gbk2utf(  771):  

D/wifi_gbk2utf(  771): parseScanResults, line=flags=[WPA-PSK-][WPA2-PSK-CCMP+TKIP][WPS][ESS]

D/wifi_gbk2utf(  771):  

D/wifi_gbk2utf(  771): parseScanResults, line=ssid=Kikishek

D/wifi_gbk2utf(  771):  

D/wifi_gbk2utf(  771): parseScanResults, ssid = Kikishek, buf = Kikishek,isUTF8= 0, isCh = 0

D/wifi_gbk2utf(  771): parseScanResults, line=====

D/wifi_gbk2utf(  771):  

D/wifi_gbk2utf(  771): After sscanf,ssid:Kikishek, isCh:0

D/wifi_gbk2utf(  771): parseScanResults, line=id=397

D/wifi_gbk2utf(  771):  

D/wifi_gbk2utf(  771): parseScanResults, line=bssid=92:5c:34:d6:17:0b

D/wifi_gbk2utf(  771):  

D/wifi_gbk2utf(  771): parseScanResults, line=freq=2462

D/wifi_gbk2utf(  771):  

D/wifi_gbk2utf(  771): parseScanResults, line=level=-61

D/wifi_gbk2utf(  771):  

D/wifi_gbk2utf(  771): parseScanResults, line=tsf=0000091892559290

D/wifi_gbk2utf(  771):  

D/wifi_gbk2utf(  771): parseScanResults, line=flags=[WPA2-PSK-CCMP][ESS]

D/wifi_gbk2utf(  771):  

D/wifi_gbk2utf(  771): parseScanResults, line=ssid=Kikishek_guest

D/wifi_gbk2utf(  771):  

D/wifi_gbk2utf(  771): parseScanResults, ssid = Kikishek_guest, buf = Kikishek_guest,isUTF8= 0, isCh = 0

D/wifi_gbk2utf(  771): parseScanResults, line=====

D/wifi_gbk2utf(  771):  

D/wifi_gbk2utf(  771): After sscanf,ssid:Kikishek_guest, isCh:0

D/wifi_gbk2utf(  771): parseScanResults, line=id=398

D/wifi_gbk2utf(  771):  

D/wifi_gbk2utf(  771): parseScanResults, line=bssid=ac:22:05:cb:fb:8b

D/wifi_gbk2utf(  771):  

D/wifi_gbk2utf(  771): parseScanResults, line=freq=5180

D/wifi_gbk2utf(  771):  

D/wifi_gbk2utf(  771): parseScanResults, line=level=-75

D/wifi_gbk2utf(  771):  

D/wifi_gbk2utf(  771): parseScanResults, line=tsf=0000091892559321

D/wifi_gbk2utf(  771):  

D/wifi_gbk2utf(  771): parseScanResults, line=flags=[WPA-PSK-TKIP][WPA2-PSK-CCMP][WPS][ESS]

D/wifi_gbk2utf(  771):  

D/wifi_gbk2utf(  771): parseScanResults, line=ssid=Januzi

D/wifi_gbk2utf(  771):  

D/wifi_gbk2utf(  771): parseScanResults, ssid = Januzi, buf = Januzi,isUTF8= 0, isCh = 0

D/wifi_gbk2utf(  771): parseScanResults, line=====

D/wifi_gbk2utf(  771):  

D/wifi_gbk2utf(  771): After sscanf,ssid:Januzi, isCh:0

D/wifi_gbk2utf(  771): parseScanResults, line=id=399

D/wifi_gbk2utf(  771):  

D/wifi_gbk2utf(  771): parseScanResults, line=bssid=90:5c:44:d6:16:cc

D/wifi_gbk2utf(  771):  

D/wifi_gbk2utf(  771): parseScanResults, line=freq=5300

D/wifi_gbk2utf(  771):  

D/wifi_gbk2utf(  771): parseScanResults, line=level=-84

D/wifi_gbk2utf(  771):  

D/wifi_gbk2utf(  771): parseScanResults, line=tsf=0000091892559382

D/wifi_gbk2utf(  771):  

D/wifi_gbk2utf(  771): parseScanResults, line=flags=[WPA-PSK-TKIP][WPA2-PSK-CCMP][WPS][ESS]

D/wifi_gbk2utf(  771):  

D/wifi_gbk2utf(  771): parseScanResults, line=ssid=Kikishek

D/wifi_gbk2utf(  771):  

D/wifi_gbk2utf(  771): parseScanResults, ssid = Kikishek, buf = Kikishek,isUTF8= 0, isCh = 0

D/wifi_gbk2utf(  771): parseScanResults, line=====

D/wifi_gbk2utf(  771):  

D/wifi_gbk2utf(  771): After sscanf,ssid:Kikishek, isCh:0

D/wifi_gbk2utf(  771): parseScanResults, line=id=400

D/wifi_gbk2utf(  771):  

D/wifi_gbk2utf(  771): parseScanResults, line=bssid=92:5c:44:d6:15:cf

D/wifi_gbk2utf(  771):  

D/wifi_gbk2utf(  771): parseScanResults, line=freq=5300

D/wifi_gbk2utf(  771):  

D/wifi_gbk2utf(  771): parseScanResults, line=level=-83

D/wifi_gbk2utf(  771):  

D/wifi_gbk2utf(  771): parseScanResults, line=tsf=0000091892559382

D/wifi_gbk2utf(  771):  

D/wifi_gbk2utf(  771): parseScanResults, line=flags=[WPA2-PSK-CCMP][ESS]

D/wifi_gbk2utf(  771):  

D/wifi_gbk2utf(  771): parseScanResults, line=ssid=Kikishek_guest

D/wifi_gbk2utf(  771):  

D/wifi_gbk2utf(  771): parseScanResults, ssid = Kikishek_guest, buf = Kikishek_guest,isUTF8= 0, isCh = 0

D/wifi_gbk2utf(  771): parseScanResults, line=====

D/wifi_gbk2utf(  771):  

D/wifi_gbk2utf(  771): After sscanf,ssid:Kikishek_guest, isCh:0

D/wifi_gbk2utf(  771): parseScanResults, line=id=401

D/wifi_gbk2utf(  771):  

D/wifi_gbk2utf(  771): parseScanResults, line=bssid=ac:22:05:cb:fb:d2

D/wifi_gbk2utf(  771):  

D/wifi_gbk2utf(  771): parseScanResults, line=freq=2462

D/wifi_gbk2utf(  771):  

D/wifi_gbk2utf(  771): parseScanResults, line=level=-75

D/wifi_gbk2utf(  771):  

D/wifi_gbk2utf(  771): parseScanResults, line=tsf=0000091892559351

D/wifi_gbk2utf(  771):  

D/wifi_gbk2utf(  771): parseScanResults, line=flags=[WPA-PSK-][WPA2-PSK-CCMP+TKIP][WPS][ESS]

D/wifi_gbk2utf(  771):  

D/wifi_gbk2utf(  771): parseScanResults, line=ssid=Januzi

D/wifi_gbk2utf(  771):  

D/wifi_gbk2utf(  771): parseScanResults, ssid = Januzi, buf = Januzi,isUTF8= 0, isCh = 0

D/wifi_gbk2utf(  771): parseScanResults, line=====

D/wifi_gbk2utf(  771):  

D/wifi_gbk2utf(  771): After sscanf,ssid:Januzi, isCh:0

D/wifi_gbk2utf(  771): parseScanResults, line=id=406

D/wifi_gbk2utf(  771):  

D/wifi_gbk2utf(  771): parseScanResults, line=bssid=ae:22:15:cb:fb:d2

D/wifi_gbk2utf(  771):  

D/wifi_gbk2utf(  771): parseScanResults, line=freq=2462

D/wifi_gbk2utf(  771):  

D/wifi_gbk2utf(  771): parseScanResults, line=level=-73

D/wifi_gbk2utf(  771):  

D/wifi_gbk2utf(  771): parseScanResults, line=tsf=0000091892559321

D/wifi_gbk2utf(  771):  

D/wifi_gbk2utf(  771): parseScanResults, line=flags=[WPA2-EAP-CCMP+TKIP][ESS]

D/wifi_gbk2utf(  771):  

D/wifi_gbk2utf(  771): parseScanResults, line=ssid=Unitymedia WifiSpot

D/wifi_gbk2utf(  771):  

D/wifi_gbk2utf(  771): parseScanResults, ssid = Unitymedia WifiSpot, buf = Unitymedia WifiSpot,isUTF8= 0, isCh = 0

D/wifi_gbk2utf(  771): parseScanResults, line=#### 

D/StatusBar.NetworkController( 1206): hasService: mServiceState=0 1 voice home data home Telekom.de Telekom.de 26201 Telekom.de Telekom.de 26201  UMTS Unknown CSS not supported -1 -1 RoamInd=-1 DefRoamInd=-1 EmergOnly=false retVal=true

D/StatusBar.NetworkController( 1206): refreshViews: Data not connected!! Set no data type icon / Roaming

D/StatusBar.NetworkController( 1206): refreshViews connected={ wifi } level=4 combinedSignalIconId=0x7f0203a9/com.android.systemui:drawable/stat_sys_wifi_signal_4_fully combinedActivityIconId=0x7f02039d mobileLabel=Telekom.de wifiLabel="Bad_Place"xxxxXXXXxxxxXXXX emergencyOnly=false combinedLabel="Bad_Place"xxxxXXXXxxxxXXXX mAirplaneMode=false mDataActivity=0 mPhoneSignalIconId=0x7f02035d/com.android.systemui:drawable/stat_sys_signal_4_fully mQSPhoneSignalIconId=0x7f0200b6/com.android.systemui:drawable/ic_qs_signal_full_4 mDataDirectionIconId=0x0/(null) mDataSignalIconId=0x7f02035d/com.android.systemui:drawable/stat_sys_signal_4_fully mDataTypeIconId=0x0/(null) mQSDataTypeIconId=0x0/(null) mNoSimIconId=0x0/(null) mWifiIconId=0x7f0203a9/com.android.systemui:drawable/stat_sys_wifi_signal_4_fully mQSWifiIconId=0x7f0200d3/com.android.systemui:drawable/ic_qs_wifi_full_4 mWifiActivityIconId=0x7f02039d/com.android.systemui:drawable/stat_sys_wifi_in mBluetoothTetherIconId=0x108076c/android:drawable/stat_sys_tether_bluetooth mRoaming=false

D/StatusBar.NetworkController( 1206): changing data overlay icon id to 2130838429

D/StatusBar.NetworkController( 1206): hasService: mServiceState=0 1 voice home data home Telekom.de Telekom.de 26201 Telekom.de Telekom.de 26201  UMTS Unknown CSS not supported -1 -1 RoamInd=-1 DefRoamInd=-1 EmergOnly=false retVal=true

D/StatusBar.NetworkController( 1206): refreshViews: Data not connected!! Set no data type icon / Roaming

D/StatusBar.NetworkController( 1206): refreshViews connected={ wifi } level=4 combinedSignalIconId=0x7f0203a9/com.android.systemui:drawable/stat_sys_wifi_signal_4_fully combinedActivityIconId=0x7f02039d mobileLabel=Telekom.de wifiLabel="Bad_Place"xxxxXXXXxxxxXXXX emergencyOnly=false combinedLabel="Bad_Place"xxxxXXXXxxxxXXXX mAirplaneMode=false mDataActivity=0 mPhoneSignalIconId=0x7f02035d/com.android.systemui:drawable/stat_sys_signal_4_fully mQSPhoneSignalIconId=0x7f0200b6/com.android.systemui:drawable/ic_qs_signal_full_4 mDataDirectionIconId=0x0/(null) mDataSignalIconId=0x7f02035d/com.android.systemui:drawable/stat_sys_signal_4_fully mDataTypeIconId=0x0/(null) mQSDataTypeIconId=0x0/(null) mNoSimIconId=0x0/(null) mWifiIconId=0x7f0203a9/com.android.systemui:drawable/stat_sys_wifi_signal_4_fully mQSWifiIconId=0x7f0200d3/com.android.systemui:drawable/ic_qs_wifi_full_4 mWifiActivityIconId=0x7f02039d/com.android.systemui:drawable/stat_sys_wifi_in mBluetoothTetherIconId=0x108076c/android:drawable/stat_sys_tether_bluetooth mRoaming=false

D/StatusBar.NetworkController( 1206): refreshSignalCluster - setMobileDataIndicators:  mHasMobileDataFeature = true mPhoneSignalIconId = com.android.systemui:drawable/stat_sys_signal_4_fully mDataSignalIconId = com.android.systemui:drawable/stat_sys_signal_4_fully mMobileActivityIconId = (null) mDataTypeIconId = (null) mNoSimIconId = (null)

D/StatusBar.NetworkController( 1206): refreshSignalCluster - setMobileDataIndicators:  mHasMobileDataFeature = true mPhoneSignalIconId = com.android.systemui:drawable/stat_sys_signal_4_fully mDataSignalIconId = com.android.systemui:drawable/stat_sys_signal_4_fully mMobileActivityIconId = (null) mDataTypeIconId = (null) mNoSimIconId = (null)

D/StatusBar.NetworkController( 1206): refreshSignalCluster - setMobileDataIndicators:  mHasMobileDataFeature = true mPhoneSignalIconId = com.android.systemui:drawable/stat_sys_signal_4_fully mDataSignalIconId = com.android.systemui:drawable/stat_sys_signal_4_fully mMobileActivityIconId = (null) mDataTypeIconId = (null) mNoSimIconId = (null)

D/StatusBar.NetworkController( 1206): changing data overlay icon id to 2130838429

D/QC-QMI  (  451): Thread state: conn_id=18, state=RX_THREAD_WAKELOCK_ACQUIRE

D/QC-QMI  (  451): Thread state: conn_id=18, state=RX_THREAD_WAIT_READ

D/QC-QMI  (  451): Thread state: conn_id=18, state=RX_THREAD_CLIENT_TX

D/QC-QMI  (  451): qmi_qmux: TX/RX - RX 19 bytes on conn_id=18

D/QC-QMI  (  451): qmuxd: TX message on fd=25, to qmux_client_id=0x8, len=53

