D/StatusBar.NetworkController( 1206): updateIconSet, voice network type is: 3/UMTS, data network type is: 0/UNKNOWN

D/StatusBar.NetworkController( 1206):  chosenNetworkType=3 hspaDataDistinguishable=true hspapDistinguishable=false showAtLeastThreeGees=false

D/TelephonyIcons( 1206): updateDataType sub=0, type=3, inetCondition=1 showAtLeast3G=false show4GforLte=false hspaDistinguishable=true

D/TelephonyIcons( 1206): data type item name: array/telephony_data_type_sim1 roaming item name:array/telephony_roaming_data_type_sim1

D/TelephonyIcons( 1206): data type item id: 2131230725 roaming item id:2131230728

D/TelephonyIcons( 1206): updateDataType mSelectedDataTypeIcon[0]=2130837912, mSelectedRoamingDataTypeIcon=2130837913mSelectedDataActivityIndex=4

D/StatusBar.NetworkController( 1206): hasService: mServiceState=0 1 voice home data home Telekom.de Telekom.de 26201 Telekom.de Telekom.de 26201  UMTS Unknown CSS not supported -1 -1 RoamInd=-1 DefRoamInd=-1 EmergOnly=false retVal=true

D/StatusBar.NetworkController( 1206): updateTelephonySignalStrength: hasService=true ss=SignalStrength: 13 0 -120 -160 -120 -1 -1 99 2147483647 2147483647 2147483647 2147483647 2147483647 gsm|lte

D/StatusBar.NetworkController( 1206): hasService: mServiceState=0 1 voice home data home Telekom.de Telekom.de 26201 Telekom.de Telekom.de 26201  UMTS Unknown CSS not supported -1 -1 RoamInd=-1 DefRoamInd=-1 EmergOnly=false retVal=true

D/TelephonyIcons( 1206): getSignalStrengthIcon: sub=0, inetCondition=1, level=4 isRoaming=false

D/TelephonyIcons( 1206): signalStrengthArray.length = 9

D/TelephonyIcons( 1206): selectedTypeArray.length = 2

D/TelephonyIcons( 1206): inetArray.length = 5

D/StatusBar.NetworkController( 1206): updateTelephonySignalStrength: iconLevel=4

D/StatusBar.NetworkController( 1206): updateTelephonySignalStrength, No signal level. mPhoneSignalIconId = com.android.systemui:drawable/stat_sys_signal_4_fully mDataSignalIconId = com.android.systemui:drawable/stat_sys_signal_4_fully mQSPhoneSignalIconId = com.android.systemui:drawable/ic_qs_signal_full_4 mContentDescriptionPhoneSignal = Volle Telefonsignalstärke

D/StatusBar.NetworkController( 1206): hasService: mServiceState=0 1 voice home data home Telekom.de Telekom.de 26201 Telekom.de Telekom.de 26201  UMTS Unknown CSS not supported -1 -1 RoamInd=-1 DefRoamInd=-1 EmergOnly=false retVal=true

D/StatusBar.NetworkController( 1206): refreshViews: Data not connected!! Set no data type icon / Roaming

D/StatusBar.NetworkController( 1206): refreshViews connected={ wifi } level=4 combinedSignalIconId=0x7f0203a9/com.android.systemui:drawable/stat_sys_wifi_signal_4_fully combinedActivityIconId=0x0 mobileLabel=Telekom.de wifiLabel="Bad_Place"xxxxXXXXxxxxXXXX emergencyOnly=false combinedLabel="Bad_Place"xxxxXXXXxxxxXXXX mAirplaneMode=false mDataActivity=0 mPhoneSignalIconId=0x7f02035d/com.android.systemui:drawable/stat_sys_signal_4_fully mQSPhoneSignalIconId=0x7f0200b6/com.android.systemui:drawable/ic_qs_signal_full_4 mDataDirectionIconId=0x0/(null) mDataSignalIconId=0x7f02035d/com.android.systemui:drawable/stat_sys_signal_4_fully mDataTypeIconId=0x0/(null) mQSDataTypeIconId=0x0/(null) mNoSimIconId=0x0/(null) mWifiIconId=0x7f0203a9/com.android.systemui:drawable/stat_sys_wifi_signal_4_fully mQSWifiIconId=0x7f0200d3/com.android.systemui:drawable/ic_qs_wifi_full_4 mWifiActivityIconId=0x0/(null) mBluetoothTetherIconId=0x108076c/android:drawable/stat_sys_tether_bluetooth mRoaming=false

D/StatusBar.NetworkController( 1206): onSignalStrengthsChanged signalStrength=SignalStrength: 13 0 -120 -160 -120 -1 -1 99 2147483647 2147483647 2147483647 2147483647 2147483647 gsm|lte level=4

D/StatusBar.NetworkController( 1206): updateIconSet, voice network type is: 3/UMTS, data network type is: 0/UNKNOWN

D/StatusBar.NetworkController( 1206):  chosenNetworkType=3 hspaDataDistinguishable=true hspapDistinguishable=false showAtLeastThreeGees=false

D/TelephonyIcons( 1206): updateDataType sub=0, type=3, inetCondition=1 showAtLeast3G=false show4GforLte=false hspaDistinguishable=true

D/TelephonyIcons( 1206): data type item name: array/telephony_data_type_sim1 roaming item name:array/telephony_roaming_data_type_sim1

D/TelephonyIcons( 1206): data type item id: 2131230725 roaming item id:2131230728

D/TelephonyIcons( 1206): updateDataType mSelectedDataTypeIcon[0]=2130837912, mSelectedRoamingDataTypeIcon=2130837913mSelectedDataActivityIndex=4

D/StatusBar.NetworkController( 1206): hasService: mServiceState=0 1 voice home data home Telekom.de Telekom.de 26201 Telekom.de Telekom.de 26201  UMTS Unknown CSS not supported -1 -1 RoamInd=-1 DefRoamInd=-1 EmergOnly=false retVal=true

D/StatusBar.NetworkController( 1206): updateTelephonySignalStrength: hasService=true ss=SignalStrength: 13 0 -120 -160 -120 -1 -1 99 2147483647 2147483647 2147483647 2147483647 2147483647 gsm|lte

D/StatusBar.NetworkController( 1206): hasService: mServiceState=0 1 voice home data home Telekom.de Telekom.de 26201 Telekom.de Telekom.de 26201  UMTS Unknown CSS not supported -1 -1 RoamInd=-1 DefRoamInd=-1 EmergOnly=false retVal=true

D/TelephonyIcons( 1206): getSignalStrengthIcon: sub=0, inetCondition=1, level=4 isRoaming=false

D/TelephonyIcons( 1206): signalStrengthArray.length = 9

D/TelephonyIcons( 1206): selectedTypeArray.length = 2

D/TelephonyIcons( 1206): inetArray.length = 5

D/StatusBar.NetworkController( 1206): updateTelephonySignalStrength: iconLevel=4

D/StatusBar.NetworkController( 1206): updateTelephonySignalStrength, No signal level. mPhoneSignalIconId = com.android.systemui:drawable/stat_sys_signal_4_fully mDataSignalIconId = com.android.systemui:drawable/stat_sys_signal_4_fully mQSPhoneSignalIconId = com.android.systemui:drawable/ic_qs_signal_full_4 mContentDescriptionPhoneSignal = Volle Telefonsignalstärke

D/StatusBar.NetworkController( 1206): hasService: mServiceState=0 1 voice home data home Telekom.de Telekom.de 26201 Telekom.de Telekom.de 26201  UMTS Unknown CSS not supported -1 -1 RoamInd=-1 DefRoamInd=-1 EmergOnly=false retVal=true

D/StatusBar.NetworkController( 1206): refreshViews: Data not connected!! Set no data type icon / Roaming

D/StatusBar.NetworkController( 1206): refreshViews connected={ wifi } level=4 combinedSignalIconId=0x7f0203a9/com.android.systemui:drawable/stat_sys_wifi_signal_4_fully combinedActivityIconId=0x0 mobileLabel=Telekom.de wifiLabel="Bad_Place"xxxxXXXXxxxxXXXX emergencyOnly=false combinedLabel="Bad_Place"xxxxXXXXxxxxXXXX mAirplaneMode=false mDataActivity=0 mPhoneSignalIconId=0x7f02035d/com.android.systemui:drawable/stat_sys_signal_4_fully mQSPhoneSignalIconId=0x7f0200b6/com.android.systemui:drawable/ic_qs_signal_full_4 mDataDirectionIconId=0x0/(null) mDataSignalIconId=0x7f02035d/com.android.systemui:drawable/stat_sys_signal_4_fully mDataTypeIconId=0x0/(null) mQSDataTypeIconId=0x0/(null) mNoSimIconId=0x0/(null) mWifiIconId=0x7f0203a9/com.android.systemui:drawable/stat_sys_wifi_signal_4_fully mQSWifiIconId=0x7f0200d3/com.android.systemui:drawable/ic_qs_wifi_full_4 mWifiActivityIconId=0x0/(null) mBluetoothTetherIconId=0x108076c/android:drawable/stat_sys_tether_bluetooth mRoaming=false

D/QC-QMI  ( 1023): Setting the api flag to : 0

D/QC-QMI  ( 1023): qmi_client [1023] 4: sending 54 bytes on fd = 12

D/QC-QMI  (  451): Thread state: conn_id=48, state=MAIN_THREAD_CLIENT_RECV

D/QC-QMI  (  451): qmuxd: RX 54 bytes on fd=21 from qmux_client_id=0x4

D/QC-QMI  (  451): Thread state: conn_id=48, state=MAIN_THREAD_MODEM_TX

D/QC-QMI  (  451): qmi_qmux: TX/RX - TX 20 bytes on conn_id=18

D/QC-QMI  (  451): Thread state: conn_id=48, state=MAIN_THREAD_PROCESS_NEW_CLIENT

D/QC-QMI  (  451): Thread state: conn_id=48, state=MAIN_THREAD_WAIT_SELECT

D/QC-QMI  (  451): Thread state: conn_id=18, state=RX_THREAD_WAKELOCK_ACQUIRE

D/QC-QMI  (  451): Thread state: conn_id=18, state=RX_THREAD_WAIT_READ

D/QC-QMI  (  451): Thread state: conn_id=18, state=RX_THREAD_CLIENT_TX

D/QC-QMI  (  451): qmi_qmux: TX/RX - RX 38 bytes on conn_id=18

D/QC-QMI  (  451): qmuxd: TX message on fd=21, to qmux_client_id=0x4, len=72

D/QC-QMI  (  451): Thread state: conn_id=18, state=RX_THREAD_WAKELOCK_RELEASE

D/QC-QMI  (  451): Thread state: conn_id=18, state=RX_THREAD_WAIT_POLL

D/QC-QMI  ( 1023): qmi_client [1023] 4: Received 72 bytes on fd = 12

D/QC-QMI  ( 1023):  API Flag .............. 0 

D/QC-QMI  ( 1023):  Message ID ............... 21862 

D/QC-QMI  ( 1023):  Striping off the standard result code 

E/fast-dormancy( 1023): [FDM]:  rrc_state=0

D/QC-QMI  ( 1023): Setting the api flag to : 0

D/QC-QMI  ( 1023): qmi_client [1023] 4: sending 54 bytes on fd = 12

D/QC-QMI  (  451): Thread state: conn_id=48, state=MAIN_THREAD_CLIENT_RECV

D/QC-QMI  (  451): qmuxd: RX 54 bytes on fd=21 from qmux_client_id=0x4

D/QC-QMI  (  451): Thread state: conn_id=48, state=MAIN_THREAD_MODEM_TX

D/QC-QMI  (  451): qmi_qmux: TX/RX - TX 20 bytes on conn_id=18

D/QC-QMI  (  451): Thread state: conn_id=48, state=MAIN_THREAD_PROCESS_NEW_CLIENT

D/QC-QMI  (  451): Thread state: conn_id=48, state=MAIN_THREAD_WAIT_SELECT

D/QC-QMI  (  451): Thread state: conn_id=18, state=RX_THREAD_WAKELOCK_ACQUIRE

D/QC-QMI  (  451): Thread state: conn_id=18, state=RX_THREAD_WAIT_READ

D/QC-QMI  (  451): Thread state: conn_id=18, state=RX_THREAD_CLIENT_TX

D/QC-QMI  (  451): qmi_qmux: TX/RX - RX 38 bytes on conn_id=18

D/QC-QMI  (  451): qmuxd: TX message on fd=21, to qmux_client_id=0x4, len=72

D/QC-QMI  (  451): Thread state: conn_id=18, state=RX_THREAD_WAKELOCK_RELEASE

D/QC-QMI  (  451): Thread state: conn_id=18, state=RX_THREAD_WAIT_POLL

D/QC-QMI  ( 1023): qmi_client [1023] 4: Received 72 bytes on fd = 12

D/QC-QMI  ( 1023):  API Flag .............. 0 

D/QC-QMI  ( 1023):  Message ID ............... 21862 

D/QC-QMI  ( 1023):  Striping off the standard result code 

E/fast-dormancy( 1023): [FDM]:  rrc_state=0

I/Finsky  (25341): [2204] com.google.android.finsky.contentfilterui.m.a(8): Received content filters request from sharedUserId=com.google.uid.shared:10051

V/WindowManager(  771): not Base app: Adding window Window{1d6aa4d1 u0 com.android.settings/com.android.settings.SubSettings} at 7 of 14

I/InstantApps( 2351): DomainFilterImpl: Domain filter response size: 41530

D/QC-QMI  ( 1023): Setting the api flag to : 0

D/QC-QMI  ( 1023): qmi_client [1023] 4: sending 54 bytes on fd = 12

D/QC-QMI  (  451): Thread state: conn_id=48, state=MAIN_THREAD_CLIENT_RECV

D/QC-QMI  (  451): qmuxd: RX 54 bytes on fd=21 from qmux_client_id=0x4

D/QC-QMI  (  451): Thread state: conn_id=48, state=MAIN_THREAD_MODEM_TX

D/QC-QMI  (  451): qmi_qmux: TX/RX - TX 20 bytes on conn_id=18

D/QC-QMI  (  451): Thread state: conn_id=48, state=MAIN_THREAD_PROCESS_NEW_CLIENT

D/QC-QMI  (  451): Thread state: conn_id=48, state=MAIN_THREAD_WAIT_SELECT

D/QC-QMI  (  451): Thread state: conn_id=18, state=RX_THREAD_WAKELOCK_ACQUIRE

D/QC-QMI  (  451): Thread state: conn_id=18, state=RX_THREAD_WAIT_READ

D/QC-QMI  (  451): Thread state: conn_id=18, state=RX_THREAD_CLIENT_TX

D/QC-QMI  (  451): qmi_qmux: TX/RX - RX 38 bytes on conn_id=18

D/QC-QMI  (  451): qmuxd: TX message on fd=21, to qmux_client_id=0x4, len=72

D/QC-QMI  (  451): Thread state: conn_id=18, state=RX_THREAD_WAKELOCK_RELEASE

D/QC-QMI  (  451): Thread state: conn_id=18, state=RX_THREAD_WAIT_POLL

D/QC-QMI  ( 1023): qmi_client [1023] 4: Received 72 bytes on fd = 12

D/QC-QMI  ( 1023):  API Flag .............. 0 

D/QC-QMI  ( 1023):  Message ID ............... 21862 

D/QC-QMI  ( 1023):  Striping off the standard result code 

E/fast-dormancy( 1023): [FDM]:  rrc_state=0

D/StatusBar.NetworkController( 1206): hasService: mServiceState=0 1 voice home data home Telekom.de Telekom.de 26201 Telekom.de Telekom.de 26201  UMTS Unknown CSS not supported -1 -1 RoamInd=-1 DefRoamInd=-1 EmergOnly=false retVal=true

D/StatusBar.NetworkController( 1206): refreshViews: Data not connected!! Set no data type icon / Roaming

D/StatusBar.NetworkController( 1206): refreshViews connected={ wifi } level=4 combinedSignalIconId=0x7f0203a9/com.android.systemui:drawable/stat_sys_wifi_signal_4_fully combinedActivityIconId=0x7f02039e mobileLabel=Telekom.de wifiLabel="Bad_Place"xxxxXXXXxxxxXXXX emergencyOnly=false combinedLabel="Bad_Place"xxxxXXXXxxxxXXXX mAirplaneMode=false mDataActivity=0 mPhoneSignalIconId=0x7f02035d/com.android.systemui:drawable/stat_sys_signal_4_fully mQSPhoneSignalIconId=0x7f0200b6/com.android.systemui:drawable/ic_qs_signal_full_4 mDataDirectionIconId=0x0/(null) mDataSignalIconId=0x7f02035d/com.android.systemui:drawable/stat_sys_signal_4_fully mDataTypeIconId=0x0/(null) mQSDataTypeIconId=0x0/(null) mNoSimIconId=0x0/(null) mWifiIconId=0x7f0203a9/com.android.systemui:drawable/stat_sys_wifi_signal_4_fully mQSWifiIconId=0x7f0200d3/com.android.systemui:drawable/ic_qs_wifi_full_4 mWifiActivityIconId=0x7f02039e/com.android.systemui:drawable/stat_sys_wifi_inout mBluetoothTetherIconId=0x108076c/android:drawable/stat_sys_tether_bluetooth mRoaming=false

D/StatusBar.NetworkController( 1206): changing data overlay icon id to 2130838430

D/StatusBar.NetworkController( 1206): hasService: mServiceState=0 1 voice home data home Telekom.de Telekom.de 26201 Telekom.de Telekom.de 26201  UMTS Unknown CSS not supported -1 -1 RoamInd=-1 DefRoamInd=-1 EmergOnly=false retVal=true

D/StatusBar.NetworkController( 1206): refreshViews: Data not connected!! Set no data type icon / Roaming

D/StatusBar.NetworkController( 1206): refreshViews connected={ wifi } level=4 combinedSignalIconId=0x7f0203a9/com.android.systemui:drawable/stat_sys_wifi_signal_4_fully combinedActivityIconId=0x7f02039e mobileLabel=Telekom.de wifiLabel="Bad_Place"xxxxXXXXxxxxXXXX emergencyOnly=false combinedLabel="Bad_Place"xxxxXXXXxxxxXXXX mAirplaneMode=false mDataActivity=0 mPhoneSignalIconId=0x7f02035d/com.android.systemui:drawable/stat_sys_signal_4_fully mQSPhoneSignalIconId=0x7f0200b6/com.android.systemui:drawable/ic_qs_signal_full_4 mDataDirectionIconId=0x0/(null) mDataSignalIconId=0x7f02035d/com.android.systemui:drawable/stat_sys_signal_4_fully mDataTypeIconId=0x0/(null) mQSDataTypeIconId=0x0/(null) mNoSimIconId=0x0/(null) mWifiIconId=0x7f0203a9/com.android.systemui:drawable/stat_sys_wifi_signal_4_fully mQSWifiIconId=0x7f0200d3/com.android.systemui:drawable/ic_qs_wifi_full_4 mWifiActivityIconId=0x7f02039e/com.android.systemui:drawable/stat_sys_wifi_inout mBluetoothTetherIconId=0x108076c/android:drawable/stat_sys_tether_bluetooth mRoaming=false

D/StatusBar.NetworkController( 1206): refreshSignalCluster - setMobileDataIndicators:  mHasMobileDataFeature = true mPhoneSignalIconId = com.android.systemui:drawable/stat_sys_signal_4_fully mDataSignalIconId = com.android.systemui:drawable/stat_sys_signal_4_fully mMobileActivityIconId = (null) mDataTypeIconId = (null) mNoSimIconId = (null)

D/StatusBar.NetworkController( 1206): refreshSignalCluster - setMobileDataIndicators:  mHasMobileDataFeature = true mPhoneSignalIconId = com.android.systemui:drawable/stat_sys_signal_4_fully mDataSignalIconId = com.android.systemui:drawable/stat_sys_signal_4_fully mMobileActivityIconId = (null) mDataTypeIconId = (null) mNoSimIconId = (null)

D/StatusBar.NetworkController( 1206): refreshSignalCluster - setMobileDataIndicators:  mHasMobileDataFeature = true mPhoneSignalIconId = com.android.systemui:drawable/stat_sys_signal_4_fully mDataSignalIconId = com.android.systemui:drawable/stat_sys_signal_4_fully mMobileActivityIconId = (null) mDataTypeIconId = (null) mNoSimIconId = (null)

D/StatusBar.NetworkController( 1206): changing data overlay icon id to 2130838430

D/QC-QMI  ( 1023): Setting the api flag to : 0

D/QC-QMI  ( 1023): qmi_client [1023] 4: sending 54 bytes on fd = 12

D/QC-QMI  (  451): Thread state: conn_id=48, state=MAIN_THREAD_CLIENT_RECV

D/QC-QMI  (  451): qmuxd: RX 54 bytes on fd=21 from qmux_client_id=0x4

D/QC-QMI  (  451): Thread state: conn_id=48, state=MAIN_THREAD_MODEM_TX

D/QC-QMI  (  451): qmi_qmux: TX/RX - TX 20 bytes on conn_id=18

D/QC-QMI  (  451): Thread state: conn_id=48, state=MAIN_THREAD_PROCESS_NEW_CLIENT

D/QC-QMI  (  451): Thread state: conn_id=48, state=MAIN_THREAD_WAIT_SELECT

D/QC-QMI  (  451): Thread state: conn_id=18, state=RX_THREAD_WAKELOCK_ACQUIRE

D/QC-QMI  (  451): Thread state: conn_id=18, state=RX_THREAD_WAIT_READ

D/QC-QMI  (  451): Thread state: conn_id=18, state=RX_THREAD_CLIENT_TX

D/QC-QMI  (  451): qmi_qmux: TX/RX - RX 38 bytes on conn_id=18

D/QC-QMI  (  451): qmuxd: TX message on fd=21, to qmux_client_id=0x4, len=72

D/QC-QMI  (  451): Thread state: conn_id=18, state=RX_THREAD_WAKELOCK_RELEASE

D/QC-QMI  (  451): Thread state: conn_id=18, state=RX_THREAD_WAIT_POLL

D/QC-QMI  ( 1023): qmi_client [1023] 4: Received 72 bytes on fd = 12

D/QC-QMI  ( 1023):  API Flag .............. 0 

D/QC-QMI  ( 1023):  Message ID ............... 21862 

D/QC-QMI  ( 1023):  Striping off the standard result code 

E/fast-dormancy( 1023): [FDM]:  rrc_state=0

D/QC-QMI  ( 1023): Setting the api flag to : 0

D/QC-QMI  ( 1023): qmi_client [1023] 4: sending 54 bytes on fd = 12

D/QC-QMI  (  451): Thread state: conn_id=48, state=MAIN_THREAD_CLIENT_RECV

D/QC-QMI  (  451): qmuxd: RX 54 bytes on fd=21 from qmux_client_id=0x4

D/QC-QMI  (  451): Thread state: conn_id=48, state=MAIN_THREAD_MODEM_TX

D/QC-QMI  (  451): qmi_qmux: TX/RX - TX 20 bytes on conn_id=18

D/QC-QMI  (  451): Thread state: conn_id=48, state=MAIN_THREAD_PROCESS_NEW_CLIENT

D/QC-QMI  (  451): Thread state: conn_id=48, state=MAIN_THREAD_WAIT_SELECT

D/QC-QMI  (  451): Thread state: conn_id=18, state=RX_THREAD_WAKELOCK_ACQUIRE

D/QC-QMI  (  451): Thread state: conn_id=18, state=RX_THREAD_WAIT_READ

D/QC-QMI  (  451): Thread state: conn_id=18, state=RX_THREAD_CLIENT_TX

D/QC-QMI  (  451): qmi_qmux: TX/RX - RX 38 bytes on conn_id=18

D/QC-QMI  (  451): qmuxd: TX message on fd=21, to qmux_client_id=0x4, len=72

D/QC-QMI  (  451): Thread state: conn_id=18, state=RX_THREAD_WAKELOCK_RELEASE

D/QC-QMI  (  451): Thread state: conn_id=18, state=RX_THREAD_WAIT_POLL

D/QC-QMI  ( 1023): qmi_client [1023] 4: Received 72 bytes on fd = 12

D/QC-QMI  ( 1023):  API Flag .............. 0 

D/QC-QMI  ( 1023):  Message ID ............... 21862 

D/QC-QMI  ( 1023):  Striping off the standard result code 

E/fast-dormancy( 1023): [FDM]:  rrc_state=0

D/QC-QMI  ( 1023): Setting the api flag to : 0

D/QC-QMI  ( 1023): qmi_client [1023] 4: sending 54 bytes on fd = 12

D/QC-QMI  (  451): Thread state: conn_id=48, state=MAIN_THREAD_CLIENT_RECV

D/QC-QMI  (  451): qmuxd: RX 54 bytes on fd=21 from qmux_client_id=0x4

D/QC-QMI  (  451): Thread state: conn_id=48, state=MAIN_THREAD_MODEM_TX

D/QC-QMI  (  451): qmi_qmux: TX/RX - TX 20 bytes on conn_id=18

D/QC-QMI  (  451): Thread state: conn_id=48, state=MAIN_THREAD_PROCESS_NEW_CLIENT

D/QC-QMI  (  451): Thread state: conn_id=48, state=MAIN_THREAD_WAIT_SELECT

D/QC-QMI  (  451): Thread state: conn_id=18, state=RX_THREAD_WAKELOCK_ACQUIRE

D/QC-QMI  (  451): Thread state: conn_id=18, state=RX_THREAD_WAIT_READ

D/QC-QMI  (  451): Thread state: conn_id=18, state=RX_THREAD_CLIENT_TX

D/QC-QMI  (  451): qmi_qmux: TX/RX - RX 38 bytes on conn_id=18

D/QC-QMI  (  451): qmuxd: TX message on fd=21, to qmux_client_id=0x4, len=72

D/QC-QMI  (  451): Thread state: conn_id=18, state=RX_THREAD_WAKELOCK_RELEASE

D/QC-QMI  (  451): Thread state: conn_id=18, state=RX_THREAD_WAIT_POLL

D/QC-QMI  ( 1023): qmi_client [1023] 4: Received 72 bytes on fd = 12

D/QC-QMI  ( 1023):  API Flag .............. 0 

D/QC-QMI  ( 1023):  Message ID ............... 21862 

D/QC-QMI  ( 1023):  Striping off the standard result code 

E/fast-dormancy( 1023): [FDM]:  rrc_state=0

D/QC-QMI  ( 1023): Setting the api flag to : 0

D/QC-QMI  ( 1023): qmi_client [1023] 4: sending 54 bytes on fd = 12

D/QC-QMI  (  451): Thread state: conn_id=48, state=MAIN_THREAD_CLIENT_RECV

D/QC-QMI  (  451): qmuxd: RX 54 bytes on fd=21 from qmux_client_id=0x4

D/QC-QMI  (  451): Thread state: conn_id=48, state=MAIN_THREAD_MODEM_TX

D/QC-QMI  (  451): qmi_qmux: TX/RX - TX 20 bytes on conn_id=18

D/QC-QMI  (  451): Thread state: conn_id=48, state=MAIN_THREAD_PROCESS_NEW_CLIENT

D/QC-QMI  (  451): Thread state: conn_id=48, state=MAIN_THREAD_WAIT_SELECT

D/QC-QMI  (  451): Thread state: conn_id=18, state=RX_THREAD_WAKELOCK_ACQUIRE

D/QC-QMI  (  451): Thread state: conn_id=18, state=RX_THREAD_WAIT_READ

D/QC-QMI  (  451): Thread state: conn_id=18, state=RX_THREAD_CLIENT_TX

D/QC-QMI  (  451): qmi_qmux: TX/RX - RX 38 bytes on conn_id=18

D/QC-QMI  (  451): qmuxd: TX message on fd=21, to qmux_client_id=0x4, len=72

D/QC-QMI  (  451): Thread state: conn_id=18, state=RX_THREAD_WAKELOCK_RELEASE

D/QC-QMI  (  451): Thread state: conn_id=18, state=RX_THREAD_WAIT_POLL

D/QC-QMI  ( 1023): qmi_client [1023] 4: Received 72 bytes on fd = 12

D/QC-QMI  ( 1023):  API Flag .............. 0 

D/QC-QMI  ( 1023):  Message ID ............... 21862 

D/QC-QMI  ( 1023):  Striping off the standard result code 

E/fast-dormancy( 1023): [FDM]:  rrc_state=0

W/InputMethodManagerService(  771): Window already focused, ignoring focus gain of: com.android.internal.view.IInputMethodClient$Stub$Proxy@f460b36 attribute=null, token = android.os.BinderProxy@18a66dd9

W/ContextImpl(28166): Calling a method in the system process without a qualified user: android.app.ContextImpl.sendBroadcast:1348 android.content.ContextWrapper.sendBroadcast:377 android.view.inputmethod.InputMethodManager.sendFocusChangedBroadcast:1321 android.view.inputmethod.InputMethodManager.onWindowFocus:1504 android.view.ViewRootImpl$ViewRootHandler.handleMessage:3302 

D/QC-QMI  ( 1023): Setting the api flag to : 0

D/QC-QMI  ( 1023): qmi_client [1023] 4: sending 54 bytes on fd = 12

D/QC-QMI  (  451): Thread state: conn_id=48, state=MAIN_THREAD_CLIENT_RECV

D/QC-QMI  (  451): qmuxd: RX 54 bytes on fd=21 from qmux_client_id=0x4

D/QC-QMI  (  451): Thread state: conn_id=48, state=MAIN_THREAD_MODEM_TX

D/QC-QMI  (  451): qmi_qmux: TX/RX - TX 20 bytes on conn_id=18

D/QC-QMI  (  451): Thread state: conn_id=48, state=MAIN_THREAD_PROCESS_NEW_CLIENT

D/QC-QMI  (  451): Thread state: conn_id=48, state=MAIN_THREAD_WAIT_SELECT

I/usb     ( 2108): usb product id: 5193 

D/QC-QMI  (  451): Thread state: conn_id=18, state=RX_THREAD_WAKELOCK_ACQUIRE

D/QC-QMI  (  451): Thread state: conn_id=18, state=RX_THREAD_WAIT_READ

D/QC-QMI  (  451): Thread state: conn_id=18, state=RX_THREAD_CLIENT_TX

D/QC-QMI  (  451): qmi_qmux: TX/RX - RX 38 bytes on conn_id=18

D/QC-QMI  (  451): qmuxd: TX message on fd=21, to qmux_client_id=0x4, len=72

D/QC-QMI  (  451): Thread state: conn_id=18, state=RX_THREAD_WAKELOCK_RELEASE

D/QC-QMI  (  451): Thread state: conn_id=18, state=RX_THREAD_WAIT_POLL

D/QC-QMI  ( 1023): qmi_client [1023] 4: Received 72 bytes on fd = 12

D/QC-QMI  ( 1023):  API Flag .............. 0 

D/QC-QMI  ( 1023):  Message ID ............... 21862 

D/QC-QMI  ( 1023):  Striping off the standard result code 

E/fast-dormancy( 1023): [FDM]:  rrc_state=0

D/QC-QMI  ( 1023): Setting the api flag to : 0

I/usb     ( 2116): enabled usb functions: mtp,adb 

D/QC-QMI  ( 1023): qmi_client [1023] 4: sending 54 bytes on fd = 12

D/QC-QMI  (  451): Thread state: conn_id=48, state=MAIN_THREAD_CLIENT_RECV

D/QC-QMI  (  451): qmuxd: RX 54 bytes on fd=21 from qmux_client_id=0x4

D/QC-QMI  (  451): Thread state: conn_id=48, state=MAIN_THREAD_MODEM_TX

D/QC-QMI  (  451): qmi_qmux: TX/RX - TX 20 bytes on conn_id=18

D/QC-QMI  (  451): Thread state: conn_id=48, state=MAIN_THREAD_PROCESS_NEW_CLIENT

D/QC-QMI  (  451): Thread state: conn_id=48, state=MAIN_THREAD_WAIT_SELECT

D/QSEECOMAPI: ( 2118): QSEECom_start_app sb_length = 0x1388

D/QSEECOMAPI: ( 2118): App is not loaded in QSEE

I/BatteryStatsImpl(  771): Resetting battery stats: level=100 status=5 dischargeLevel=100 lowAmount=0 highAmount=0

D/QC-QMI  (  451): Thread state: conn_id=18, state=RX_THREAD_WAKELOCK_ACQUIRE

D/QC-QMI  (  451): Thread state: conn_id=18, state=RX_THREAD_WAIT_READ

D/QC-QMI  (  451): Thread state: conn_id=18, state=RX_THREAD_CLIENT_TX

D/QC-QMI  (  451): qmi_qmux: TX/RX - RX 38 bytes on conn_id=18

D/QC-QMI  (  451): qmuxd: TX message on fd=21, to qmux_client_id=0x4, len=72

D/QC-QMI  (  451): Thread state: conn_id=18, state=RX_THREAD_WAKELOCK_RELEASE

D/QC-QMI  (  451): Thread state: conn_id=18, state=RX_THREAD_WAIT_POLL

D/QC-QMI  ( 1023): qmi_client [1023] 4: Received 72 bytes on fd = 12

D/QC-QMI  ( 1023):  API Flag .............. 0 

D/QC-QMI  ( 1023):  Message ID ............... 21862 

D/QC-QMI  ( 1023):  Striping off the standard result code 

E/fast-dormancy( 1023): [FDM]:  rrc_state=0

D/QC-QMI  ( 1023): Setting the api flag to : 0

D/QC-QMI  ( 1023): qmi_client [1023] 4: sending 54 bytes on fd = 12

D/QC-QMI  (  451): Thread state: conn_id=48, state=MAIN_THREAD_CLIENT_RECV

D/QC-QMI  (  451): qmuxd: RX 54 bytes on fd=21 from qmux_client_id=0x4

D/QC-QMI  (  451): Thread state: conn_id=48, state=MAIN_THREAD_MODEM_TX

D/QC-QMI  (  451): qmi_qmux: TX/RX - TX 20 bytes on conn_id=18

D/QC-QMI  (  451): Thread state: conn_id=48, state=MAIN_THREAD_PROCESS_NEW_CLIENT

D/QC-QMI  (  451): Thread state: conn_id=48, state=MAIN_THREAD_WAIT_SELECT

I/ValidateNoPeople(  771): skipping global notification

D/QC-QMI  (  451): Thread state: conn_id=18, state=RX_THREAD_WAKELOCK_ACQUIRE

D/QC-QMI  (  451): Thread state: conn_id=18, state=RX_THREAD_WAIT_READ

D/QC-QMI  (  451): Thread state: conn_id=18, state=RX_THREAD_CLIENT_TX

D/QC-QMI  (  451): qmi_qmux: TX/RX - RX 38 bytes on conn_id=18

D/QC-QMI  (  451): qmuxd: TX message on fd=21, to qmux_client_id=0x4, len=72

D/QC-QMI  (  451): Thread state: conn_id=18, state=RX_THREAD_WAKELOCK_RELEASE

D/QC-QMI  (  451): Thread state: conn_id=18, state=RX_THREAD_WAIT_POLL

D/QC-QMI  ( 1023): qmi_client [1023] 4: Received 72 bytes on fd = 12

D/QC-QMI  ( 1023):  API Flag .............. 0 

D/QC-QMI  ( 1023):  Message ID ............... 21862 

D/QC-QMI  ( 1023):  Striping off the standard result code 

E/fast-dormancy( 1023): [FDM]:  rrc_state=0

D/QC-QMI  ( 1023): Setting the api flag to : 0

D/QC-QMI  ( 1023): qmi_client [1023] 4: sending 54 bytes on fd = 12

D/QC-QMI  (  451): Thread state: conn_id=48, state=MAIN_THREAD_CLIENT_RECV

D/QC-QMI  (  451): qmuxd: RX 54 bytes on fd=21 from qmux_client_id=0x4

D/QC-QMI  (  451): Thread state: conn_id=48, state=MAIN_THREAD_MODEM_TX

D/QC-QMI  (  451): qmi_qmux: TX/RX - TX 20 bytes on conn_id=18

D/QC-QMI  (  451): Thread state: conn_id=48, state=MAIN_THREAD_PROCESS_NEW_CLIENT

D/QC-QMI  (  451): Thread state: conn_id=48, state=MAIN_THREAD_WAIT_SELECT

D/QC-QMI  (  451): Thread state: conn_id=18, state=RX_THREAD_WAKELOCK_ACQUIRE

D/QC-QMI  (  451): Thread state: conn_id=18, state=RX_THREAD_WAIT_READ

D/QC-QMI  (  451): Thread state: conn_id=18, state=RX_THREAD_CLIENT_TX

D/QC-QMI  (  451): qmi_qmux: TX/RX - RX 38 bytes on conn_id=18

D/QC-QMI  (  451): qmuxd: TX message on fd=21, to qmux_client_id=0x4, len=72

D/QC-QMI  (  451): Thread state: conn_id=18, state=RX_THREAD_WAKELOCK_RELEASE

D/QC-QMI  (  451): Thread state: conn_id=18, state=RX_THREAD_WAIT_POLL

D/QC-QMI  ( 1023): qmi_client [1023] 4: Received 72 bytes on fd = 12

D/QC-QMI  ( 1023):  API Flag .............. 0 

D/QC-QMI  ( 1023):  Message ID ............... 21862 

D/QC-QMI  ( 1023):  Striping off the standard result code 

E/fast-dormancy( 1023): [FDM]:  rrc_state=0

D/TransmitPowerReceiver( 1736): Old PowerLevel: 4, current PowerLevel: 4

I/SuperStamina-IddHandler(  771): softDis: thr=true chr=false wifi=false

D/QC-QMI  ( 1023): Setting the api flag to : 0

D/QC-QMI  ( 1023): qmi_client [1023] 4: sending 54 bytes on fd = 12

D/QC-QMI  (  451): Thread state: conn_id=48, state=MAIN_THREAD_CLIENT_RECV

D/QC-QMI  (  451): qmuxd: RX 54 bytes on fd=21 from qmux_client_id=0x4

D/QC-QMI  (  451): Thread state: conn_id=48, state=MAIN_THREAD_MODEM_TX

D/QC-QMI  (  451): qmi_qmux: TX/RX - TX 20 bytes on conn_id=18

D/QC-QMI  (  451): Thread state: conn_id=48, state=MAIN_THREAD_PROCESS_NEW_CLIENT

D/QC-QMI  (  451): Thread state: conn_id=48, state=MAIN_THREAD_WAIT_SELECT

D/QC-QMI  (  451): Thread state: conn_id=18, state=RX_THREAD_WAKELOCK_ACQUIRE

D/QC-QMI  (  451): Thread state: conn_id=18, state=RX_THREAD_WAIT_READ

D/QC-QMI  (  451): Thread state: conn_id=18, state=RX_THREAD_CLIENT_TX

D/QC-QMI  (  451): qmi_qmux: TX/RX - RX 38 bytes on conn_id=18

D/QC-QMI  (  451): qmuxd: TX message on fd=21, to qmux_client_id=0x4, len=72

D/QC-QMI  (  451): Thread state: conn_id=18, state=RX_THREAD_WAKELOCK_RELEASE

D/QC-QMI  (  451): Thread state: conn_id=18, state=RX_THREAD_WAIT_POLL

D/QC-QMI  ( 1023): qmi_client [1023] 4: Received 72 bytes on fd = 12

D/QC-QMI  ( 1023):  API Flag .............. 0 

D/QC-QMI  ( 1023):  Message ID ............... 21862 

D/QC-QMI  ( 1023):  Striping off the standard result code 

E/fast-dormancy( 1023): [FDM]:  rrc_state=0

D/QC-QMI  ( 1023): Setting the api flag to : 0

D/QC-QMI  ( 1023): qmi_client [1023] 4: sending 54 bytes on fd = 12

D/QC-QMI  (  451): Thread state: conn_id=48, state=MAIN_THREAD_CLIENT_RECV

D/QC-QMI  (  451): qmuxd: RX 54 bytes on fd=21 from qmux_client_id=0x4

D/QC-QMI  (  451): Thread state: conn_id=48, state=MAIN_THREAD_MODEM_TX

D/QC-QMI  (  451): qmi_qmux: TX/RX - TX 20 bytes on conn_id=18

D/QC-QMI  (  451): Thread state: conn_id=48, state=MAIN_THREAD_PROCESS_NEW_CLIENT

D/QC-QMI  (  451): Thread state: conn_id=48, state=MAIN_THREAD_WAIT_SELECT

D/QSEECOMAPI: ( 2118): Loaded image: APP id = 2

D/QC-QMI  (  451): Thread state: conn_id=18, state=RX_THREAD_WAKELOCK_ACQUIRE

D/QC-QMI  (  451): Thread state: conn_id=18, state=RX_THREAD_WAIT_READ

D/QC-QMI  (  451): Thread state: conn_id=18, state=RX_THREAD_CLIENT_TX

D/QC-QMI  (  451): qmi_qmux: TX/RX - RX 38 bytes on conn_id=18

D/QC-QMI  (  451): qmuxd: TX message on fd=21, to qmux_client_id=0x4, len=72

D/QC-QMI  (  451): Thread state: conn_id=18, state=RX_THREAD_WAKELOCK_RELEASE

D/QC-QMI  (  451): Thread state: conn_id=18, state=RX_THREAD_WAIT_POLL

D/QC-QMI  ( 1023): qmi_client [1023] 4: Received 72 bytes on fd = 12

D/QC-QMI  ( 1023):  API Flag .............. 0 

D/QC-QMI  ( 1023):  Message ID ............... 21862 

D/QC-QMI  ( 1023):  Striping off the standard result code 

E/fast-dormancy( 1023): [FDM]:  rrc_state=0

D/QC-QMI  ( 1023): Setting the api flag to : 0

D/QC-QMI  ( 1023): qmi_client [1023] 4: sending 54 bytes on fd = 12

D/QC-QMI  (  451): Thread state: conn_id=48, state=MAIN_THREAD_CLIENT_RECV

D/QC-QMI  (  451): qmuxd: RX 54 bytes on fd=21 from qmux_client_id=0x4

D/QC-QMI  (  451): Thread state: conn_id=48, state=MAIN_THREAD_MODEM_TX

D/QC-QMI  (  451): qmi_qmux: TX/RX - TX 20 bytes on conn_id=18

D/QC-QMI  (  451): Thread state: conn_id=48, state=MAIN_THREAD_PROCESS_NEW_CLIENT

D/QC-QMI  (  451): Thread state: conn_id=48, state=MAIN_THREAD_WAIT_SELECT

E/libasb:ta_utils( 2118): miscta_get_unit_size failed: unit not found

E/libasb:ta_utils( 2118): libasb_read_miscta_unit_size for miscta_unit=2226 failed

D/QSEECOMAPI: ( 2118): QSEECom_shutdown_app 

D/QSEECOMAPI: ( 2118): QSEECom_shutdown_app, app_id = 2

D/QC-QMI  (  451): Thread state: conn_id=18, state=RX_THREAD_WAKELOCK_ACQUIRE

D/QC-QMI  (  451): Thread state: conn_id=18, state=RX_THREAD_WAIT_READ

D/QC-QMI  (  451): Thread state: conn_id=18, state=RX_THREAD_CLIENT_TX

D/QC-QMI  (  451): qmi_qmux: TX/RX - RX 38 bytes on conn_id=18

D/QC-QMI  (  451): qmuxd: TX message on fd=21, to qmux_client_id=0x4, len=72

D/QC-QMI  (  451): Thread state: conn_id=18, state=RX_THREAD_WAKELOCK_RELEASE

D/QC-QMI  (  451): Thread state: conn_id=18, state=RX_THREAD_WAIT_POLL

D/QC-QMI  ( 1023): qmi_client [1023] 4: Received 72 bytes on fd = 12

D/QC-QMI  ( 1023):  API Flag .............. 0 

D/QC-QMI  ( 1023):  Message ID ............... 21862 

D/QC-QMI  ( 1023):  Striping off the standard result code 

E/fast-dormancy( 1023): [FDM]:  rrc_state=0

D/QC-QMI  ( 1023): Setting the api flag to : 0

D/QC-QMI  ( 1023): qmi_client [1023] 4: sending 54 bytes on fd = 12

D/QC-QMI  (  451): Thread state: conn_id=48, state=MAIN_THREAD_CLIENT_RECV

D/QC-QMI  (  451): qmuxd: RX 54 bytes on fd=21 from qmux_client_id=0x4

D/QC-QMI  (  451): Thread state: conn_id=48, state=MAIN_THREAD_MODEM_TX

D/QC-QMI  (  451): qmi_qmux: TX/RX - TX 20 bytes on conn_id=18

D/QC-QMI  (  451): Thread state: conn_id=48, state=MAIN_THREAD_PROCESS_NEW_CLIENT

D/QC-QMI  (  451): Thread state: conn_id=48, state=MAIN_THREAD_WAIT_SELECT

D/QC-QMI  (  451): Thread state: conn_id=18, state=RX_THREAD_WAKELOCK_ACQUIRE

D/QC-QMI  (  451): Thread state: conn_id=18, state=RX_THREAD_WAIT_READ

D/QC-QMI  (  451): Thread state: conn_id=18, state=RX_THREAD_CLIENT_TX

D/QC-QMI  (  451): qmi_qmux: TX/RX - RX 38 bytes on conn_id=18

D/QC-QMI  (  451): qmuxd: TX message on fd=21, to qmux_client_id=0x4, len=72

D/QC-QMI  (  451): Thread state: conn_id=18, state=RX_THREAD_WAKELOCK_RELEASE

D/QC-QMI  (  451): Thread state: conn_id=18, state=RX_THREAD_WAIT_POLL

D/QC-QMI  ( 1023): qmi_client [1023] 4: Received 72 bytes on fd = 12

D/QC-QMI  ( 1023):  API Flag .............. 0 

D/QC-QMI  ( 1023):  Message ID ............... 21862 

D/QC-QMI  ( 1023):  Striping off the standard result code 

E/fast-dormancy( 1023): [FDM]:  rrc_state=0

D/QC-QMI  ( 1023): Setting the api flag to : 0

D/QC-QMI  ( 1023): qmi_client [1023] 4: sending 54 bytes on fd = 12

D/QC-QMI  (  451): Thread state: conn_id=48, state=MAIN_THREAD_CLIENT_RECV

D/QC-QMI  (  451): qmuxd: RX 54 bytes on fd=21 from qmux_client_id=0x4

D/QC-QMI  (  451): Thread state: conn_id=48, state=MAIN_THREAD_MODEM_TX

D/QC-QMI  (  451): qmi_qmux: TX/RX - TX 20 bytes on conn_id=18

D/QC-QMI  (  451): Thread state: conn_id=48, state=MAIN_THREAD_PROCESS_NEW_CLIENT

D/QC-QMI  (  451): Thread state: conn_id=48, state=MAIN_THREAD_WAIT_SELECT

D/QC-QMI  (  451): Thread state: conn_id=18, state=RX_THREAD_WAKELOCK_ACQUIRE

D/QC-QMI  (  451): Thread state: conn_id=18, state=RX_THREAD_WAIT_READ

D/QC-QMI  (  451): Thread state: conn_id=18, state=RX_THREAD_CLIENT_TX

D/QC-QMI  (  451): qmi_qmux: TX/RX - RX 38 bytes on conn_id=18

D/QC-QMI  (  451): qmuxd: TX message on fd=21, to qmux_client_id=0x4, len=72

D/QC-QMI  (  451): Thread state: conn_id=18, state=RX_THREAD_WAKELOCK_RELEASE

D/QC-QMI  (  451): Thread state: conn_id=18, state=RX_THREAD_WAIT_POLL

D/QC-QMI  ( 1023): qmi_client [1023] 4: Received 72 bytes on fd = 12

D/QC-QMI  ( 1023):  API Flag .............. 0 

D/QC-QMI  ( 1023):  Message ID ............... 21862 

D/QC-QMI  ( 1023):  Striping off the standard result code 

E/fast-dormancy( 1023): [FDM]:  rrc_state=0

D/LBSSystemMonitorService(  771): handleMessage what - 7

D/DeviceContext(  771): handleMessage what - 1

D/QC-QMI  (  771): qmi_client [771] a: sending 54 bytes on fd = 301

D/QC-QMI  (  451): Thread state: conn_id=48, state=MAIN_THREAD_CLIENT_RECV

D/QC-QMI  (  451): qmuxd: RX 54 bytes on fd=27 from qmux_client_id=0xa

D/QC-QMI  (  451): Thread state: conn_id=48, state=MAIN_THREAD_MODEM_TX

D/QC-QMI  (  451): qmi_qmux: TX/RX - TX 20 bytes on conn_id=18

D/QC-QMI  (  451): Thread state: conn_id=48, state=MAIN_THREAD_PROCESS_NEW_CLIENT

D/QC-QMI  (  451): Thread state: conn_id=48, state=MAIN_THREAD_WAIT_SELECT

D/StatusBar.NetworkController( 1206): hasService: mServiceState=0 1 voice home data home Telekom.de Telekom.de 26201 Telekom.de Telekom.de 26201  UMTS Unknown CSS not supported -1 -1 RoamInd=-1 DefRoamInd=-1 EmergOnly=false retVal=true

D/StatusBar.NetworkController( 1206): refreshViews: Data not connected!! Set no data type icon / Roaming

D/StatusBar.NetworkController( 1206): refreshViews connected={ wifi } level=4 combinedSignalIconId=0x7f0203a9/com.android.systemui:drawable/stat_sys_wifi_signal_4_fully combinedActivityIconId=0x0 mobileLabel=Telekom.de wifiLabel="Bad_Place"xxxxXXXXxxxxXXXX emergencyOnly=false combinedLabel="Bad_Place"xxxxXXXXxxxxXXXX mAirplaneMode=false mDataActivity=0 mPhoneSignalIconId=0x7f02035d/com.android.systemui:drawable/stat_sys_signal_4_fully mQSPhoneSignalIconId=0x7f0200b6/com.android.systemui:drawable/ic_qs_signal_full_4 mDataDirectionIconId=0x0/(null) mDataSignalIconId=0x7f02035d/com.android.systemui:drawable/stat_sys_signal_4_fully mDataTypeIconId=0x0/(null) mQSDataTypeIconId=0x0/(null) mNoSimIconId=0x0/(null) mWifiIconId=0x7f0203a9/com.android.systemui:drawable/stat_sys_wifi_signal_4_fully mQSWifiIconId=0x7f0200d3/com.android.systemui:drawable/ic_qs_wifi_full_4 mWifiActivityIconId=0x0/(null) mBluetoothTetherIconId=0x108076c/android:drawable/stat_sys_tether_bluetooth mRoaming=false

D/StatusBar.NetworkController( 1206): changing data overlay icon id to 0

D/StatusBar.NetworkController( 1206): hasService: mServiceState=0 1 voice home data home Telekom.de Telekom.de 26201 Telekom.de Telekom.de 26201  UMTS Unknown CSS not supported -1 -1 RoamInd=-1 DefRoamInd=-1 EmergOnly=false retVal=true

D/StatusBar.NetworkController( 1206): refreshViews: Data not connected!! Set no data type icon / Roaming

D/StatusBar.NetworkController( 1206): refreshViews connected={ wifi } level=4 combinedSignalIconId=0x7f0203a9/com.android.systemui:drawable/stat_sys_wifi_signal_4_fully combinedActivityIconId=0x0 mobileLabel=Telekom.de wifiLabel="Bad_Place"xxxxXXXXxxxxXXXX emergencyOnly=false combinedLabel="Bad_Place"xxxxXXXXxxxxXXXX mAirplaneMode=false mDataActivity=0 mPhoneSignalIconId=0x7f02035d/com.android.systemui:drawable/stat_sys_signal_4_fully mQSPhoneSignalIconId=0x7f0200b6/com.android.systemui:drawable/ic_qs_signal_full_4 mDataDirectionIconId=0x0/(null) mDataSignalIconId=0x7f02035d/com.android.systemui:drawable/stat_sys_signal_4_fully mDataTypeIconId=0x0/(null) mQSDataTypeIconId=0x0/(null) mNoSimIconId=0x0/(null) mWifiIconId=0x7f0203a9/com.android.systemui:drawable/stat_sys_wifi_signal_4_fully mQSWifiIconId=0x7f0200d3/com.android.systemui:drawable/ic_qs_wifi_full_4 mWifiActivityIconId=0x0/(null) mBluetoothTetherIconId=0x108076c/android:drawable/stat_sys_tether_bluetooth mRoaming=false

D/StatusBar.NetworkController( 1206): refreshSignalCluster - setMobileDataIndicators:  mHasMobileDataFeature = true mPhoneSignalIconId = com.android.systemui:drawable/stat_sys_signal_4_fully mDataSignalIconId = com.android.systemui:drawable/stat_sys_signal_4_fully mMobileActivityIconId = (null) mDataTypeIconId = (null) mNoSimIconId = (null)

D/StatusBar.NetworkController( 1206): refreshSignalCluster - setMobileDataIndicators:  mHasMobileDataFeature = true mPhoneSignalIconId = com.android.systemui:drawable/stat_sys_signal_4_fully mDataSignalIconId = com.android.systemui:drawable/stat_sys_signal_4_fully mMobileActivityIconId = (null) mDataTypeIconId = (null) mNoSimIconId = (null)

D/StatusBar.NetworkController( 1206): refreshSignalCluster - setMobileDataIndicators:  mHasMobileDataFeature = true mPhoneSignalIconId = com.android.systemui:drawable/stat_sys_signal_4_fully mDataSignalIconId = com.android.systemui:drawable/stat_sys_signal_4_fully mMobileActivityIconId = (null) mDataTypeIconId = (null) mNoSimIconId = (null)

D/StatusBar.NetworkController( 1206): changing data overlay icon id to 0

D/QC-QMI  (  451): Thread state: conn_id=18, state=RX_THREAD_WAKELOCK_ACQUIRE

D/QC-QMI  (  451): Thread state: conn_id=18, state=RX_THREAD_WAIT_READ

D/QC-QMI  (  451): Thread state: conn_id=18, state=RX_THREAD_CLIENT_TX

D/QC-QMI  (  451): qmi_qmux: TX/RX - RX 20 bytes on conn_id=18

D/QC-QMI  (  451): qmuxd: TX message on fd=27, to qmux_client_id=0xa, len=54

D/QC-QMI  (  451): Thread state: conn_id=18, state=RX_THREAD_WAKELOCK_RELEASE

D/QC-QMI  (  451): Thread state: conn_id=18, state=RX_THREAD_WAIT_POLL

D/QC-QMI  (  771): qmi_client [771] a: Received 54 bytes on fd = 301

D/DefCapUpdaterReceiver(28295): onReceive Intent { act=android.intent.action.ACTION_POWER_DISCONNECTED flg=0x4000010 cmp=com.sonyericsson.capabilities/.DefCapUpdaterReceiver }

D/DefCapUpdaterReceiver(28295): Current User ID:0,Receiver Process ID:0

D/QC-QMI  (  451): Thread state: conn_id=18, state=RX_THREAD_WAKELOCK_ACQUIRE

D/QC-QMI  (  451): Thread state: conn_id=18, state=RX_THREAD_WAIT_READ

D/QC-QMI  (  451): Thread state: conn_id=18, state=RX_THREAD_CLIENT_TX

D/QC-QMI  (  451): qmi_qmux: TX/RX - RX 20 bytes on conn_id=18

D/QC-QMI  (  451): qmuxd: TX message on fd=27, to qmux_client_id=0xa, len=54

D/QC-QMI  (  451): Thread state: conn_id=18, state=RX_THREAD_WAKELOCK_RELEASE

D/QC-QMI  (  451): Thread state: conn_id=18, state=RX_THREAD_WAIT_POLL

D/QC-QMI  (  771): qmi_client [771] a: Received 54 bytes on fd = 301

D/TransmitPowerReceiver( 1736): Old PowerLevel: 4, current PowerLevel: 4

I/MTP-usbux.SdCard( 1608): VolumePaths : 

I/MTP-usbux.SdCard( 1608):          /storage/emulated/0

I/MTP-usbux.SdCard( 1608):          /storage/sdcard1

D/DefCapUpdaterReceiver(28295): onReceive Intent { act=android.hardware.usb.action.USB_STATE flg=0x30000010 cmp=com.sonyericsson.capabilities/.DefCapUpdaterReceiver (has extras) }

D/TransmitPowerReceiver( 1736): Old PowerLevel: 4, current PowerLevel: 4

D/DefCapUpdaterReceiver(28295): Current User ID:0,Receiver Process ID:0

D/TransmitPowerReceiver( 1736): Old PowerLevel: 4, current PowerLevel: 4

I/SuperStamina-IddHandler(  771): softDis: thr=true chr=true wifi=false

D/QC-QMI  ( 1023): Setting the api flag to : 0

D/QC-QMI  ( 1023): qmi_client [1023] 4: sending 54 bytes on fd = 12

D/QC-QMI  (  451): Thread state: conn_id=48, state=MAIN_THREAD_CLIENT_RECV

D/QC-QMI  (  451): qmuxd: RX 54 bytes on fd=21 from qmux_client_id=0x4

D/QC-QMI  (  451): Thread state: conn_id=48, state=MAIN_THREAD_MODEM_TX

D/QC-QMI  (  451): qmi_qmux: TX/RX - TX 20 bytes on conn_id=18

D/QC-QMI  (  451): Thread state: conn_id=48, state=MAIN_THREAD_PROCESS_NEW_CLIENT

D/QC-QMI  (  451): Thread state: conn_id=48, state=MAIN_THREAD_WAIT_SELECT

I/MTP-usbux.Class( 1608): unregisterUserChangeReceiver()

D/DefCapUpdaterService(28295): onCreate

D/QC-QMI  (  451): Thread state: conn_id=18, state=RX_THREAD_WAKELOCK_ACQUIRE

D/QC-QMI  (  451): Thread state: conn_id=18, state=RX_THREAD_WAIT_READ

D/QC-QMI  (  451): Thread state: conn_id=18, state=RX_THREAD_CLIENT_TX

D/QC-QMI  (  451): qmi_qmux: TX/RX - RX 38 bytes on conn_id=18

D/QC-QMI  (  451): qmuxd: TX message on fd=21, to qmux_client_id=0x4, len=72

D/QC-QMI  (  451): Thread state: conn_id=18, state=RX_THREAD_WAKELOCK_RELEASE

D/QC-QMI  (  451): Thread state: conn_id=18, state=RX_THREAD_WAIT_POLL

D/QC-QMI  ( 1023): qmi_client [1023] 4: Received 72 bytes on fd = 12

D/QC-QMI  ( 1023):  API Flag .............. 0 

D/QC-QMI  ( 1023):  Message ID ............... 21862 

D/QC-QMI  ( 1023):  Striping off the standard result code 

E/fast-dormancy( 1023): [FDM]:  rrc_state=0

E/MtpServerJNI(  919): server is null in abort

D/DefCapUpdaterService(28295): onStartCommand

D/DefCapUpdaterService(28295): onStartCommand

D/DefCapUpdaterService(28295): onServiceConnected() notify onCreate function return

I/MTP-usbux.Class( 1608): Current User ID:0,Receiver Process ID:0

D/DefCapUpdaterService(28295): MediaScannerConnectionClient onMediaScannerConnected

D/DefCapUpdaterService(28295): handleMessage

D/DefCapUpdaterService(28295): getInfo()

I/MTP-usbux.Class( 1608): Current User ID:0,Receiver Process ID:0

W/ContextImpl( 1608): Calling a method in the system process without a qualified user: android.app.ContextImpl.startService:1713 android.content.ContextWrapper.startService:516 android.content.ContextWrapper.startService:516 com.sonyericsson.usbux.service.UsbServiceReceiver.onReceive:73 android.app.ActivityThread.handleReceiver:2673 

D/DefCapUpdaterReceiver(28295): onReceive Intent { act=android.hardware.usb.action.USB_STATE flg=0x30000010 cmp=com.sonyericsson.capabilities/.DefCapUpdaterReceiver (has extras) }

D/DefCapUpdaterReceiver(28295): Current User ID:0,Receiver Process ID:0

I/MTP-usbux.Class( 1608): registerUserChangeReceiver()

I/MTP-usbux.Class( 1608): Action = android.hardware.usb.action.USB_STATE

E/DefCapUpdaterService(28295): Could not get HW config revision

D/DefCapUpdaterService(28295): writeXMLFiles()

D/DefCapUpdaterService(28295): handleMessage

D/DefCapUpdaterService(28295): Write/Copy XML files in a new thread

D/DefCapUpdaterService(28295): getInfo()

D/DefCapUpdaterService(28295): dat= /storage/emulated/0

D/DefCapUpdaterService(28295): writeDefaultXMLFile()

I/MTP-usbux.Class( 1608): Current User ID:0,Receiver Process ID:0

W/ContextImpl( 1608): Calling a method in the system process without a qualified user: android.app.ContextImpl.startService:1713 android.content.ContextWrapper.startService:516 android.content.ContextWrapper.startService:516 com.sonyericsson.usbux.service.UsbServiceReceiver.onReceive:73 android.app.ActivityThread.handleReceiver:2673 

I/MTP-usbux.Class( 1608): Action = android.hardware.usb.action.USB_STATE

E/DefCapUpdaterService(28295): Could not get HW config revision

D/DefCapUpdaterService(28295): writeXMLFiles()

I/art     (  771): Explicit concurrent mark sweep GC freed 77102(4MB) AllocSpace objects, 8(3MB) LOS objects, 29% free, 39MB/55MB, paused 2.471ms total 311.920ms

D/QC-QMI  ( 1023): Setting the api flag to : 0

D/QC-QMI  ( 1023): qmi_client [1023] 4: sending 54 bytes on fd = 12

D/QC-QMI  (  451): Thread state: conn_id=48, state=MAIN_THREAD_CLIENT_RECV

D/QC-QMI  (  451): qmuxd: RX 54 bytes on fd=21 from qmux_client_id=0x4

D/QC-QMI  (  451): Thread state: conn_id=48, state=MAIN_THREAD_MODEM_TX

D/QC-QMI  (  451): qmi_qmux: TX/RX - TX 20 bytes on conn_id=18

D/QC-QMI  (  451): Thread state: conn_id=48, state=MAIN_THREAD_PROCESS_NEW_CLIENT

D/QC-QMI  (  451): Thread state: conn_id=48, state=MAIN_THREAD_WAIT_SELECT

D/QC-QMI  (  451): Thread state: conn_id=18, state=RX_THREAD_WAKELOCK_ACQUIRE

D/QC-QMI  (  451): Thread state: conn_id=18, state=RX_THREAD_WAIT_READ

D/QC-QMI  (  451): Thread state: conn_id=18, state=RX_THREAD_CLIENT_TX

D/QC-QMI  (  451): qmi_qmux: TX/RX - RX 38 bytes on conn_id=18

D/QC-QMI  (  451): qmuxd: TX message on fd=21, to qmux_client_id=0x4, len=72

D/QC-QMI  (  451): Thread state: conn_id=18, state=RX_THREAD_WAKELOCK_RELEASE

D/QC-QMI  (  451): Thread state: conn_id=18, state=RX_THREAD_WAIT_POLL

D/QC-QMI  ( 1023): qmi_client [1023] 4: Received 72 bytes on fd = 12

D/QC-QMI  ( 1023):  API Flag .............. 0 

D/QC-QMI  ( 1023):  Message ID ............... 21862 

D/QC-QMI  ( 1023):  Striping off the standard result code 

E/fast-dormancy( 1023): [FDM]:  rrc_state=0

D/QC-QMI  ( 1023): Setting the api flag to : 0

D/QC-QMI  ( 1023): qmi_client [1023] 4: sending 54 bytes on fd = 12

D/QC-QMI  (  451): Thread state: conn_id=48, state=MAIN_THREAD_CLIENT_RECV

D/QC-QMI  (  451): qmuxd: RX 54 bytes on fd=21 from qmux_client_id=0x4

D/QC-QMI  (  451): Thread state: conn_id=48, state=MAIN_THREAD_MODEM_TX

D/QC-QMI  (  451): qmi_qmux: TX/RX - TX 20 bytes on conn_id=18

D/QC-QMI  (  451): Thread state: conn_id=48, state=MAIN_THREAD_PROCESS_NEW_CLIENT

D/QC-QMI  (  451): Thread state: conn_id=48, state=MAIN_THREAD_WAIT_SELECT

D/QC-QMI  (  451): Thread state: conn_id=18, state=RX_THREAD_WAKELOCK_ACQUIRE

D/QC-QMI  (  451): Thread state: conn_id=18, state=RX_THREAD_WAIT_READ

D/QC-QMI  (  451): Thread state: conn_id=18, state=RX_THREAD_CLIENT_TX

D/QC-QMI  (  451): qmi_qmux: TX/RX - RX 38 bytes on conn_id=18

D/QC-QMI  (  451): qmuxd: TX message on fd=21, to qmux_client_id=0x4, len=72

D/QC-QMI  (  451): Thread state: conn_id=18, state=RX_THREAD_WAKELOCK_RELEASE

D/QC-QMI  (  451): Thread state: conn_id=18, state=RX_THREAD_WAIT_POLL

D/QC-QMI  ( 1023): qmi_client [1023] 4: Received 72 bytes on fd = 12

D/QC-QMI  ( 1023):  API Flag .............. 0 

D/QC-QMI  ( 1023):  Message ID ............... 21862 

D/QC-QMI  ( 1023):  Striping off the standard result code 

E/fast-dormancy( 1023): [FDM]:  rrc_state=0

D/MediaProvider(  919): object removed 85102

D/QC-QMI  ( 1023): Setting the api flag to : 0

D/QC-QMI  ( 1023): qmi_client [1023] 4: sending 54 bytes on fd = 12

D/QC-QMI  (  451): Thread state: conn_id=48, state=MAIN_THREAD_CLIENT_RECV

D/QC-QMI  (  451): qmuxd: RX 54 bytes on fd=21 from qmux_client_id=0x4

D/QC-QMI  (  451): Thread state: conn_id=48, state=MAIN_THREAD_MODEM_TX

D/QC-QMI  (  451): qmi_qmux: TX/RX - TX 20 bytes on conn_id=18

D/QC-QMI  (  451): Thread state: conn_id=48, state=MAIN_THREAD_PROCESS_NEW_CLIENT

D/QC-QMI  (  451): Thread state: conn_id=48, state=MAIN_THREAD_WAIT_SELECT

D/QC-QMI  (  451): Thread state: conn_id=18, state=RX_THREAD_WAKELOCK_ACQUIRE

D/QC-QMI  (  451): Thread state: conn_id=18, state=RX_THREAD_WAIT_READ

D/QC-QMI  (  451): Thread state: conn_id=18, state=RX_THREAD_CLIENT_TX

D/QC-QMI  (  451): qmi_qmux: TX/RX - RX 38 bytes on conn_id=18

D/QC-QMI  (  451): qmuxd: TX message on fd=21, to qmux_client_id=0x4, len=72

D/QC-QMI  (  451): Thread state: conn_id=18, state=RX_THREAD_WAKELOCK_RELEASE

D/QC-QMI  (  451): Thread state: conn_id=18, state=RX_THREAD_WAIT_POLL

D/QC-QMI  ( 1023): qmi_client [1023] 4: Received 72 bytes on fd = 12

D/QC-QMI  ( 1023):  API Flag .............. 0 

D/QC-QMI  ( 1023):  Message ID ............... 21862 

D/QC-QMI  ( 1023):  Striping off the standard result code 

E/fast-dormancy( 1023): [FDM]:  rrc_state=0

D/QC-QMI  ( 1023): Setting the api flag to : 0

D/QC-QMI  ( 1023): qmi_client [1023] 4: sending 54 bytes on fd = 12

D/QC-QMI  (  451): Thread state: conn_id=48, state=MAIN_THREAD_CLIENT_RECV

D/QC-QMI  (  451): qmuxd: RX 54 bytes on fd=21 from qmux_client_id=0x4

D/QC-QMI  (  451): Thread state: conn_id=48, state=MAIN_THREAD_MODEM_TX

D/QC-QMI  (  451): qmi_qmux: TX/RX - TX 20 bytes on conn_id=18

D/QC-QMI  (  451): Thread state: conn_id=48, state=MAIN_THREAD_PROCESS_NEW_CLIENT

D/QC-QMI  (  451): Thread state: conn_id=48, state=MAIN_THREAD_WAIT_SELECT

D/QC-QMI  (  451): Thread state: conn_id=18, state=RX_THREAD_WAKELOCK_ACQUIRE

D/QC-QMI  (  451): Thread state: conn_id=18, state=RX_THREAD_WAIT_READ

D/QC-QMI  (  451): Thread state: conn_id=18, state=RX_THREAD_CLIENT_TX

D/QC-QMI  (  451): qmi_qmux: TX/RX - RX 38 bytes on conn_id=18

